16:45:52.599 GUI thread unresponsive for 462 ms, "stalled somewhere unmarked": "no marked scope"
16:45:52.644   GUI thread backtrace, innermost first (13 frames):
16:45:52.644     #0  "ntdll.dll!NtCreateUserProcess+0x14"
16:45:52.644     #1  "KERNELBASE.dll+0x80305 (nearest export: CreateProcessInternalW+0x2c25)"
16:45:52.644 CrashReporterHost: watching pid 16648 from pid 25180 | reports -> C:/Users/USER/AppData/Local/Antigravity/Cut Pro/crash-reports
16:45:52.644     #2  "KERNELBASE.dll!CreateProcessW+0x66"
16:45:52.644     #3  "KERNEL32.DLL!CreateProcessW+0x54"
16:45:52.644     #4  "Qt6Core.dll!QProcess::qt_metacall(QMetaObject::Call, int, void**)+0xdab"
16:45:52.644     #5  "Qt6Core.dll+0x2d7ac9 (nearest export: QProcessEnvironment::systemEnvironment()+0x1589)"
16:45:52.644     #6  "Qt6Core.dll!QProcess::startDetached(QString const&, QList<QString> const&, QString const&, long long*)+0x124"
16:45:52.644     #7  "cutpro_diagnostics.dll!CrashReporterHost::start()+0x707"
16:45:52.644     #8  "cutpro.exe+0x2758"
16:45:52.644     #9  "cutpro.exe+0x12ef"
16:45:52.644     #10  "cutpro.exe+0x1406"
16:45:52.644     #11  "KERNEL32.DLL!BaseThreadInitThunk+0x17"
16:45:52.644     #12  "ntdll.dll!RtlUserThreadStart+0x2c"
16:45:52.655 Cut Pro: native C++/Qt backend, coreVersion = 0.1.2 | built = Aug 30 2026 16:37:22 | executable = C:/premier-pro/python-app/dist/Cut Pro 2026/cutpro.exe
16:45:53.076 GUI thread unresponsive for 939 ms, "churning through": "QQmlApplicationEngine::load(qrc:/qml/main.qml)"
16:45:53.076   the innermost frame has only been open 416 ms of the 939 ms stall, so the thread is entering and leaving frames rather than stuck in one: the fix is to do it fewer times, not to move it off the thread.
16:45:53.081   GUI thread backtrace, innermost first (14 frames):
16:45:53.081     #0  "ntdll.dll!NtWaitForSingleObject+0x14"
16:45:53.081     #1  "KERNELBASE.dll!WaitForSingleObjectEx+0xaf"
16:45:53.081     #2  "Qt6Core.dll!QWaitCondition::wait(QMutex*, QDeadlineTimer)+0x9a"
16:45:53.083     #3  "Qt6Qml.dll+0x2afd89 (nearest export: QQmlJS::Parser::parse(int)+0x137a9)"
16:45:53.083     #4  "Qt6Qml.dll!QQmlTypeLoader::loadThread(QQmlRefPointer<QQmlDataBlob> const&)+0x6d6"
16:45:53.083     #5  "Qt6Qml.dll!QQmlTypeLoader::getType(QUrl const&, QQmlTypeLoader::Mode)+0x22b"
16:45:53.083     #6  "Qt6Qml.dll!QQmlComponentPrivate::loadUrl(QUrl const&, QQmlComponent::CompilationMode)+0x1a4"
16:45:53.083     #7  "Qt6Qml.dll!QQmlApplicationEnginePrivate::startLoad(QUrl const&, QByteArray const&, bool)+0x93"
16:45:53.083     #8  "Qt6Qml.dll!QQmlApplicationEngine::load(QUrl const&)+0x3d"
16:45:53.083     #9  "cutpro.exe+0x2d3d"
16:45:53.083     #10  "cutpro.exe+0x12ef"
16:45:53.083     #11  "cutpro.exe+0x1406"
16:45:53.083     #12  "KERNEL32.DLL!BaseThreadInitThunk+0x17"
16:45:53.083     #13  "ntdll.dll!RtlUserThreadStart+0x2c"
16:45:54.038 GUI thread unresponsive for 1900 ms, "churning through": "QQmlApplicationEngine::load(qrc:/qml/main.qml)"
16:45:54.038   the innermost frame has only been open 1377 ms of the 1900 ms stall, so the thread is entering and leaving frames rather than stuck in one: the fix is to do it fewer times, not to move it off the thread.
16:45:54.038   GUI thread backtrace, innermost first (14 frames):
16:45:54.038     #0  "ntdll.dll!NtWaitForSingleObject+0x14"
16:45:54.038     #1  "KERNELBASE.dll!WaitForSingleObjectEx+0xaf"
16:45:54.038     #2  "Qt6Core.dll!QWaitCondition::wait(QMutex*, QDeadlineTimer)+0x9a"
16:45:54.038     #3  "Qt6Qml.dll+0x2afd89 (nearest export: QQmlJS::Parser::parse(int)+0x137a9)"
16:45:54.038     #4  "Qt6Qml.dll!QQmlTypeLoader::loadThread(QQmlRefPointer<QQmlDataBlob> const&)+0x6d6"
16:45:54.038     #5  "Qt6Qml.dll!QQmlTypeLoader::getType(QUrl const&, QQmlTypeLoader::Mode)+0x22b"
16:45:54.038     #6  "Qt6Qml.dll!QQmlComponentPrivate::loadUrl(QUrl const&, QQmlComponent::CompilationMode)+0x1a4"
16:45:54.038     #7  "Qt6Qml.dll!QQmlApplicationEnginePrivate::startLoad(QUrl const&, QByteArray const&, bool)+0x93"
16:45:54.038     #8  "Qt6Qml.dll!QQmlApplicationEngine::load(QUrl const&)+0x3d"
16:45:54.038     #9  "cutpro.exe+0x2d3d"
16:45:54.038     #10  "cutpro.exe+0x12ef"
16:45:54.038     #11  "cutpro.exe+0x1406"
16:45:54.038     #12  "KERNEL32.DLL!BaseThreadInitThunk+0x17"
16:45:54.038     #13  "ntdll.dll!RtlUserThreadStart+0x2c"
16:45:54.168 GUI thread STILL blocked after 2030 ms, "churning through": "QQmlApplicationEngine::load(qrc:/qml/main.qml)" - during launch, before any window exists: this delays startup but cannot show as "Not Responding".
16:45:54.168   the innermost frame has only been open 1507 ms of the 2030 ms stall, so the thread is entering and leaving frames rather than stuck in one: the fix is to do it fewer times, not to move it off the thread.
16:45:54.200   GUI thread backtrace, innermost first (48 frames):
16:45:54.200     #0  "ntdll.dll!ZwCreateFile+0x14"
16:45:54.200     #1  "KERNELBASE.dll!GetDriveTypeW+0xe57"
16:45:54.200     #2  "KERNELBASE.dll!CreateFileW+0x97"
16:45:54.200     #3  "DWrite.dll+0x1bcc3"
16:45:54.200     #4  "DWrite.dll+0x1bbea"
16:45:54.200     #5  "DWrite.dll+0x1a959"
16:45:54.200     #6  "DWrite.dll+0x1a7cf"
16:45:54.200     #7  "DWrite.dll+0x4b5de"
16:45:54.200     #8  "DWrite.dll+0x6e100"
16:45:54.200     #9  "DWrite.dll+0x6e04d"
16:45:54.200     #10  "DWrite.dll+0xac1e3"
16:45:54.200     #11  "DWrite.dll+0x43654"
16:45:54.200     #12  "DWrite.dll+0x434e3"
16:45:54.200     #13  "DWrite.dll+0x426da"
16:45:54.200     #14  "DWrite.dll+0xd8832"
16:45:54.200     #15  "Qt6Gui.dll!QWindowsDirectWriteFontDatabase::populateFontDatabase()+0x523"
16:45:54.200     #16  "Qt6Gui.dll!QFontDatabasePrivate::ensureFontDatabase()+0xa7"
16:45:54.200     #17  "Qt6Gui.dll!QFontDatabasePrivate::findFont(QFontDef const&, int, bool)+0x6e"
16:45:54.202     #18  "Qt6Gui.dll!QFontDatabasePrivate::load(QFontPrivate const*, int)+0x7fd"
16:45:54.202     #19  "Qt6Gui.dll!QFontPrivate::engineForScript(int) const+0xc3"
16:45:54.202     #20  "Qt6Gui.dll!QFontMetricsF::height() const+0x17"
16:45:54.202     #21  "Qt6Quick.dll!QQuickTextPrivate::lineHeightOffset() const+0x3d"
16:45:54.202     #22  "Qt6Quick.dll!QQuickTextPrivate::updateSize()+0xc9"
16:45:54.202     #23  "Qt6Quick.dll!QQuickTextPrivate::updateLayout()+0x1f0"
16:45:54.202     #24  "Qt6Qml.dll!QQmlObjectCreator::finalize(QQmlInstantiationInterrupt&)+0x6da"
16:45:54.202     #25  "Qt6Qml.dll!QQmlComponentPrivate::complete(QQmlEnginePrivate*, QQmlComponentPrivate::ConstructionState*)+0x74"
16:45:54.202     #26  "Qt6Qml.dll!QQmlComponentPrivate::completeDeferred(QQmlEnginePrivate*, std::vector<QQmlComponentPrivate::ConstructionState, std::allocator<QQmlComponentPrivate::ConstructionState> >*)+0x2f"
16:45:54.202     #27  "Qt6QuickTemplates2.dll!QtQuickPrivate::completeDeferred(QObject*, QString const&, QQuickUntypedDeferredPointer*, QQmlEngine*)+0xc9"
16:45:54.202     #28  "Qt6QuickTemplates2.dll!QQuickPopupItemPrivate::executeContentItem(bool)+0x12f"
16:45:54.202     #29  "Qt6QuickTemplates2.dll!QQuickControl::componentComplete()+0x46"
16:45:54.202     #30  "Qt6QuickTemplates2.dll!QQuickPane::componentComplete()+0x12"
16:45:54.202     #31  "Qt6QuickTemplates2.dll!QQuickPage::componentComplete()+0x12"
16:45:54.202     #32  "Qt6QuickTemplates2.dll!QQuickPopup::componentComplete()+0xca"
16:45:54.202     #33  "Qt6Qml.dll!QQmlObjectCreator::finalize(QQmlInstantiationInterrupt&)+0x6da"
16:45:54.202     #34  "Qt6Qml.dll!QQmlComponentPrivate::complete(QQmlEnginePrivate*, QQmlComponentPrivate::ConstructionState*)+0x74"
16:45:54.202     #35  "Qt6Qml.dll!QQmlComponentPrivate::completeCreate()+0x2ae"
16:45:54.202     #36  "Qt6Qml.dll!QQmlComponentPrivate::createWithProperties(QObject*, QMap<QString, QVariant> const&, QQmlContext*, QQmlComponentPrivate::CreateBehavior, bool)+0xc4"
16:45:54.202     #37  "Qt6Qml.dll!QQmlComponent::create(QQmlContext*)+0x46"
16:45:54.202     #38  "Qt6QuickTemplates2.dll!QQuickToolTip::accessibilityActiveChanged(bool)+0x1cf"
16:45:54.202     #39  "Qt6QuickTemplates2.dll+0x1070a7 (nearest export: QQuickComboBox::qt_metacall(QMetaObject::Call, int, void**)+0x248a7)"
16:45:54.202     #40  "Qt6QuickTemplates2.dll+0x10eb9a (nearest export: QQuickComboBox::qt_metacall(QMetaObject::Call, int, void**)+0x2c39a)"
16:45:54.202     #41  "Qt6Core.dll+0x3fd299 (nearest export: z_adler32_combine64+0x6b4b9)"
16:45:54.202     #42  "Qt6Quick.dll!QQuickColorGroup::qt_static_metacall(QObject*, QMetaObject::Call, int, void**)+0xcca"
16:45:54.202     #43  "Qt6Qml.dll!QQmlNotifier::notify(QQmlData*, int)+0x7db"
16:45:54.202     #44  "Qt6Qml.dll+0x20fe13 (nearest export: QQmlObjectCreator::setPropertyValue(QQmlPropertyData const*, QV4::CompiledData::Binding const*)+0x13d3)"
16:45:54.202     #45  "Qt6Qml.dll!QQmlObjectCreator::setPropertyBinding(QQmlPropertyData const*, QV4::CompiledData::Binding const*)+0x107"
16:45:54.202     #46  "Qt6Qml.dll!QQmlObjectCreator::setupBindings(QFlags<QQmlObjectCreator::BindingMode>)+0x53e"
16:45:54.202     #47  "Qt6Qml.dll!QQmlObjectCreator::populateInstance(int, QObject*, QObject*, QQmlPropertyData const*, QV4::CompiledData::Binding const*)+0x230"
16:45:54.832 Using Qt multimedia with FFmpeg version 7.1.3 LGPL version 2.1 or later
16:46:35.506 GUI thread unresponsive for 457 ms, "stalled somewhere unmarked": "no marked scope"
16:46:35.522   GUI thread backtrace, innermost first (28 frames):
16:46:35.522     #0  "ntdll.dll!NtWaitForSingleObject+0x14"
16:46:35.522     #1  "KERNELBASE.dll!WaitForSingleObjectEx+0xaf"
16:46:35.522     #2  "Qt6Core.dll!QWaitCondition::wait(QMutex*, QDeadlineTimer)+0x9a"
16:46:35.522     #3  "Qt6Quick.dll+0x2682a5 (nearest export: QQuickOpenGLUtils::resetOpenGLState()+0x92a5)"
16:46:35.522     #4  "Qt6Quick.dll+0x269d9f (nearest export: QQuickOpenGLUtils::resetOpenGLState()+0xad9f)"
16:46:35.522     #5  "Qt6Gui.dll!QWindow::event(QEvent*)+0x138"
16:46:35.522     #6  "Qt6Core.dll!QCoreApplication::notifyInternal2(QObject*, QEvent*)+0x19a"
16:46:35.522     #7  "Qt6Gui.dll!QGuiApplicationPrivate::processExposeEvent(QWindowSystemInterfacePrivate::ExposeEvent*)+0x1b1"
16:46:35.522     #8  "Qt6Gui.dll!QWindowSystemInterface::sendWindowSystemEvents(QFlags<QEventLoop::ProcessEventsFlag>)+0x30c"
16:46:35.522     #9  "Qt6Gui.dll!QWindowSystemInterface::flushWindowSystemEvents(QFlags<QEventLoop::ProcessEventsFlag>)+0x15f"
16:46:35.522     #10  "qwindows.dll+0x5bbeb (nearest export: qt_plugin_instance+0x59f4b)"
16:46:35.522     #11  "qwindows.dll+0xb8220 (nearest export: qt_plugin_instance+0xb6580)"
16:46:35.522     #12  "qwindows.dll+0x752c (nearest export: qt_plugin_instance+0x588c)"
16:46:35.522     #13  "USER32.dll!CallWindowProcW+0x6a6"
16:46:35.522     #14  "USER32.dll+0x14b4c (nearest export: GetFocus+0x1e3c)"
16:46:35.522     #15  "USER32.dll!GetWindowDpiAwarenessContext+0x4d3"
16:46:35.524     #16  "ntdll.dll!KiUserCallbackDispatcher+0x24"
16:46:35.524     #17  "win32u.dll!NtUserDispatchMessage+0x14"
16:46:35.524     #18  "USER32.dll!IsWindowUnicode+0x378"
16:46:35.524     #19  "Qt6Core.dll!QEventDispatcherWin32::processEvents(QFlags<QEventLoop::ProcessEventsFlag>)+0x692"
16:46:35.524     #20  "Qt6Gui.dll!QWindowsGuiEventDispatcher::processEvents(QFlags<QEventLoop::ProcessEventsFlag>)+0x19"
16:46:35.524     #21  "Qt6Core.dll!QEventLoop::exec(QFlags<QEventLoop::ProcessEventsFlag>)+0x232"
16:46:35.524     #22  "Qt6Core.dll!QCoreApplication::exec()+0x96"
16:46:35.524     #23  "cutpro.exe+0x2df1"
16:46:35.524     #24  "cutpro.exe+0x12ef"
16:46:35.524     #25  "cutpro.exe+0x1406"
16:46:35.524     #26  "KERNEL32.DLL!BaseThreadInitThunk+0x17"
16:46:35.524     #27  "ntdll.dll!RtlUserThreadStart+0x2c"
16:47:04.220 [mov,mp4,m4a,3gp,3g2,mj2 @ 000001df8d6fe800] st: 1 edit list: 1 Missing key frame while searching for timestamp: 0
16:47:04.220 [mov,mp4,m4a,3gp,3g2,mj2 @ 000001df8d6fe800] st: 1 edit list 1 Cannot find an index entry before timestamp: 0.
16:47:07.136 monitor: source key  -> clip_37a74ef35dd0|C:/Users/USER/Downloads/Video/The Weakest Boy Enters Demon Slayer Academy With a God’s Power - manhwa recap.mp4|video|0|0|4652814|
16:47:07.136 playback: session.stop decoder idle, picture at -1 ms from MonitorPanel.qml:1034 (onActiveSourceKeyChanged) <- TimelinePanel.qml:819 (moveSelectedClip) <- TimelinePanel.qml:2333 (onReleased)
16:47:07.196 [mov,mp4,m4a,3gp,3g2,mj2 @ 000001df8d6fe2c0] st: 1 edit list: 1 Missing key frame while searching for timestamp: 0
16:47:07.196 [mov,mp4,m4a,3gp,3g2,mj2 @ 000001df8d6fe2c0] st: 1 edit list 1 Cannot find an index entry before timestamp: 0.
16:47:07.331 [mov,mp4,m4a,3gp,3g2,mj2 @ 000001df8d6fe800] st: 1 edit list: 1 Missing key frame while searching for timestamp: 0
16:47:07.331 [mov,mp4,m4a,3gp,3g2,mj2 @ 000001df8d6fe800] st: 1 edit list 1 Cannot find an index entry before timestamp: 0.
16:47:08.187 playback: playing false -> true at playhead 0 ms [+1050 ms] from MonitorPanel.qml:536 (startPlayback) <- MonitorPanel.qml:1870 (onClicked)
16:47:08.187 monitor: playing -> true at 0
16:47:08.187 monitor: playback session at playhead 0 clip clip_37a74ef35dd0
16:47:08.187 playback: session.start The Weakest Boy Enters Demon Slayer Academy With a God’s Power - manhwa recap.mp4 at source 0 ms, kind video [+0 ms] from MonitorPanel.qml:645 (startProcessPlayback) <- MonitorPanel.qml:968 (onPlayingChanged) <- MonitorPanel.qml:536 (startPlayback) <- MonitorPanel.qml:1870 (onClicked)
16:47:08.225 [mov,mp4,m4a,3gp,3g2,mj2 @ 000001df8d6fe000] st: 1 edit list: 1 Missing key frame while searching for timestamp: 0
16:47:08.225 [mov,mp4,m4a,3gp,3g2,mj2 @ 000001df8d6fe000] st: 1 edit list 1 Cannot find an index entry before timestamp: 0.
16:47:08.580 preview playback: first frame after 382 ms, at source 0 ms (requested 0 ms)
16:47:08.580 playback: frame at source 0 ms, advanced 0 ms of media in -1 ms of wall clock
16:47:08.624 playback: playhead.jump 0 -> 125 ms (+125) [+427 ms] from MonitorPanel.qml:938 (onTriggered)
16:47:08.628 playback: playhead is 0 ms AHEAD of the picture (playhead 125 ms, picture 125 ms)
16:47:08.672 playback: playhead.jump 125 -> 250 ms (+125) [+48 ms] from MonitorPanel.qml:938 (onTriggered)
16:47:09.674 playback: playhead is 0 ms AHEAD of the picture (playhead 1250 ms, picture 1250 ms)
16:47:09.956 playback: playing true -> false at playhead 1501 ms [+1284 ms] from MonitorPanel.qml:1868 (onClicked)
16:47:09.957 monitor: playing -> false at 1501
16:47:09.957 playback: session.stop decoder running, picture at 1541 ms [+0 ms] from MonitorPanel.qml:1003 (onPlayingChanged) <- MonitorPanel.qml:1868 (onClicked)
16:47:10.876 playback: playing false -> true at playhead 1501 ms [+921 ms] from MonitorPanel.qml:536 (startPlayback) <- MonitorPanel.qml:1870 (onClicked)
16:47:10.876 monitor: playing -> true at 1501
16:47:10.876 monitor: playback session at playhead 1501 clip clip_37a74ef35dd0
16:47:10.876 playback: session.start The Weakest Boy Enters Demon Slayer Academy With a God’s Power - manhwa recap.mp4 at source 1501 ms, kind video [+0 ms] from MonitorPanel.qml:645 (startProcessPlayback) <- MonitorPanel.qml:968 (onPlayingChanged) <- MonitorPanel.qml:536 (startPlayback) <- MonitorPanel.qml:1870 (onClicked)
16:47:10.925 [mov,mp4,m4a,3gp,3g2,mj2 @ 000001df8d6fed80] st: 1 edit list: 1 Missing key frame while searching for timestamp: 0
16:47:10.925 [mov,mp4,m4a,3gp,3g2,mj2 @ 000001df8d6fed80] st: 1 edit list 1 Cannot find an index entry before timestamp: 0.
16:47:11.131 preview playback: first frame after 248 ms, at source 1500 ms (requested 1501 ms)
16:47:11.131 playback: frame at source 1500 ms, advanced -41 ms of media in 1194 ms of wall clock
16:47:11.149 playback: playhead is 0 ms AHEAD of the picture (playhead 1583 ms, picture 1583 ms)
16:47:11.298 playback: playhead is 50 ms AHEAD of the picture (playhead 1800 ms, picture 1750 ms)
16:47:11.349 playback: playhead is 0 ms AHEAD of the picture (playhead 1833 ms, picture 1833 ms)
16:47:11.399 playback: playhead is 50 ms AHEAD of the picture (playhead 1883 ms, picture 1833 ms)
16:47:11.449 playback: playhead is 0 ms AHEAD of the picture (playhead 1916 ms, picture 1916 ms)
16:47:11.547 playback: playhead is 49 ms AHEAD of the picture (playhead 2049 ms, picture 2000 ms)
16:47:11.598 playback: playhead is 0 ms AHEAD of the picture (playhead 2083 ms, picture 2083 ms)
16:47:11.722 playback: playhead is 50 ms AHEAD of the picture (playhead 2216 ms, picture 2166 ms)
16:47:11.774 playback: playhead is 1 ms AHEAD of the picture (playhead 2251 ms, picture 2250 ms)
16:47:11.873 playback: playhead is 47 ms AHEAD of the picture (playhead 2380 ms, picture 2333 ms)
16:47:11.924 playback: playhead is 0 ms AHEAD of the picture (playhead 2416 ms, picture 2416 ms)
16:47:11.973 playback: playhead is 49 ms AHEAD of the picture (playhead 2465 ms, picture 2416 ms)
16:47:12.025 playback: playhead is 0 ms AHEAD of the picture (playhead 2500 ms, picture 2500 ms)
16:47:12.124 playback: playhead is 48 ms AHEAD of the picture (playhead 2631 ms, picture 2583 ms)
16:47:12.182 playback: playhead is 0 ms AHEAD of the picture (playhead 2666 ms, picture 2666 ms)
16:47:12.224 playback: playhead is 49 ms AHEAD of the picture (playhead 2715 ms, picture 2666 ms)
16:47:12.275 playback: playhead is 0 ms AHEAD of the picture (playhead 2750 ms, picture 2750 ms)
16:47:12.324 playback: playhead is 50 ms AHEAD of the picture (playhead 2800 ms, picture 2750 ms)
16:47:12.373 playback: playhead is 0 ms AHEAD of the picture (playhead 2833 ms, picture 2833 ms)
16:47:12.473 playback: playhead is 50 ms AHEAD of the picture (playhead 2966 ms, picture 2916 ms)
16:47:12.524 playback: playhead is 0 ms AHEAD of the picture (playhead 3000 ms, picture 3000 ms)
16:47:12.574 playback: playhead is 50 ms AHEAD of the picture (playhead 3050 ms, picture 3000 ms)
16:47:12.624 playback: playhead is 0 ms AHEAD of the picture (playhead 3083 ms, picture 3083 ms)
16:47:12.723 playback: playhead is 48 ms AHEAD of the picture (playhead 3214 ms, picture 3166 ms)
16:47:12.732 playback: playing true -> false at playhead 3214 ms [+1852 ms] from MonitorPanel.qml:1868 (onClicked)
16:47:12.733 monitor: playing -> false at 3214
16:47:12.785 playback: session.stop decoder idle, picture at 3166 ms [+53 ms] from MonitorPanel.qml:1003 (onPlayingChanged) <- MonitorPanel.qml:1868 (onClicked)
16:47:13.244 playback: playing false -> true at playhead 3166 ms [+458 ms] from MonitorPanel.qml:536 (startPlayback) <- MonitorPanel.qml:1870 (onClicked)
16:47:13.244 monitor: playing -> true at 3166
16:47:13.244 monitor: playback session at playhead 3166 clip clip_37a74ef35dd0
16:47:13.246 playback: session.start The Weakest Boy Enters Demon Slayer Academy With a God’s Power - manhwa recap.mp4 at source 3166 ms, kind video [+1 ms] from MonitorPanel.qml:645 (startProcessPlayback) <- MonitorPanel.qml:968 (onPlayingChanged) <- MonitorPanel.qml:536 (startPlayback) <- MonitorPanel.qml:1870 (onClicked)
16:47:13.295 [mov,mp4,m4a,3gp,3g2,mj2 @ 000001df8d6ffb00] st: 1 edit list: 1 Missing key frame while searching for timestamp: 0
16:47:13.295 [mov,mp4,m4a,3gp,3g2,mj2 @ 000001df8d6ffb00] st: 1 edit list 1 Cannot find an index entry before timestamp: 0.
16:47:13.477 preview playback: first frame after 227 ms, at source 3166 ms (requested 3166 ms)
16:47:13.477 playback: frame at source 3166 ms, advanced 0 ms of media in 822 ms of wall clock
16:47:13.499 playback: playhead is 1 ms AHEAD of the picture (playhead 3251 ms, picture 3250 ms)
16:47:13.656 playback: playhead is 57 ms AHEAD of the picture (playhead 3473 ms, picture 3416 ms)
16:47:13.708 playback: playhead is 2 ms AHEAD of the picture (playhead 3502 ms, picture 3500 ms)
16:47:13.757 playback: playhead is 52 ms AHEAD of the picture (playhead 3552 ms, picture 3500 ms)
16:47:13.807 playback: playhead is 0 ms AHEAD of the picture (playhead 3583 ms, picture 3583 ms)
16:47:13.907 playback: playhead is 50 ms AHEAD of the picture (playhead 3716 ms, picture 3666 ms)
16:47:13.958 playback: playhead is 0 ms AHEAD of the picture (playhead 3750 ms, picture 3750 ms)
16:47:14.006 playback: playhead is 50 ms AHEAD of the picture (playhead 3800 ms, picture 3750 ms)
16:47:14.057 playback: playhead is 0 ms AHEAD of the picture (playhead 3833 ms, picture 3833 ms)
16:47:14.118 playback: playing true -> false at playhead 3916 ms [+872 ms] from MonitorPanel.qml:1868 (onClicked)
16:47:14.119 monitor: playing -> false at 3916
16:47:14.119 playback: session.stop decoder running, picture at 3916 ms [+1 ms] from MonitorPanel.qml:1003 (onPlayingChanged) <- MonitorPanel.qml:1868 (onClicked)
16:47:14.698 playback: playing false -> true at playhead 3916 ms [+580 ms] from MonitorPanel.qml:536 (startPlayback) <- MonitorPanel.qml:1870 (onClicked)
16:47:14.698 monitor: playing -> true at 3916
16:47:14.698 monitor: playback session at playhead 3916 clip clip_37a74ef35dd0
16:47:14.701 playback: session.start The Weakest Boy Enters Demon Slayer Academy With a God’s Power - manhwa recap.mp4 at source 3916 ms, kind video [+0 ms] from MonitorPanel.qml:645 (startProcessPlayback) <- MonitorPanel.qml:968 (onPlayingChanged) <- MonitorPanel.qml:536 (startPlayback) <- MonitorPanel.qml:1870 (onClicked)
16:47:14.738 [mov,mp4,m4a,3gp,3g2,mj2 @ 000001df8d6ff2c0] st: 1 edit list: 1 Missing key frame while searching for timestamp: 0
16:47:14.739 [mov,mp4,m4a,3gp,3g2,mj2 @ 000001df8d6ff2c0] st: 1 edit list 1 Cannot find an index entry before timestamp: 0.
16:47:14.931 preview playback: first frame after 229 ms, at source 3916 ms (requested 3916 ms)
16:47:14.932 playback: frame at source 3916 ms, advanced 0 ms of media in 835 ms of wall clock
16:47:14.956 playback: playhead.jump 3916 -> 4083 ms (+167) [+255 ms] from MonitorPanel.qml:938 (onTriggered)
16:47:15.008 playback: playhead is 50 ms AHEAD of the picture (playhead 4133 ms, picture 4083 ms)
16:47:15.056 playback: playhead is 0 ms AHEAD of the picture (playhead 4166 ms, picture 4166 ms)
16:47:15.107 playback: playhead is 50 ms AHEAD of the picture (playhead 4216 ms, picture 4166 ms)
16:47:15.156 playback: playhead is 0 ms AHEAD of the picture (playhead 4250 ms, picture 4250 ms)
16:47:15.256 playback: playhead is 50 ms AHEAD of the picture (playhead 4383 ms, picture 4333 ms)
16:47:15.306 playback: playhead is 0 ms AHEAD of the picture (playhead 4416 ms, picture 4416 ms)
16:47:15.358 playback: playhead is 50 ms AHEAD of the picture (playhead 4466 ms, picture 4416 ms)
16:47:15.405 playback: playhead is 1 ms AHEAD of the picture (playhead 4501 ms, picture 4500 ms)
16:47:15.506 playback: playhead is 49 ms AHEAD of the picture (playhead 4632 ms, picture 4583 ms)
16:47:15.560 playback: playhead is 0 ms AHEAD of the picture (playhead 4666 ms, picture 4666 ms)
16:47:15.690 playback: playhead is 50 ms AHEAD of the picture (playhead 4800 ms, picture 4750 ms)
16:47:15.739 playback: playhead is 0 ms AHEAD of the picture (playhead 4833 ms, picture 4833 ms)
16:47:15.839 playback: playhead is 46 ms AHEAD of the picture (playhead 4962 ms, picture 4916 ms)
16:47:15.890 playback: playhead is 0 ms AHEAD of the picture (playhead 5000 ms, picture 5000 ms)
16:47:15.939 playback: playhead is 49 ms AHEAD of the picture (playhead 5049 ms, picture 5000 ms)
16:47:15.990 playback: playhead is 0 ms AHEAD of the picture (playhead 5083 ms, picture 5083 ms)
16:47:16.089 playback: playhead is 49 ms AHEAD of the picture (playhead 5215 ms, picture 5166 ms)
16:47:16.141 playback: playhead is 0 ms AHEAD of the picture (playhead 5250 ms, picture 5250 ms)
16:47:16.189 playback: playhead is 50 ms AHEAD of the picture (playhead 5300 ms, picture 5250 ms)
16:47:16.240 playback: playhead is 0 ms AHEAD of the picture (playhead 5333 ms, picture 5333 ms)
16:47:16.341 playback: playhead is 50 ms AHEAD of the picture (playhead 5466 ms, picture 5416 ms)
16:47:16.397 playback: playhead is 1 ms AHEAD of the picture (playhead 5501 ms, picture 5500 ms)
16:47:16.440 playback: playhead is 51 ms AHEAD of the picture (playhead 5551 ms, picture 5500 ms)
16:47:16.488 playback: playhead is 0 ms AHEAD of the picture (playhead 5583 ms, picture 5583 ms)
16:47:16.591 playback: playhead is 48 ms AHEAD of the picture (playhead 5714 ms, picture 5666 ms)
16:47:16.643 playback: playhead is 0 ms AHEAD of the picture (playhead 5750 ms, picture 5750 ms)
16:47:16.693 playback: playhead is 51 ms AHEAD of the picture (playhead 5801 ms, picture 5750 ms)
16:47:16.740 playback: playhead is 0 ms AHEAD of the picture (playhead 5833 ms, picture 5833 ms)
16:47:16.839 playback: playhead is 45 ms AHEAD of the picture (playhead 5961 ms, picture 5916 ms)
16:47:16.890 playback: playhead is 0 ms AHEAD of the picture (playhead 6000 ms, picture 6000 ms)
16:47:16.939 playback: playhead is 50 ms AHEAD of the picture (playhead 6050 ms, picture 6000 ms)
16:47:16.989 playback: playhead is 0 ms AHEAD of the picture (playhead 6083 ms, picture 6083 ms)
16:47:17.089 playback: playhead is 49 ms AHEAD of the picture (playhead 6215 ms, picture 6166 ms)
16:47:17.140 playback: playhead is 0 ms AHEAD of the picture (playhead 6250 ms, picture 6250 ms)
16:47:17.189 playback: playhead is 49 ms AHEAD of the picture (playhead 6299 ms, picture 6250 ms)
16:47:17.246 playback: playhead is 0 ms AHEAD of the picture (playhead 6333 ms, picture 6333 ms)
16:47:17.351 playback: playhead is 50 ms AHEAD of the picture (playhead 6466 ms, picture 6416 ms)
16:47:17.400 playback: playhead is 0 ms AHEAD of the picture (playhead 6500 ms, picture 6500 ms)
16:47:17.497 playback: playhead is 47 ms AHEAD of the picture (playhead 6630 ms, picture 6583 ms)
16:47:17.548 playback: playhead is 0 ms AHEAD of the picture (playhead 6666 ms, picture 6666 ms)
16:47:17.597 playback: playhead is 49 ms AHEAD of the picture (playhead 6715 ms, picture 6666 ms)
16:47:17.673 playback: playhead is 0 ms AHEAD of the picture (playhead 6750 ms, picture 6750 ms)
16:47:17.773 playback: playhead is 50 ms AHEAD of the picture (playhead 6883 ms, picture 6833 ms)
16:47:17.823 playback: playhead is 0 ms AHEAD of the picture (playhead 6916 ms, picture 6916 ms)
16:47:17.922 playback: playhead is 50 ms AHEAD of the picture (playhead 7050 ms, picture 7000 ms)
16:47:17.972 playback: playhead is 0 ms AHEAD of the picture (playhead 7083 ms, picture 7083 ms)
16:47:18.023 playback: playhead is 50 ms AHEAD of the picture (playhead 7133 ms, picture 7083 ms)
16:47:18.073 playback: playhead is 0 ms AHEAD of the picture (playhead 7166 ms, picture 7166 ms)
16:47:18.172 playback: playhead is 50 ms AHEAD of the picture (playhead 7300 ms, picture 7250 ms)
16:47:18.222 playback: playhead is 0 ms AHEAD of the picture (playhead 7333 ms, picture 7333 ms)
16:47:18.273 playback: playhead is 50 ms AHEAD of the picture (playhead 7383 ms, picture 7333 ms)
16:47:18.322 playback: playhead is 0 ms AHEAD of the picture (playhead 7416 ms, picture 7416 ms)
16:47:18.422 playback: playhead is 50 ms AHEAD of the picture (playhead 7550 ms, picture 7500 ms)
16:47:18.473 playback: playhead is 0 ms AHEAD of the picture (playhead 7583 ms, picture 7583 ms)
16:47:18.521 playback: playhead is 49 ms AHEAD of the picture (playhead 7632 ms, picture 7583 ms)
16:47:18.590 playback: playhead is 0 ms AHEAD of the picture (playhead 7666 ms, picture 7666 ms)
16:47:18.689 playback: playhead is 50 ms AHEAD of the picture (playhead 7800 ms, picture 7750 ms)
16:47:18.739 playback: playhead is 0 ms AHEAD of the picture (playhead 7833 ms, picture 7833 ms)
16:47:18.839 playback: playhead is 50 ms AHEAD of the picture (playhead 7966 ms, picture 7916 ms)
16:47:18.889 playback: playhead is 0 ms AHEAD of the picture (playhead 8000 ms, picture 8000 ms)
16:47:18.939 playback: playhead is 50 ms AHEAD of the picture (playhead 8050 ms, picture 8000 ms)
16:47:18.989 playback: playhead is 0 ms AHEAD of the picture (playhead 8083 ms, picture 8083 ms)
16:47:19.089 playback: playhead is 49 ms AHEAD of the picture (playhead 8215 ms, picture 8166 ms)
16:47:19.144 playback: playhead is 0 ms AHEAD of the picture (playhead 8250 ms, picture 8250 ms)
16:47:19.190 playback: playhead is 51 ms AHEAD of the picture (playhead 8301 ms, picture 8250 ms)
16:47:19.239 playback: playhead is 0 ms AHEAD of the picture (playhead 8333 ms, picture 8333 ms)
16:47:19.339 playback: playhead is 49 ms AHEAD of the picture (playhead 8465 ms, picture 8416 ms)
16:47:19.390 playback: playhead is 0 ms AHEAD of the picture (playhead 8500 ms, picture 8500 ms)
16:47:19.440 playback: playhead is 51 ms AHEAD of the picture (playhead 8551 ms, picture 8500 ms)
16:47:19.491 playback: playhead is 0 ms AHEAD of the picture (playhead 8583 ms, picture 8583 ms)
16:47:19.592 playback: playhead is 50 ms AHEAD of the picture (playhead 8716 ms, picture 8666 ms)
16:47:19.647 playback: playhead is 0 ms AHEAD of the picture (playhead 8750 ms, picture 8750 ms)
16:47:19.748 playback: playhead is 48 ms AHEAD of the picture (playhead 8881 ms, picture 8833 ms)
16:47:19.797 playback: playhead is 0 ms AHEAD of the picture (playhead 8916 ms, picture 8916 ms)
16:47:19.848 playback: playhead is 51 ms AHEAD of the picture (playhead 8967 ms, picture 8916 ms)
16:47:19.897 playback: playhead is 0 ms AHEAD of the picture (playhead 9000 ms, picture 9000 ms)
16:47:20.005 playback: playhead is 48 ms AHEAD of the picture (playhead 9131 ms, picture 9083 ms)
16:47:20.057 playback: playhead is 0 ms AHEAD of the picture (playhead 9166 ms, picture 9166 ms)
16:47:20.107 playback: playhead is 49 ms AHEAD of the picture (playhead 9215 ms, picture 9166 ms)
16:47:20.158 playback: playhead is 0 ms AHEAD of the picture (playhead 9250 ms, picture 9250 ms)
16:47:20.258 playback: playhead is 51 ms AHEAD of the picture (playhead 9384 ms, picture 9333 ms)
16:47:20.307 playback: playhead is 0 ms AHEAD of the picture (playhead 9416 ms, picture 9416 ms)
16:47:20.357 playback: playhead is 50 ms AHEAD of the picture (playhead 9466 ms, picture 9416 ms)
16:47:20.406 playback: playhead is 0 ms AHEAD of the picture (playhead 9500 ms, picture 9500 ms)
16:47:20.507 playback: playhead is 49 ms AHEAD of the picture (playhead 9632 ms, picture 9583 ms)
16:47:20.556 playback: playhead is 0 ms AHEAD of the picture (playhead 9666 ms, picture 9666 ms)
16:47:20.607 playback: playhead is 50 ms AHEAD of the picture (playhead 9716 ms, picture 9666 ms)
16:47:20.657 playback: playhead is 0 ms AHEAD of the picture (playhead 9750 ms, picture 9750 ms)
16:47:20.758 playback: playhead is 49 ms AHEAD of the picture (playhead 9882 ms, picture 9833 ms)
16:47:20.807 playback: playhead is 0 ms AHEAD of the picture (playhead 9916 ms, picture 9916 ms)
16:47:20.855 playback: playhead is 50 ms AHEAD of the picture (playhead 9966 ms, picture 9916 ms)
16:47:20.907 playback: playhead is 0 ms AHEAD of the picture (playhead 10000 ms, picture 10000 ms)
16:47:21.006 playback: playhead is 49 ms AHEAD of the picture (playhead 10132 ms, picture 10083 ms)
16:47:21.057 playback: playhead is 0 ms AHEAD of the picture (playhead 10166 ms, picture 10166 ms)
16:47:21.105 playback: playhead is 49 ms AHEAD of the picture (playhead 10215 ms, picture 10166 ms)
16:47:21.155 playback: playhead is 1 ms AHEAD of the picture (playhead 10251 ms, picture 10250 ms)
16:47:21.259 playback: playhead is 50 ms AHEAD of the picture (playhead 10383 ms, picture 10333 ms)
16:47:21.315 playback: playhead is 0 ms AHEAD of the picture (playhead 10416 ms, picture 10416 ms)
16:47:21.415 playback: playhead is 50 ms AHEAD of the picture (playhead 10550 ms, picture 10500 ms)
16:47:21.465 playback: playhead is 0 ms AHEAD of the picture (playhead 10583 ms, picture 10583 ms)
16:47:21.514 playback: playhead is 50 ms AHEAD of the picture (playhead 10633 ms, picture 10583 ms)
16:47:21.565 playback: playhead is 0 ms AHEAD of the picture (playhead 10666 ms, picture 10666 ms)
16:47:21.748 playback: playhead is 50 ms AHEAD of the picture (playhead 10883 ms, picture 10833 ms)
16:47:21.797 playback: playhead is 0 ms AHEAD of the picture (playhead 10916 ms, picture 10916 ms)
16:47:21.847 playback: playhead is 50 ms AHEAD of the picture (playhead 10966 ms, picture 10916 ms)
16:47:21.902 playback: playhead is 0 ms AHEAD of the picture (playhead 11000 ms, picture 11000 ms)
16:47:21.997 playback: playhead is 48 ms AHEAD of the picture (playhead 11131 ms, picture 11083 ms)
16:47:22.048 playback: playhead is 0 ms AHEAD of the picture (playhead 11166 ms, picture 11166 ms)
16:47:22.098 playback: playhead is 50 ms AHEAD of the picture (playhead 11216 ms, picture 11166 ms)
16:47:22.149 playback: playhead is 0 ms AHEAD of the picture (playhead 11250 ms, picture 11250 ms)
16:47:22.248 playback: playhead is 46 ms AHEAD of the picture (playhead 11379 ms, picture 11333 ms)
16:47:22.299 playback: playhead is 0 ms AHEAD of the picture (playhead 11416 ms, picture 11416 ms)
16:47:22.348 playback: playhead is 49 ms AHEAD of the picture (playhead 11465 ms, picture 11416 ms)
16:47:22.399 playback: playhead is 0 ms AHEAD of the picture (playhead 11500 ms, picture 11500 ms)
16:47:22.498 playback: playhead is 48 ms AHEAD of the picture (playhead 11631 ms, picture 11583 ms)
16:47:22.549 playback: playhead is 0 ms AHEAD of the picture (playhead 11666 ms, picture 11666 ms)
16:47:22.891 playback: playhead.jump 11666 -> 12000 ms (+334) [+7935 ms] from MonitorPanel.qml:938 (onTriggered)
16:47:22.939 playback: playhead is 46 ms AHEAD of the picture (playhead 12046 ms, picture 12000 ms)
16:47:22.987 playback: playhead is 0 ms AHEAD of the picture (playhead 12083 ms, picture 12083 ms)
16:47:23.083 playback: playhead is 47 ms AHEAD of the picture (playhead 12213 ms, picture 12166 ms)
16:47:23.132 playback: playhead is 0 ms AHEAD of the picture (playhead 12250 ms, picture 12250 ms)
16:47:23.181 playback: playhead is 49 ms AHEAD of the picture (playhead 12299 ms, picture 12250 ms)
16:47:23.228 playback: playhead is 0 ms AHEAD of the picture (playhead 12333 ms, picture 12333 ms)
16:47:23.275 playback: playhead is 48 ms AHEAD of the picture (playhead 12381 ms, picture 12333 ms)
16:47:23.322 playback: playhead is 0 ms AHEAD of the picture (playhead 12416 ms, picture 12416 ms)
16:47:23.419 playback: playhead is 48 ms AHEAD of the picture (playhead 12548 ms, picture 12500 ms)
16:47:23.466 playback: playhead is 0 ms AHEAD of the picture (playhead 12583 ms, picture 12583 ms)
16:47:23.520 playback: playhead is 49 ms AHEAD of the picture (playhead 12632 ms, picture 12583 ms)
16:47:23.562 playback: playhead is 0 ms AHEAD of the picture (playhead 12666 ms, picture 12666 ms)
16:47:23.675 playback: playhead is 43 ms AHEAD of the picture (playhead 12793 ms, picture 12750 ms)
16:47:23.723 playback: playhead is 0 ms AHEAD of the picture (playhead 12833 ms, picture 12833 ms)
16:47:23.770 playback: playhead is 47 ms AHEAD of the picture (playhead 12880 ms, picture 12833 ms)
16:47:23.818 playback: playhead is 0 ms AHEAD of the picture (playhead 12916 ms, picture 12916 ms)
16:47:23.915 playback: playhead is 49 ms AHEAD of the picture (playhead 13049 ms, picture 13000 ms)
16:47:23.962 playback: playhead is 0 ms AHEAD of the picture (playhead 13083 ms, picture 13083 ms)
16:47:24.011 playback: playhead is 47 ms AHEAD of the picture (playhead 13130 ms, picture 13083 ms)
16:47:24.061 playback: playhead is 0 ms AHEAD of the picture (playhead 13166 ms, picture 13166 ms)
16:47:24.109 playback: playhead is 47 ms AHEAD of the picture (playhead 13213 ms, picture 13166 ms)
16:47:24.155 playback: playhead is 0 ms AHEAD of the picture (playhead 13250 ms, picture 13250 ms)
16:47:24.252 playback: playhead is 48 ms AHEAD of the picture (playhead 13381 ms, picture 13333 ms)
16:47:24.301 playback: playhead is 0 ms AHEAD of the picture (playhead 13416 ms, picture 13416 ms)
16:47:24.346 playback: playhead is 45 ms AHEAD of the picture (playhead 13461 ms, picture 13416 ms)
16:47:24.395 playback: playhead is 0 ms AHEAD of the picture (playhead 13500 ms, picture 13500 ms)
16:47:24.444 playback: playhead is 48 ms AHEAD of the picture (playhead 13548 ms, picture 13500 ms)
16:47:24.493 playback: playhead is 0 ms AHEAD of the picture (playhead 13583 ms, picture 13583 ms)
16:47:24.587 playback: playhead is 45 ms AHEAD of the picture (playhead 13711 ms, picture 13666 ms)
16:47:24.635 playback: playhead is 0 ms AHEAD of the picture (playhead 13750 ms, picture 13750 ms)
16:47:24.683 playback: playhead is 47 ms AHEAD of the picture (playhead 13797 ms, picture 13750 ms)
16:47:24.731 playback: playhead is 0 ms AHEAD of the picture (playhead 13833 ms, picture 13833 ms)
16:47:24.778 playback: playhead is 47 ms AHEAD of the picture (playhead 13880 ms, picture 13833 ms)
16:47:24.825 playback: playhead is 0 ms AHEAD of the picture (playhead 13916 ms, picture 13916 ms)
16:47:24.924 playback: playhead is 49 ms AHEAD of the picture (playhead 14049 ms, picture 14000 ms)
16:47:24.972 playback: playhead is 0 ms AHEAD of the picture (playhead 14083 ms, picture 14083 ms)
16:47:25.019 playback: playhead is 47 ms AHEAD of the picture (playhead 14130 ms, picture 14083 ms)
16:47:25.067 playback: playhead is 0 ms AHEAD of the picture (playhead 14166 ms, picture 14166 ms)
16:47:25.163 playback: playhead is 47 ms AHEAD of the picture (playhead 14297 ms, picture 14250 ms)
16:47:25.210 playback: playhead is 0 ms AHEAD of the picture (playhead 14333 ms, picture 14333 ms)
16:47:25.260 playback: playhead is 49 ms AHEAD of the picture (playhead 14382 ms, picture 14333 ms)
16:47:25.306 playback: playhead is 0 ms AHEAD of the picture (playhead 14416 ms, picture 14416 ms)
16:47:25.354 playback: playhead is 48 ms AHEAD of the picture (playhead 14464 ms, picture 14416 ms)
16:47:25.403 playback: playhead is 0 ms AHEAD of the picture (playhead 14500 ms, picture 14500 ms)
16:47:25.499 playback: playhead is 49 ms AHEAD of the picture (playhead 14632 ms, picture 14583 ms)
16:47:25.547 playback: playhead is 0 ms AHEAD of the picture (playhead 14666 ms, picture 14666 ms)
16:47:25.596 playback: playhead is 49 ms AHEAD of the picture (playhead 14715 ms, picture 14666 ms)
16:47:25.678 playback: playhead is 0 ms AHEAD of the picture (playhead 14750 ms, picture 14750 ms)
16:47:25.828 playback: playhead is 46 ms AHEAD of the picture (playhead 14962 ms, picture 14916 ms)
16:47:25.884 playback: playhead is 0 ms AHEAD of the picture (playhead 15000 ms, picture 15000 ms)
16:47:25.925 playback: playhead is 47 ms AHEAD of the picture (playhead 15047 ms, picture 15000 ms)
16:47:25.972 playback: playhead is 0 ms AHEAD of the picture (playhead 15083 ms, picture 15083 ms)
16:47:26.019 playback: playhead is 47 ms AHEAD of the picture (playhead 15130 ms, picture 15083 ms)
16:47:26.067 playback: playhead is 0 ms AHEAD of the picture (playhead 15166 ms, picture 15166 ms)
16:47:26.162 playback: playhead is 46 ms AHEAD of the picture (playhead 15296 ms, picture 15250 ms)
16:47:26.211 playback: playhead is 0 ms AHEAD of the picture (playhead 15333 ms, picture 15333 ms)
16:47:26.259 playback: playhead is 49 ms AHEAD of the picture (playhead 15382 ms, picture 15333 ms)
16:47:26.307 playback: playhead is 0 ms AHEAD of the picture (playhead 15416 ms, picture 15416 ms)
16:47:26.354 playback: playhead is 48 ms AHEAD of the picture (playhead 15464 ms, picture 15416 ms)
16:47:26.403 playback: playhead is 0 ms AHEAD of the picture (playhead 15500 ms, picture 15500 ms)
16:47:26.499 playback: playhead is 48 ms AHEAD of the picture (playhead 15631 ms, picture 15583 ms)
16:47:26.549 playback: playhead is 0 ms AHEAD of the picture (playhead 15666 ms, picture 15666 ms)
16:47:26.593 playback: playhead is 46 ms AHEAD of the picture (playhead 15712 ms, picture 15666 ms)
16:47:26.644 playback: playhead is 0 ms AHEAD of the picture (playhead 15750 ms, picture 15750 ms)
16:47:26.691 playback: playhead is 47 ms AHEAD of the picture (playhead 15797 ms, picture 15750 ms)
16:47:26.738 playback: playhead is 0 ms AHEAD of the picture (playhead 15833 ms, picture 15833 ms)
16:47:26.835 playback: playhead is 49 ms AHEAD of the picture (playhead 15965 ms, picture 15916 ms)
16:47:26.884 playback: playhead is 0 ms AHEAD of the picture (playhead 16000 ms, picture 16000 ms)
16:47:26.931 playback: playhead is 47 ms AHEAD of the picture (playhead 16047 ms, picture 16000 ms)
16:47:26.978 playback: playhead is 0 ms AHEAD of the picture (playhead 16083 ms, picture 16083 ms)
16:47:27.027 playback: playhead is 48 ms AHEAD of the picture (playhead 16131 ms, picture 16083 ms)
16:47:27.075 playback: playhead is 0 ms AHEAD of the picture (playhead 16166 ms, picture 16166 ms)
16:47:27.171 playback: playhead is 48 ms AHEAD of the picture (playhead 16298 ms, picture 16250 ms)
16:47:27.218 playback: playhead is 0 ms AHEAD of the picture (playhead 16333 ms, picture 16333 ms)
16:47:27.267 playback: playhead is 48 ms AHEAD of the picture (playhead 16381 ms, picture 16333 ms)
16:47:27.318 playback: playhead is 0 ms AHEAD of the picture (playhead 16416 ms, picture 16416 ms)
16:47:27.412 playback: playhead is 45 ms AHEAD of the picture (playhead 16545 ms, picture 16500 ms)
16:47:27.461 playback: playhead is 0 ms AHEAD of the picture (playhead 16583 ms, picture 16583 ms)
16:47:27.508 playback: playhead is 47 ms AHEAD of the picture (playhead 16630 ms, picture 16583 ms)
16:47:27.558 playback: playhead is 0 ms AHEAD of the picture (playhead 16666 ms, picture 16666 ms)
16:47:27.772 playback: playhead is 48 ms AHEAD of the picture (playhead 16881 ms, picture 16833 ms)
16:47:27.822 playback: playhead is 0 ms AHEAD of the picture (playhead 16916 ms, picture 16916 ms)
16:47:27.915 playback: playhead is 48 ms AHEAD of the picture (playhead 17048 ms, picture 17000 ms)
16:47:27.963 playback: playhead is 0 ms AHEAD of the picture (playhead 17083 ms, picture 17083 ms)
16:47:28.010 playback: playhead is 47 ms AHEAD of the picture (playhead 17130 ms, picture 17083 ms)
16:47:28.059 playback: playhead is 0 ms AHEAD of the picture (playhead 17166 ms, picture 17166 ms)
16:47:28.105 playback: playhead is 47 ms AHEAD of the picture (playhead 17213 ms, picture 17166 ms)
16:47:28.154 playback: playhead is 0 ms AHEAD of the picture (playhead 17250 ms, picture 17250 ms)
16:47:28.251 playback: playhead is 48 ms AHEAD of the picture (playhead 17381 ms, picture 17333 ms)
16:47:28.300 playback: playhead is 0 ms AHEAD of the picture (playhead 17416 ms, picture 17416 ms)
16:47:28.347 playback: playhead is 48 ms AHEAD of the picture (playhead 17464 ms, picture 17416 ms)
16:47:28.394 playback: playhead is 0 ms AHEAD of the picture (playhead 17500 ms, picture 17500 ms)
16:47:28.442 playback: playhead is 47 ms AHEAD of the picture (playhead 17547 ms, picture 17500 ms)
16:47:28.491 playback: playhead is 0 ms AHEAD of the picture (playhead 17583 ms, picture 17583 ms)
16:47:28.585 playback: playhead is 47 ms AHEAD of the picture (playhead 17713 ms, picture 17666 ms)
16:47:28.636 playback: playhead is 0 ms AHEAD of the picture (playhead 17750 ms, picture 17750 ms)
16:47:28.682 playback: playhead is 47 ms AHEAD of the picture (playhead 17797 ms, picture 17750 ms)
16:47:28.732 playback: playhead is 0 ms AHEAD of the picture (playhead 17833 ms, picture 17833 ms)
16:47:28.825 playback: playhead is 47 ms AHEAD of the picture (playhead 17963 ms, picture 17916 ms)
16:47:28.875 playback: playhead is 0 ms AHEAD of the picture (playhead 18000 ms, picture 18000 ms)
16:47:28.922 playback: playhead is 48 ms AHEAD of the picture (playhead 18048 ms, picture 18000 ms)
16:47:28.972 playback: playhead is 0 ms AHEAD of the picture (playhead 18083 ms, picture 18083 ms)
16:47:29.019 playback: playhead is 47 ms AHEAD of the picture (playhead 18130 ms, picture 18083 ms)
16:47:29.067 playback: playhead is 0 ms AHEAD of the picture (playhead 18166 ms, picture 18166 ms)
16:47:29.163 playback: playhead is 47 ms AHEAD of the picture (playhead 18297 ms, picture 18250 ms)
16:47:29.212 playback: playhead is 0 ms AHEAD of the picture (playhead 18333 ms, picture 18333 ms)
16:47:29.259 playback: playhead is 48 ms AHEAD of the picture (playhead 18381 ms, picture 18333 ms)
16:47:29.307 playback: playhead is 0 ms AHEAD of the picture (playhead 18416 ms, picture 18416 ms)
16:47:29.354 playback: playhead is 47 ms AHEAD of the picture (playhead 18463 ms, picture 18416 ms)
16:47:29.403 playback: playhead is 0 ms AHEAD of the picture (playhead 18500 ms, picture 18500 ms)
16:47:29.499 playback: playhead is 47 ms AHEAD of the picture (playhead 18630 ms, picture 18583 ms)
16:47:29.550 playback: playhead is 0 ms AHEAD of the picture (playhead 18666 ms, picture 18666 ms)
16:47:29.594 playback: playhead is 45 ms AHEAD of the picture (playhead 18711 ms, picture 18666 ms)
16:47:29.665 playback: playhead is 0 ms AHEAD of the picture (playhead 18750 ms, picture 18750 ms)
16:47:29.931 playback: playhead is 48 ms AHEAD of the picture (playhead 19048 ms, picture 19000 ms)
16:47:29.978 playback: playhead is 0 ms AHEAD of the picture (playhead 19083 ms, picture 19083 ms)
16:47:30.027 playback: playhead is 48 ms AHEAD of the picture (playhead 19131 ms, picture 19083 ms)
16:47:30.076 playback: playhead is 0 ms AHEAD of the picture (playhead 19166 ms, picture 19166 ms)
16:47:30.171 playback: playhead is 42 ms AHEAD of the picture (playhead 19292 ms, picture 19250 ms)
16:47:30.220 playback: playhead is 0 ms AHEAD of the picture (playhead 19333 ms, picture 19333 ms)
16:47:30.269 playback: playhead is 46 ms AHEAD of the picture (playhead 19379 ms, picture 19333 ms)
16:47:30.317 playback: playhead is 0 ms AHEAD of the picture (playhead 19416 ms, picture 19416 ms)
16:47:30.412 playback: playhead is 49 ms AHEAD of the picture (playhead 19549 ms, picture 19500 ms)
16:47:30.461 playback: playhead is 0 ms AHEAD of the picture (playhead 19583 ms, picture 19583 ms)
16:47:30.508 playback: playhead is 47 ms AHEAD of the picture (playhead 19630 ms, picture 19583 ms)
16:47:30.560 playback: playhead is 0 ms AHEAD of the picture (playhead 19666 ms, picture 19666 ms)
16:47:30.612 playback: playhead is 52 ms AHEAD of the picture (playhead 19718 ms, picture 19666 ms)
16:47:30.653 playback: playhead is 0 ms AHEAD of the picture (playhead 19750 ms, picture 19750 ms)
16:47:30.755 playback: playhead is 42 ms AHEAD of the picture (playhead 19875 ms, picture 19833 ms)
16:47:30.803 playback: playhead is 0 ms AHEAD of the picture (playhead 19916 ms, picture 19916 ms)
16:47:30.852 playback: playhead is 49 ms AHEAD of the picture (playhead 19965 ms, picture 19916 ms)
16:47:30.901 playback: playhead is 0 ms AHEAD of the picture (playhead 20000 ms, picture 20000 ms)
16:47:30.996 playback: playhead is 46 ms AHEAD of the picture (playhead 20129 ms, picture 20083 ms)
16:47:31.044 playback: playhead is 0 ms AHEAD of the picture (playhead 20166 ms, picture 20166 ms)
16:47:31.090 playback: playhead is 47 ms AHEAD of the picture (playhead 20213 ms, picture 20166 ms)
16:47:31.140 playback: playhead is 0 ms AHEAD of the picture (playhead 20250 ms, picture 20250 ms)
16:47:31.188 playback: playhead is 47 ms AHEAD of the picture (playhead 20297 ms, picture 20250 ms)
16:47:31.235 playback: playhead is 0 ms AHEAD of the picture (playhead 20333 ms, picture 20333 ms)
16:47:31.337 playback: playhead is 49 ms AHEAD of the picture (playhead 20465 ms, picture 20416 ms)
16:47:31.380 playback: playhead is 0 ms AHEAD of the picture (playhead 20500 ms, picture 20500 ms)
16:47:31.429 playback: playhead is 50 ms AHEAD of the picture (playhead 20550 ms, picture 20500 ms)
16:47:31.477 playback: playhead is 0 ms AHEAD of the picture (playhead 20583 ms, picture 20583 ms)
16:47:31.575 playback: playhead is 46 ms AHEAD of the picture (playhead 20712 ms, picture 20666 ms)
16:47:31.645 playback: playhead is 0 ms AHEAD of the picture (playhead 20750 ms, picture 20750 ms)
16:47:31.692 playback: playhead is 48 ms AHEAD of the picture (playhead 20798 ms, picture 20750 ms)
16:47:31.742 playback: playhead is 1 ms AHEAD of the picture (playhead 20834 ms, picture 20833 ms)
16:47:31.835 playback: playhead is 48 ms AHEAD of the picture (playhead 20964 ms, picture 20916 ms)
16:47:31.884 playback: playhead is 0 ms AHEAD of the picture (playhead 21000 ms, picture 21000 ms)
16:47:31.931 playback: playhead is 49 ms AHEAD of the picture (playhead 21049 ms, picture 21000 ms)
16:47:31.981 playback: playhead is 0 ms AHEAD of the picture (playhead 21083 ms, picture 21083 ms)
16:47:32.028 playback: playhead is 47 ms AHEAD of the picture (playhead 21130 ms, picture 21083 ms)
16:47:32.076 playback: playhead is 0 ms AHEAD of the picture (playhead 21166 ms, picture 21166 ms)
16:47:32.171 playback: playhead is 42 ms AHEAD of the picture (playhead 21292 ms, picture 21250 ms)
16:47:32.219 playback: playhead is 0 ms AHEAD of the picture (playhead 21333 ms, picture 21333 ms)
16:47:32.268 playback: playhead is 48 ms AHEAD of the picture (playhead 21381 ms, picture 21333 ms)
16:47:32.317 playback: playhead is 1 ms AHEAD of the picture (playhead 21417 ms, picture 21416 ms)
16:47:32.362 playback: playhead is 47 ms AHEAD of the picture (playhead 21463 ms, picture 21416 ms)
16:47:32.413 playback: playhead is 0 ms AHEAD of the picture (playhead 21500 ms, picture 21500 ms)
16:47:32.507 playback: playhead is 48 ms AHEAD of the picture (playhead 21631 ms, picture 21583 ms)
16:47:32.558 playback: playhead is 0 ms AHEAD of the picture (playhead 21666 ms, picture 21666 ms)
16:47:32.602 playback: playhead is 46 ms AHEAD of the picture (playhead 21712 ms, picture 21666 ms)
16:47:32.651 playback: playhead is 0 ms AHEAD of the picture (playhead 21750 ms, picture 21750 ms)
16:47:32.746 playback: playhead is 46 ms AHEAD of the picture (playhead 21879 ms, picture 21833 ms)
16:47:32.795 playback: playhead is 0 ms AHEAD of the picture (playhead 21916 ms, picture 21916 ms)
16:47:32.843 playback: playhead is 48 ms AHEAD of the picture (playhead 21964 ms, picture 21916 ms)
16:47:32.892 playback: playhead is 0 ms AHEAD of the picture (playhead 22000 ms, picture 22000 ms)
16:47:32.942 playback: playhead is 48 ms AHEAD of the picture (playhead 22048 ms, picture 22000 ms)
16:47:32.987 playback: playhead is 0 ms AHEAD of the picture (playhead 22083 ms, picture 22083 ms)
16:47:33.084 playback: playhead is 46 ms AHEAD of the picture (playhead 22212 ms, picture 22166 ms)
16:47:33.133 playback: playhead is 0 ms AHEAD of the picture (playhead 22250 ms, picture 22250 ms)
16:47:33.180 playback: playhead is 47 ms AHEAD of the picture (playhead 22297 ms, picture 22250 ms)
16:47:33.227 playback: playhead is 0 ms AHEAD of the picture (playhead 22333 ms, picture 22333 ms)
16:47:33.275 playback: playhead is 50 ms AHEAD of the picture (playhead 22383 ms, picture 22333 ms)
16:47:33.323 playback: playhead is 0 ms AHEAD of the picture (playhead 22416 ms, picture 22416 ms)
16:47:33.419 playback: playhead is 49 ms AHEAD of the picture (playhead 22549 ms, picture 22500 ms)
16:47:33.468 playback: playhead is 0 ms AHEAD of the picture (playhead 22583 ms, picture 22583 ms)
16:47:33.515 playback: playhead is 47 ms AHEAD of the picture (playhead 22630 ms, picture 22583 ms)
16:47:33.563 playback: playhead is 0 ms AHEAD of the picture (playhead 22666 ms, picture 22666 ms)
16:47:33.685 playback: playhead is 40 ms AHEAD of the picture (playhead 22790 ms, picture 22750 ms)
16:47:33.731 playback: playhead is 0 ms AHEAD of the picture (playhead 22833 ms, picture 22833 ms)
16:47:33.825 playback: playhead is 45 ms AHEAD of the picture (playhead 22961 ms, picture 22916 ms)
16:47:33.877 playback: playhead is 0 ms AHEAD of the picture (playhead 23000 ms, picture 23000 ms)
16:47:33.923 playback: playhead is 47 ms AHEAD of the picture (playhead 23047 ms, picture 23000 ms)
16:47:33.972 playback: playhead is 0 ms AHEAD of the picture (playhead 23083 ms, picture 23083 ms)
16:47:34.018 playback: playhead is 47 ms AHEAD of the picture (playhead 23130 ms, picture 23083 ms)
16:47:34.068 playback: playhead is 0 ms AHEAD of the picture (playhead 23166 ms, picture 23166 ms)
16:47:34.163 playback: playhead is 45 ms AHEAD of the picture (playhead 23295 ms, picture 23250 ms)
16:47:34.212 playback: playhead is 0 ms AHEAD of the picture (playhead 23333 ms, picture 23333 ms)
16:47:34.262 playback: playhead is 50 ms AHEAD of the picture (playhead 23383 ms, picture 23333 ms)
16:47:34.307 playback: playhead is 0 ms AHEAD of the picture (playhead 23416 ms, picture 23416 ms)
16:47:34.355 playback: playhead is 48 ms AHEAD of the picture (playhead 23464 ms, picture 23416 ms)
16:47:34.403 playback: playhead is 0 ms AHEAD of the picture (playhead 23500 ms, picture 23500 ms)
16:47:34.500 playback: playhead is 49 ms AHEAD of the picture (playhead 23632 ms, picture 23583 ms)
16:47:34.548 playback: playhead is 0 ms AHEAD of the picture (playhead 23666 ms, picture 23666 ms)
16:47:34.594 playback: playhead is 48 ms AHEAD of the picture (playhead 23714 ms, picture 23666 ms)
16:47:34.642 playback: playhead is 0 ms AHEAD of the picture (playhead 23750 ms, picture 23750 ms)
16:47:34.691 playback: playhead is 48 ms AHEAD of the picture (playhead 23798 ms, picture 23750 ms)
16:47:34.739 playback: playhead is 0 ms AHEAD of the picture (playhead 23833 ms, picture 23833 ms)
16:47:34.834 playback: playhead is 47 ms AHEAD of the picture (playhead 23963 ms, picture 23916 ms)
16:47:34.882 playback: playhead is 0 ms AHEAD of the picture (playhead 24000 ms, picture 24000 ms)
16:47:34.933 playback: playhead is 48 ms AHEAD of the picture (playhead 24048 ms, picture 24000 ms)
16:47:34.981 playback: playhead is 0 ms AHEAD of the picture (playhead 24083 ms, picture 24083 ms)
16:47:35.029 playback: playhead is 47 ms AHEAD of the picture (playhead 24130 ms, picture 24083 ms)
16:47:35.075 playback: playhead is 0 ms AHEAD of the picture (playhead 24166 ms, picture 24166 ms)
16:47:35.194 playback: playhead is 72 ms AHEAD of the picture (playhead 24322 ms, picture 24250 ms)
16:47:35.242 playback: playhead is 0 ms AHEAD of the picture (playhead 24333 ms, picture 24333 ms)
16:47:35.337 playback: playhead is 47 ms AHEAD of the picture (playhead 24463 ms, picture 24416 ms)
16:47:35.387 playback: playhead is 0 ms AHEAD of the picture (playhead 24500 ms, picture 24500 ms)
16:47:35.434 playback: playhead is 47 ms AHEAD of the picture (playhead 24547 ms, picture 24500 ms)
16:47:35.482 playback: playhead is 0 ms AHEAD of the picture (playhead 24583 ms, picture 24583 ms)
16:47:35.580 playback: playhead is 48 ms AHEAD of the picture (playhead 24714 ms, picture 24666 ms)
16:47:35.642 playback: playhead is 0 ms AHEAD of the picture (playhead 24750 ms, picture 24750 ms)
16:47:35.691 playback: playhead is 49 ms AHEAD of the picture (playhead 24799 ms, picture 24750 ms)
16:47:35.740 playback: playhead is 0 ms AHEAD of the picture (playhead 24833 ms, picture 24833 ms)
16:47:35.834 playback: playhead is 48 ms AHEAD of the picture (playhead 24964 ms, picture 24916 ms)
16:47:35.882 playback: playhead is 0 ms AHEAD of the picture (playhead 25000 ms, picture 25000 ms)
16:47:35.930 playback: playhead is 48 ms AHEAD of the picture (playhead 25048 ms, picture 25000 ms)
16:47:35.982 playback: playhead is 0 ms AHEAD of the picture (playhead 25083 ms, picture 25083 ms)
16:47:36.028 playback: playhead is 47 ms AHEAD of the picture (playhead 25130 ms, picture 25083 ms)
16:47:36.089 playback: playhead is 0 ms AHEAD of the picture (playhead 25166 ms, picture 25166 ms)
16:47:36.194 playback: playhead is 49 ms AHEAD of the picture (playhead 25299 ms, picture 25250 ms)
16:47:36.238 playback: playhead is 0 ms AHEAD of the picture (playhead 25333 ms, picture 25333 ms)
16:47:36.333 playback: playhead is 48 ms AHEAD of the picture (playhead 25464 ms, picture 25416 ms)
16:47:36.380 playback: playhead is 0 ms AHEAD of the picture (playhead 25500 ms, picture 25500 ms)
16:47:36.427 playback: playhead is 49 ms AHEAD of the picture (playhead 25549 ms, picture 25500 ms)
16:47:36.481 playback: playhead is 0 ms AHEAD of the picture (playhead 25583 ms, picture 25583 ms)
16:47:36.524 playback: playhead is 43 ms AHEAD of the picture (playhead 25626 ms, picture 25583 ms)
16:47:36.572 playback: playhead is 0 ms AHEAD of the picture (playhead 25666 ms, picture 25666 ms)
16:47:36.668 playback: playhead is 48 ms AHEAD of the picture (playhead 25798 ms, picture 25750 ms)
16:47:36.718 playback: playhead is 0 ms AHEAD of the picture (playhead 25833 ms, picture 25833 ms)
16:47:36.763 playback: playhead is 45 ms AHEAD of the picture (playhead 25878 ms, picture 25833 ms)
16:47:36.811 playback: playhead is 1 ms AHEAD of the picture (playhead 25917 ms, picture 25916 ms)
16:47:36.908 playback: playhead is 45 ms AHEAD of the picture (playhead 26045 ms, picture 26000 ms)
16:47:36.962 playback: playhead is 0 ms AHEAD of the picture (playhead 26083 ms, picture 26083 ms)
16:47:37.004 playback: playhead is 44 ms AHEAD of the picture (playhead 26127 ms, picture 26083 ms)
16:47:37.056 playback: playhead is 0 ms AHEAD of the picture (playhead 26166 ms, picture 26166 ms)
16:47:37.101 playback: playhead is 45 ms AHEAD of the picture (playhead 26211 ms, picture 26166 ms)
16:47:37.147 playback: playhead is 0 ms AHEAD of the picture (playhead 26250 ms, picture 26250 ms)
16:47:37.195 playback: playhead is 48 ms AHEAD of the picture (playhead 26298 ms, picture 26250 ms)
16:47:37.244 playback: playhead is 0 ms AHEAD of the picture (playhead 26333 ms, picture 26333 ms)
16:47:37.345 playback: playhead is 49 ms AHEAD of the picture (playhead 26465 ms, picture 26416 ms)
16:47:37.400 playback: playhead is 0 ms AHEAD of the picture (playhead 26500 ms, picture 26500 ms)
16:47:37.517 playback: playhead is 68 ms AHEAD of the picture (playhead 26651 ms, picture 26583 ms)
16:47:37.567 playback: playhead is 0 ms AHEAD of the picture (playhead 26666 ms, picture 26666 ms)
16:47:37.685 playback: playhead is 49 ms AHEAD of the picture (playhead 26799 ms, picture 26750 ms)
16:47:37.736 playback: playhead is 0 ms AHEAD of the picture (playhead 26833 ms, picture 26833 ms)
16:47:37.778 playback: playhead is 44 ms AHEAD of the picture (playhead 26877 ms, picture 26833 ms)
16:47:37.827 playback: playhead is 0 ms AHEAD of the picture (playhead 26916 ms, picture 26916 ms)
16:47:37.929 playback: playhead is 50 ms AHEAD of the picture (playhead 27050 ms, picture 27000 ms)
16:47:37.971 playback: playhead is 0 ms AHEAD of the picture (playhead 27083 ms, picture 27083 ms)
16:47:38.020 playback: playhead is 48 ms AHEAD of the picture (playhead 27131 ms, picture 27083 ms)
16:47:38.068 playback: playhead is 0 ms AHEAD of the picture (playhead 27166 ms, picture 27166 ms)
16:47:38.166 playback: playhead is 48 ms AHEAD of the picture (playhead 27298 ms, picture 27250 ms)
16:47:38.213 playback: playhead is 0 ms AHEAD of the picture (playhead 27333 ms, picture 27333 ms)
16:47:38.258 playback: playhead is 46 ms AHEAD of the picture (playhead 27379 ms, picture 27333 ms)
16:47:38.308 playback: playhead is 0 ms AHEAD of the picture (playhead 27416 ms, picture 27416 ms)
16:47:38.354 playback: playhead is 49 ms AHEAD of the picture (playhead 27465 ms, picture 27416 ms)
16:47:38.404 playback: playhead is 0 ms AHEAD of the picture (playhead 27500 ms, picture 27500 ms)
16:47:38.501 playback: playhead is 49 ms AHEAD of the picture (playhead 27632 ms, picture 27583 ms)
16:47:38.548 playback: playhead is 0 ms AHEAD of the picture (playhead 27666 ms, picture 27666 ms)
16:47:38.595 playback: playhead is 49 ms AHEAD of the picture (playhead 27715 ms, picture 27666 ms)
16:47:38.643 playback: playhead is 0 ms AHEAD of the picture (playhead 27750 ms, picture 27750 ms)
16:47:38.692 playback: playhead is 49 ms AHEAD of the picture (playhead 27799 ms, picture 27750 ms)
16:47:38.740 playback: playhead is 0 ms AHEAD of the picture (playhead 27833 ms, picture 27833 ms)
16:47:38.836 playback: playhead is 48 ms AHEAD of the picture (playhead 27964 ms, picture 27916 ms)
16:47:38.883 playback: playhead is 0 ms AHEAD of the picture (playhead 28000 ms, picture 28000 ms)
16:47:38.930 playback: playhead is 47 ms AHEAD of the picture (playhead 28047 ms, picture 28000 ms)
16:47:38.981 playback: playhead is 0 ms AHEAD of the picture (playhead 28083 ms, picture 28083 ms)
16:47:39.028 playback: playhead is 48 ms AHEAD of the picture (playhead 28131 ms, picture 28083 ms)
16:47:39.075 playback: playhead is 0 ms AHEAD of the picture (playhead 28166 ms, picture 28166 ms)
16:47:39.171 playback: playhead is 48 ms AHEAD of the picture (playhead 28298 ms, picture 28250 ms)
16:47:39.220 playback: playhead is 0 ms AHEAD of the picture (playhead 28333 ms, picture 28333 ms)
16:47:39.267 playback: playhead is 46 ms AHEAD of the picture (playhead 28379 ms, picture 28333 ms)
16:47:39.315 playback: playhead is 0 ms AHEAD of the picture (playhead 28416 ms, picture 28416 ms)
16:47:39.362 playback: playhead is 48 ms AHEAD of the picture (playhead 28464 ms, picture 28416 ms)
16:47:39.411 playback: playhead is 0 ms AHEAD of the picture (playhead 28500 ms, picture 28500 ms)
16:47:39.508 playback: playhead is 46 ms AHEAD of the picture (playhead 28629 ms, picture 28583 ms)
16:47:39.559 playback: playhead is 0 ms AHEAD of the picture (playhead 28666 ms, picture 28666 ms)
16:47:39.677 playback: playhead is 42 ms AHEAD of the picture (playhead 28792 ms, picture 28750 ms)
16:47:39.723 playback: playhead is 0 ms AHEAD of the picture (playhead 28833 ms, picture 28833 ms)
16:47:39.771 playback: playhead is 49 ms AHEAD of the picture (playhead 28882 ms, picture 28833 ms)
16:47:39.818 playback: playhead is 0 ms AHEAD of the picture (playhead 28916 ms, picture 28916 ms)
16:47:39.915 playback: playhead is 48 ms AHEAD of the picture (playhead 29048 ms, picture 29000 ms)
16:47:39.963 playback: playhead is 0 ms AHEAD of the picture (playhead 29083 ms, picture 29083 ms)
16:47:40.011 playback: playhead is 48 ms AHEAD of the picture (playhead 29131 ms, picture 29083 ms)
16:47:40.058 playback: playhead is 0 ms AHEAD of the picture (playhead 29166 ms, picture 29166 ms)
16:47:40.109 playback: playhead is 50 ms AHEAD of the picture (playhead 29216 ms, picture 29166 ms)
16:47:40.154 playback: playhead is 0 ms AHEAD of the picture (playhead 29250 ms, picture 29250 ms)
16:47:40.250 playback: playhead is 47 ms AHEAD of the picture (playhead 29380 ms, picture 29333 ms)
16:47:40.298 playback: playhead is 1 ms AHEAD of the picture (playhead 29417 ms, picture 29416 ms)
16:47:40.348 playback: playhead is 48 ms AHEAD of the picture (playhead 29464 ms, picture 29416 ms)
16:47:40.394 playback: playhead is 0 ms AHEAD of the picture (playhead 29500 ms, picture 29500 ms)
16:47:40.443 playback: playhead is 49 ms AHEAD of the picture (playhead 29549 ms, picture 29500 ms)
16:47:40.491 playback: playhead is 0 ms AHEAD of the picture (playhead 29583 ms, picture 29583 ms)
16:47:40.587 playback: playhead is 47 ms AHEAD of the picture (playhead 29713 ms, picture 29666 ms)
16:47:40.636 playback: playhead is 0 ms AHEAD of the picture (playhead 29750 ms, picture 29750 ms)
16:47:40.682 playback: playhead is 47 ms AHEAD of the picture (playhead 29797 ms, picture 29750 ms)
16:47:40.732 playback: playhead is 0 ms AHEAD of the picture (playhead 29833 ms, picture 29833 ms)
16:47:40.827 playback: playhead is 45 ms AHEAD of the picture (playhead 29961 ms, picture 29916 ms)
16:47:40.875 playback: playhead is 1 ms AHEAD of the picture (playhead 30001 ms, picture 30000 ms)
16:47:40.924 playback: playhead is 48 ms AHEAD of the picture (playhead 30048 ms, picture 30000 ms)
16:47:40.971 playback: playhead is 0 ms AHEAD of the picture (playhead 30083 ms, picture 30083 ms)
16:47:41.020 playback: playhead is 50 ms AHEAD of the picture (playhead 30133 ms, picture 30083 ms)
16:47:41.270 playback: playhead.jump 30133 -> 30333 ms (+200) [+18378 ms] from MonitorPanel.qml:938 (onTriggered)
16:47:41.273 playback: playhead is 0 ms AHEAD of the picture (playhead 30333 ms, picture 30333 ms)
16:47:41.424 playback: playhead is 54 ms AHEAD of the picture (playhead 30554 ms, picture 30500 ms)
16:47:41.471 playback: playhead is 0 ms AHEAD of the picture (playhead 30583 ms, picture 30583 ms)
16:47:41.519 playback: playhead is 48 ms AHEAD of the picture (playhead 30631 ms, picture 30583 ms)
16:47:41.568 playback: playhead is 1 ms AHEAD of the picture (playhead 30667 ms, picture 30666 ms)
16:47:41.679 playback: playhead is 47 ms AHEAD of the picture (playhead 30797 ms, picture 30750 ms)
16:47:41.727 playback: playhead is 0 ms AHEAD of the picture (playhead 30833 ms, picture 30833 ms)
16:47:41.776 playback: playhead is 49 ms AHEAD of the picture (playhead 30882 ms, picture 30833 ms)
16:47:41.822 playback: playhead is 0 ms AHEAD of the picture (playhead 30916 ms, picture 30916 ms)
16:47:41.918 playback: playhead is 47 ms AHEAD of the picture (playhead 31047 ms, picture 31000 ms)
16:47:41.967 playback: playhead is 0 ms AHEAD of the picture (playhead 31083 ms, picture 31083 ms)
16:47:42.015 playback: playhead is 47 ms AHEAD of the picture (playhead 31130 ms, picture 31083 ms)
16:47:42.062 playback: playhead is 0 ms AHEAD of the picture (playhead 31166 ms, picture 31166 ms)
16:47:42.111 playback: playhead is 49 ms AHEAD of the picture (playhead 31215 ms, picture 31166 ms)
16:47:42.160 playback: playhead is 0 ms AHEAD of the picture (playhead 31250 ms, picture 31250 ms)
16:47:42.256 playback: playhead is 48 ms AHEAD of the picture (playhead 31381 ms, picture 31333 ms)
16:47:42.302 playback: playhead is 0 ms AHEAD of the picture (playhead 31416 ms, picture 31416 ms)
16:47:42.350 playback: playhead is 48 ms AHEAD of the picture (playhead 31464 ms, picture 31416 ms)
16:47:42.399 playback: playhead is 0 ms AHEAD of the picture (playhead 31500 ms, picture 31500 ms)
16:47:42.495 playback: playhead is 47 ms AHEAD of the picture (playhead 31630 ms, picture 31583 ms)
16:47:42.544 playback: playhead is 0 ms AHEAD of the picture (playhead 31666 ms, picture 31666 ms)
16:47:42.592 playback: playhead is 48 ms AHEAD of the picture (playhead 31714 ms, picture 31666 ms)
16:47:42.641 playback: playhead is 0 ms AHEAD of the picture (playhead 31750 ms, picture 31750 ms)
16:47:42.688 playback: playhead is 49 ms AHEAD of the picture (playhead 31799 ms, picture 31750 ms)
16:47:42.737 playback: playhead is 0 ms AHEAD of the picture (playhead 31833 ms, picture 31833 ms)
16:47:42.830 playback: playhead is 47 ms AHEAD of the picture (playhead 31963 ms, picture 31916 ms)
16:47:42.884 playback: playhead is 0 ms AHEAD of the picture (playhead 32000 ms, picture 32000 ms)
16:47:42.926 playback: playhead is 49 ms AHEAD of the picture (playhead 32049 ms, picture 32000 ms)
16:47:42.974 playback: playhead is 0 ms AHEAD of the picture (playhead 32083 ms, picture 32083 ms)
16:47:43.022 playback: playhead is 48 ms AHEAD of the picture (playhead 32131 ms, picture 32083 ms)
16:47:43.070 playback: playhead is 0 ms AHEAD of the picture (playhead 32166 ms, picture 32166 ms)
16:47:43.167 playback: playhead is 47 ms AHEAD of the picture (playhead 32297 ms, picture 32250 ms)
16:47:43.215 playback: playhead is 0 ms AHEAD of the picture (playhead 32333 ms, picture 32333 ms)
16:47:43.263 playback: playhead is 48 ms AHEAD of the picture (playhead 32381 ms, picture 32333 ms)
16:47:43.310 playback: playhead is 0 ms AHEAD of the picture (playhead 32416 ms, picture 32416 ms)
16:47:43.358 playback: playhead is 48 ms AHEAD of the picture (playhead 32464 ms, picture 32416 ms)
16:47:43.408 playback: playhead is 0 ms AHEAD of the picture (playhead 32500 ms, picture 32500 ms)
16:47:43.503 playback: playhead is 48 ms AHEAD of the picture (playhead 32631 ms, picture 32583 ms)
16:47:43.551 playback: playhead is 0 ms AHEAD of the picture (playhead 32666 ms, picture 32666 ms)
16:47:43.599 playback: playhead is 47 ms AHEAD of the picture (playhead 32713 ms, picture 32666 ms)
16:47:43.655 playback: playhead is 0 ms AHEAD of the picture (playhead 32750 ms, picture 32750 ms)
16:47:43.751 playback: playhead is 47 ms AHEAD of the picture (playhead 32880 ms, picture 32833 ms)
16:47:43.799 playback: playhead is 0 ms AHEAD of the picture (playhead 32916 ms, picture 32916 ms)
16:47:43.847 playback: playhead is 46 ms AHEAD of the picture (playhead 32962 ms, picture 32916 ms)
16:47:43.895 playback: playhead is 0 ms AHEAD of the picture (playhead 33000 ms, picture 33000 ms)
16:47:43.943 playback: playhead is 48 ms AHEAD of the picture (playhead 33048 ms, picture 33000 ms)
16:47:43.992 playback: playhead is 0 ms AHEAD of the picture (playhead 33083 ms, picture 33083 ms)
16:47:44.087 playback: playhead is 46 ms AHEAD of the picture (playhead 33212 ms, picture 33166 ms)
16:47:44.139 playback: playhead is 0 ms AHEAD of the picture (playhead 33250 ms, picture 33250 ms)
16:47:44.190 playback: playhead is 54 ms AHEAD of the picture (playhead 33304 ms, picture 33250 ms)
16:47:44.246 playback: playhead is 0 ms AHEAD of the picture (playhead 33333 ms, picture 33333 ms)
16:47:44.338 playback: playhead is 45 ms AHEAD of the picture (playhead 33461 ms, picture 33416 ms)
16:47:44.390 playback: playhead is 0 ms AHEAD of the picture (playhead 33500 ms, picture 33500 ms)
16:47:44.437 playback: playhead is 49 ms AHEAD of the picture (playhead 33549 ms, picture 33500 ms)
16:47:44.478 playback: playhead is 0 ms AHEAD of the picture (playhead 33583 ms, picture 33583 ms)
16:47:44.527 playback: playhead is 49 ms AHEAD of the picture (playhead 33632 ms, picture 33583 ms)
16:47:44.581 playback: playhead is 0 ms AHEAD of the picture (playhead 33666 ms, picture 33666 ms)
16:47:44.679 playback: playhead is 46 ms AHEAD of the picture (playhead 33796 ms, picture 33750 ms)
16:47:44.737 playback: playhead is 0 ms AHEAD of the picture (playhead 33833 ms, picture 33833 ms)
16:47:44.832 playback: playhead is 49 ms AHEAD of the picture (playhead 33965 ms, picture 33916 ms)
16:47:44.879 playback: playhead is 0 ms AHEAD of the picture (playhead 34000 ms, picture 34000 ms)
16:47:44.927 playback: playhead is 48 ms AHEAD of the picture (playhead 34048 ms, picture 34000 ms)
16:47:44.975 playback: playhead is 0 ms AHEAD of the picture (playhead 34083 ms, picture 34083 ms)
16:47:45.023 playback: playhead is 47 ms AHEAD of the picture (playhead 34130 ms, picture 34083 ms)
16:47:45.072 playback: playhead is 0 ms AHEAD of the picture (playhead 34166 ms, picture 34166 ms)
16:47:45.169 playback: playhead is 48 ms AHEAD of the picture (playhead 34298 ms, picture 34250 ms)
16:47:45.220 playback: playhead is 0 ms AHEAD of the picture (playhead 34333 ms, picture 34333 ms)
16:47:45.268 playback: playhead is 48 ms AHEAD of the picture (playhead 34381 ms, picture 34333 ms)
16:47:45.311 playback: playhead is 0 ms AHEAD of the picture (playhead 34416 ms, picture 34416 ms)
16:47:45.359 playback: playhead is 48 ms AHEAD of the picture (playhead 34464 ms, picture 34416 ms)
16:47:45.408 playback: playhead is 0 ms AHEAD of the picture (playhead 34500 ms, picture 34500 ms)
16:47:45.502 playback: playhead is 44 ms AHEAD of the picture (playhead 34627 ms, picture 34583 ms)
16:47:45.552 playback: playhead is 0 ms AHEAD of the picture (playhead 34666 ms, picture 34666 ms)
16:47:45.599 playback: playhead is 48 ms AHEAD of the picture (playhead 34714 ms, picture 34666 ms)
16:47:45.663 playback: playhead is 0 ms AHEAD of the picture (playhead 34750 ms, picture 34750 ms)
16:47:45.759 playback: playhead is 48 ms AHEAD of the picture (playhead 34881 ms, picture 34833 ms)
16:47:45.807 playback: playhead is 0 ms AHEAD of the picture (playhead 34916 ms, picture 34916 ms)
16:47:45.855 playback: playhead is 49 ms AHEAD of the picture (playhead 34965 ms, picture 34916 ms)
16:47:45.903 playback: playhead is 0 ms AHEAD of the picture (playhead 35000 ms, picture 35000 ms)
16:47:46.000 playback: playhead is 47 ms AHEAD of the picture (playhead 35130 ms, picture 35083 ms)
16:47:46.048 playback: playhead is 0 ms AHEAD of the picture (playhead 35166 ms, picture 35166 ms)
16:47:46.096 playback: playhead is 48 ms AHEAD of the picture (playhead 35214 ms, picture 35166 ms)
16:47:46.143 playback: playhead is 0 ms AHEAD of the picture (playhead 35250 ms, picture 35250 ms)
16:47:46.190 playback: playhead is 48 ms AHEAD of the picture (playhead 35298 ms, picture 35250 ms)
16:47:46.243 playback: playhead is 0 ms AHEAD of the picture (playhead 35333 ms, picture 35333 ms)
16:47:46.335 playback: playhead is 49 ms AHEAD of the picture (playhead 35465 ms, picture 35416 ms)
16:47:46.384 playback: playhead is 0 ms AHEAD of the picture (playhead 35500 ms, picture 35500 ms)
16:47:46.438 playback: playhead is 53 ms AHEAD of the picture (playhead 35553 ms, picture 35500 ms)
16:47:46.492 playback: playhead is 0 ms AHEAD of the picture (playhead 35583 ms, picture 35583 ms)
16:47:46.590 playback: playhead is 53 ms AHEAD of the picture (playhead 35719 ms, picture 35666 ms)
16:47:46.639 playback: playhead is 0 ms AHEAD of the picture (playhead 35750 ms, picture 35750 ms)
16:47:46.842 playback: playhead is 49 ms AHEAD of the picture (playhead 35965 ms, picture 35916 ms)
16:47:46.887 playback: playhead is 0 ms AHEAD of the picture (playhead 36000 ms, picture 36000 ms)
16:47:46.935 playback: playhead is 48 ms AHEAD of the picture (playhead 36048 ms, picture 36000 ms)
16:47:46.983 playback: playhead is 0 ms AHEAD of the picture (playhead 36083 ms, picture 36083 ms)
16:47:47.079 playback: playhead is 46 ms AHEAD of the picture (playhead 36212 ms, picture 36166 ms)
16:47:47.128 playback: playhead is 0 ms AHEAD of the picture (playhead 36250 ms, picture 36250 ms)
16:47:47.177 playback: playhead is 49 ms AHEAD of the picture (playhead 36299 ms, picture 36250 ms)
16:47:47.223 playback: playhead is 0 ms AHEAD of the picture (playhead 36333 ms, picture 36333 ms)
16:47:47.271 playback: playhead is 48 ms AHEAD of the picture (playhead 36381 ms, picture 36333 ms)
16:47:47.318 playback: playhead is 0 ms AHEAD of the picture (playhead 36416 ms, picture 36416 ms)
16:47:47.417 playback: playhead is 49 ms AHEAD of the picture (playhead 36549 ms, picture 36500 ms)
16:47:47.465 playback: playhead is 0 ms AHEAD of the picture (playhead 36583 ms, picture 36583 ms)
16:47:47.513 playback: playhead is 47 ms AHEAD of the picture (playhead 36630 ms, picture 36583 ms)
16:47:47.562 playback: playhead is 0 ms AHEAD of the picture (playhead 36666 ms, picture 36666 ms)
16:47:47.695 playback: playhead is 43 ms AHEAD of the picture (playhead 36793 ms, picture 36750 ms)
16:47:47.745 playback: playhead is 0 ms AHEAD of the picture (playhead 36833 ms, picture 36833 ms)
16:47:47.839 playback: playhead is 47 ms AHEAD of the picture (playhead 36963 ms, picture 36916 ms)
16:47:47.887 playback: playhead is 0 ms AHEAD of the picture (playhead 37000 ms, picture 37000 ms)
16:47:47.935 playback: playhead is 48 ms AHEAD of the picture (playhead 37048 ms, picture 37000 ms)
16:47:47.984 playback: playhead is 0 ms AHEAD of the picture (playhead 37083 ms, picture 37083 ms)
16:47:48.078 playback: playhead is 45 ms AHEAD of the picture (playhead 37211 ms, picture 37166 ms)
16:47:48.135 playback: playhead is 0 ms AHEAD of the picture (playhead 37250 ms, picture 37250 ms)
16:47:48.176 playback: playhead is 48 ms AHEAD of the picture (playhead 37298 ms, picture 37250 ms)
16:47:48.224 playback: playhead is 0 ms AHEAD of the picture (playhead 37333 ms, picture 37333 ms)
16:47:48.272 playback: playhead is 49 ms AHEAD of the picture (playhead 37382 ms, picture 37333 ms)
16:47:48.319 playback: playhead is 0 ms AHEAD of the picture (playhead 37416 ms, picture 37416 ms)
16:47:48.558 playback: playhead.jump 37500 -> 37666 ms (+166) [+7287 ms] from MonitorPanel.qml:938 (onTriggered)
16:47:48.607 playback: playhead is 48 ms AHEAD of the picture (playhead 37714 ms, picture 37666 ms)
16:47:48.655 playback: playhead is 0 ms AHEAD of the picture (playhead 37750 ms, picture 37750 ms)
16:47:48.755 playback: playhead is 50 ms AHEAD of the picture (playhead 37883 ms, picture 37833 ms)
16:47:48.805 playback: playhead is 0 ms AHEAD of the picture (playhead 37916 ms, picture 37916 ms)
16:47:48.855 playback: playhead is 50 ms AHEAD of the picture (playhead 37966 ms, picture 37916 ms)
16:47:48.907 playback: playhead is 0 ms AHEAD of the picture (playhead 38000 ms, picture 38000 ms)
16:47:49.005 playback: playhead is 49 ms AHEAD of the picture (playhead 38132 ms, picture 38083 ms)
16:47:49.055 playback: playhead is 0 ms AHEAD of the picture (playhead 38166 ms, picture 38166 ms)
16:47:49.106 playback: playhead is 49 ms AHEAD of the picture (playhead 38215 ms, picture 38166 ms)
16:47:49.155 playback: playhead is 0 ms AHEAD of the picture (playhead 38250 ms, picture 38250 ms)
16:47:49.255 playback: playhead is 49 ms AHEAD of the picture (playhead 38382 ms, picture 38333 ms)
16:47:49.305 playback: playhead is 1 ms AHEAD of the picture (playhead 38417 ms, picture 38416 ms)
16:47:49.355 playback: playhead is 50 ms AHEAD of the picture (playhead 38466 ms, picture 38416 ms)
16:47:49.407 playback: playhead is 0 ms AHEAD of the picture (playhead 38500 ms, picture 38500 ms)
16:47:49.505 playback: playhead is 50 ms AHEAD of the picture (playhead 38633 ms, picture 38583 ms)
16:47:49.555 playback: playhead is 0 ms AHEAD of the picture (playhead 38666 ms, picture 38666 ms)
16:47:49.680 playback: playhead is 43 ms AHEAD of the picture (playhead 38793 ms, picture 38750 ms)
16:47:49.730 playback: playhead is 0 ms AHEAD of the picture (playhead 38833 ms, picture 38833 ms)
16:47:49.830 playback: playhead is 49 ms AHEAD of the picture (playhead 38965 ms, picture 38916 ms)
16:47:49.884 playback: playhead is 0 ms AHEAD of the picture (playhead 39000 ms, picture 39000 ms)
16:47:49.937 playback: playhead is 55 ms AHEAD of the picture (playhead 39055 ms, picture 39000 ms)
16:47:49.982 playback: playhead is 0 ms AHEAD of the picture (playhead 39083 ms, picture 39083 ms)
16:47:50.082 playback: playhead is 47 ms AHEAD of the picture (playhead 39213 ms, picture 39166 ms)
16:47:50.131 playback: playhead is 0 ms AHEAD of the picture (playhead 39250 ms, picture 39250 ms)
16:47:50.181 playback: playhead is 50 ms AHEAD of the picture (playhead 39300 ms, picture 39250 ms)
16:47:50.232 playback: playhead is 0 ms AHEAD of the picture (playhead 39333 ms, picture 39333 ms)
16:47:50.331 playback: playhead is 48 ms AHEAD of the picture (playhead 39464 ms, picture 39416 ms)
16:47:50.381 playback: playhead is 0 ms AHEAD of the picture (playhead 39500 ms, picture 39500 ms)
16:47:50.430 playback: playhead is 50 ms AHEAD of the picture (playhead 39550 ms, picture 39500 ms)
16:47:50.478 playback: playing true -> false at playhead 39550 ms [+1920 ms] from MonitorPanel.qml:1868 (onClicked)
16:47:50.478 monitor: playing -> false at 39550
16:47:50.478 playback: session.stop decoder running, picture at 39583 ms [+0 ms] from MonitorPanel.qml:1003 (onPlayingChanged) <- MonitorPanel.qml:1868 (onClicked)
16:47:51.094 playback: playing false -> true at playhead 39550 ms [+630 ms] from MonitorPanel.qml:536 (startPlayback) <- MonitorPanel.qml:1870 (onClicked)
16:47:51.094 monitor: playing -> true at 39550
16:47:51.094 monitor: playback session at playhead 39550 clip clip_37a74ef35dd0
16:47:51.094 playback: session.start The Weakest Boy Enters Demon Slayer Academy With a God’s Power - manhwa recap.mp4 at source 39550 ms, kind video [+0 ms] from MonitorPanel.qml:645 (startProcessPlayback) <- MonitorPanel.qml:968 (onPlayingChanged) <- MonitorPanel.qml:536 (startPlayback) <- MonitorPanel.qml:1870 (onClicked)
16:47:51.150 [mov,mp4,m4a,3gp,3g2,mj2 @ 000001df8d6ffb00] st: 1 edit list: 1 Missing key frame while searching for timestamp: 0
16:47:51.150 [mov,mp4,m4a,3gp,3g2,mj2 @ 000001df8d6ffb00] st: 1 edit list 1 Cannot find an index entry before timestamp: 0.
16:47:51.388 preview playback: first frame after 276 ms, at source 39583 ms (requested 39550 ms)
16:47:51.388 playback: frame at source 39583 ms, advanced 0 ms of media in 944 ms of wall clock
16:47:51.421 playback: playhead.jump 39550 -> 39750 ms (+200) [+311 ms] from MonitorPanel.qml:938 (onTriggered)
16:47:51.423 playback: playhead is 0 ms AHEAD of the picture (playhead 39750 ms, picture 39750 ms)
16:47:51.522 playback: playhead is 51 ms AHEAD of the picture (playhead 39884 ms, picture 39833 ms)
16:47:51.572 playback: playhead is 0 ms AHEAD of the picture (playhead 39916 ms, picture 39916 ms)
16:47:51.697 playback: playhead is 50 ms AHEAD of the picture (playhead 40050 ms, picture 40000 ms)
16:47:51.749 playback: playhead is 0 ms AHEAD of the picture (playhead 40083 ms, picture 40083 ms)
16:47:51.848 playback: playhead is 47 ms AHEAD of the picture (playhead 40213 ms, picture 40166 ms)
16:47:51.898 playback: playhead is 0 ms AHEAD of the picture (playhead 40250 ms, picture 40250 ms)
16:47:51.947 playback: playhead is 50 ms AHEAD of the picture (playhead 40300 ms, picture 40250 ms)
16:47:51.998 playback: playhead is 0 ms AHEAD of the picture (playhead 40333 ms, picture 40333 ms)
16:47:52.097 playback: playhead is 47 ms AHEAD of the picture (playhead 40463 ms, picture 40416 ms)
16:47:52.147 playback: playhead is 0 ms AHEAD of the picture (playhead 40500 ms, picture 40500 ms)
16:47:52.197 playback: playhead is 51 ms AHEAD of the picture (playhead 40551 ms, picture 40500 ms)
16:47:52.246 playback: playhead is 0 ms AHEAD of the picture (playhead 40583 ms, picture 40583 ms)
16:47:52.348 playback: playhead is 49 ms AHEAD of the picture (playhead 40715 ms, picture 40666 ms)
16:47:52.398 playback: playhead is 0 ms AHEAD of the picture (playhead 40750 ms, picture 40750 ms)
16:47:52.447 playback: playhead is 48 ms AHEAD of the picture (playhead 40798 ms, picture 40750 ms)
16:47:52.498 playback: playhead is 0 ms AHEAD of the picture (playhead 40833 ms, picture 40833 ms)
16:47:52.503 playback: playing true -> false at playhead 40833 ms [+1081 ms] from MonitorPanel.qml:1868 (onClicked)
16:47:52.504 monitor: playing -> false at 40833
16:47:52.504 playback: session.stop decoder running, picture at 40833 ms [+1 ms] from MonitorPanel.qml:1003 (onPlayingChanged) <- MonitorPanel.qml:1868 (onClicked)
16:47:53.015 playback: playing false -> true at playhead 40833 ms [+512 ms] from MonitorPanel.qml:536 (startPlayback) <- MonitorPanel.qml:1870 (onClicked)
16:47:53.015 monitor: playing -> true at 40833
16:47:53.015 monitor: playback session at playhead 40833 clip clip_37a74ef35dd0
16:47:53.015 playback: session.start The Weakest Boy Enters Demon Slayer Academy With a God’s Power - manhwa recap.mp4 at source 40833 ms, kind video [+0 ms] from MonitorPanel.qml:645 (startProcessPlayback) <- MonitorPanel.qml:968 (onPlayingChanged) <- MonitorPanel.qml:536 (startPlayback) <- MonitorPanel.qml:1870 (onClicked)
16:47:53.050 [mov,mp4,m4a,3gp,3g2,mj2 @ 000001df8d6feac0] st: 1 edit list: 1 Missing key frame while searching for timestamp: 0
16:47:53.050 [mov,mp4,m4a,3gp,3g2,mj2 @ 000001df8d6feac0] st: 1 edit list 1 Cannot find an index entry before timestamp: 0.
16:47:53.208 preview playback: first frame after 189 ms, at source 40833 ms (requested 40833 ms)
16:47:53.208 playback: frame at source 40833 ms, advanced 0 ms of media in 746 ms of wall clock
16:47:53.274 playback: playhead.jump 40833 -> 41000 ms (+167) [+257 ms] from MonitorPanel.qml:938 (onTriggered)
16:47:53.325 playback: playhead is 47 ms AHEAD of the picture (playhead 41047 ms, picture 41000 ms)
16:47:53.374 playback: playhead is 0 ms AHEAD of the picture (playhead 41083 ms, picture 41083 ms)
16:47:53.472 playback: playhead is 49 ms AHEAD of the picture (playhead 41215 ms, picture 41166 ms)
16:47:53.523 playback: playhead is 0 ms AHEAD of the picture (playhead 41250 ms, picture 41250 ms)
16:47:53.573 playback: playhead is 51 ms AHEAD of the picture (playhead 41301 ms, picture 41250 ms)
16:47:53.623 playback: playhead is 0 ms AHEAD of the picture (playhead 41333 ms, picture 41333 ms)
16:47:53.722 playback: playhead is 49 ms AHEAD of the picture (playhead 41465 ms, picture 41416 ms)
16:47:53.773 playback: playhead is 0 ms AHEAD of the picture (playhead 41500 ms, picture 41500 ms)
16:47:53.823 playback: playhead is 51 ms AHEAD of the picture (playhead 41551 ms, picture 41500 ms)
16:47:53.872 playback: playhead is 0 ms AHEAD of the picture (playhead 41583 ms, picture 41583 ms)
16:47:53.973 playback: playhead is 50 ms AHEAD of the picture (playhead 41716 ms, picture 41666 ms)
16:47:54.023 playback: playhead is 0 ms AHEAD of the picture (playhead 41750 ms, picture 41750 ms)
16:47:54.072 playback: playhead is 49 ms AHEAD of the picture (playhead 41799 ms, picture 41750 ms)
16:47:54.122 playback: playhead is 0 ms AHEAD of the picture (playhead 41833 ms, picture 41833 ms)
16:47:54.221 playback: playhead is 50 ms AHEAD of the picture (playhead 41966 ms, picture 41916 ms)
16:47:54.272 playback: playhead is 0 ms AHEAD of the picture (playhead 42000 ms, picture 42000 ms)
16:47:54.322 playback: playhead is 51 ms AHEAD of the picture (playhead 42051 ms, picture 42000 ms)
16:47:54.372 playback: playhead is 0 ms AHEAD of the picture (playhead 42083 ms, picture 42083 ms)
16:47:54.473 playback: playhead is 50 ms AHEAD of the picture (playhead 42216 ms, picture 42166 ms)
16:47:54.526 playback: playhead is 0 ms AHEAD of the picture (playhead 42250 ms, picture 42250 ms)
16:47:54.574 playback: playhead is 47 ms AHEAD of the picture (playhead 42297 ms, picture 42250 ms)
16:47:54.632 playback: playhead is 0 ms AHEAD of the picture (playhead 42333 ms, picture 42333 ms)
16:47:54.733 playback: playhead is 49 ms AHEAD of the picture (playhead 42465 ms, picture 42416 ms)
16:47:54.780 playback: playhead is 1 ms AHEAD of the picture (playhead 42501 ms, picture 42500 ms)
16:47:54.830 playback: playhead is 50 ms AHEAD of the picture (playhead 42550 ms, picture 42500 ms)
16:47:54.880 playback: playhead is 0 ms AHEAD of the picture (playhead 42583 ms, picture 42583 ms)
16:47:54.981 playback: playhead is 50 ms AHEAD of the picture (playhead 42716 ms, picture 42666 ms)
16:47:55.030 playback: playhead is 0 ms AHEAD of the picture (playhead 42750 ms, picture 42750 ms)
16:47:55.080 playback: playhead is 50 ms AHEAD of the picture (playhead 42800 ms, picture 42750 ms)
16:47:55.130 playback: playhead is 1 ms AHEAD of the picture (playhead 42834 ms, picture 42833 ms)
16:47:55.231 playback: playhead is 50 ms AHEAD of the picture (playhead 42966 ms, picture 42916 ms)
16:47:55.280 playback: playhead is 0 ms AHEAD of the picture (playhead 43000 ms, picture 43000 ms)
16:47:55.333 playback: playhead is 52 ms AHEAD of the picture (playhead 43052 ms, picture 43000 ms)
16:47:55.382 playback: playhead is 0 ms AHEAD of the picture (playhead 43083 ms, picture 43083 ms)
16:47:55.483 playback: playhead is 50 ms AHEAD of the picture (playhead 43216 ms, picture 43166 ms)
16:47:55.532 playback: playhead is 0 ms AHEAD of the picture (playhead 43250 ms, picture 43250 ms)
16:47:55.584 playback: playhead is 52 ms AHEAD of the picture (playhead 43302 ms, picture 43250 ms)
16:47:55.663 playback: playhead is 0 ms AHEAD of the picture (playhead 43333 ms, picture 43333 ms)
16:47:55.816 playback: playhead is 48 ms AHEAD of the picture (playhead 43548 ms, picture 43500 ms)
16:47:55.864 playback: playhead is 0 ms AHEAD of the picture (playhead 43583 ms, picture 43583 ms)
16:47:55.913 playback: playhead is 50 ms AHEAD of the picture (playhead 43633 ms, picture 43583 ms)
16:47:55.964 playback: playhead is 0 ms AHEAD of the picture (playhead 43666 ms, picture 43666 ms)
16:47:56.066 playback: playhead is 50 ms AHEAD of the picture (playhead 43800 ms, picture 43750 ms)
16:47:56.116 playback: playhead is 0 ms AHEAD of the picture (playhead 43833 ms, picture 43833 ms)
16:47:56.163 playback: playhead is 47 ms AHEAD of the picture (playhead 43880 ms, picture 43833 ms)
16:47:56.214 playback: playhead is 0 ms AHEAD of the picture (playhead 43916 ms, picture 43916 ms)
16:47:56.314 playback: playhead is 49 ms AHEAD of the picture (playhead 44049 ms, picture 44000 ms)
16:47:56.363 playback: playhead is 0 ms AHEAD of the picture (playhead 44083 ms, picture 44083 ms)
16:47:56.414 playback: playhead is 50 ms AHEAD of the picture (playhead 44133 ms, picture 44083 ms)
16:47:56.463 playback: playhead is 0 ms AHEAD of the picture (playhead 44166 ms, picture 44166 ms)
16:47:56.563 playback: playhead is 48 ms AHEAD of the picture (playhead 44298 ms, picture 44250 ms)
16:47:56.615 playback: playhead is 0 ms AHEAD of the picture (playhead 44333 ms, picture 44333 ms)
16:47:56.672 playback: playhead is 50 ms AHEAD of the picture (playhead 44383 ms, picture 44333 ms)
16:47:56.728 playback: playhead is 0 ms AHEAD of the picture (playhead 44416 ms, picture 44416 ms)
16:47:56.821 playback: playhead is 50 ms AHEAD of the picture (playhead 44550 ms, picture 44500 ms)
16:47:56.872 playback: playhead is 0 ms AHEAD of the picture (playhead 44583 ms, picture 44583 ms)
16:47:56.972 playback: playhead is 48 ms AHEAD of the picture (playhead 44714 ms, picture 44666 ms)
16:47:57.023 playback: playhead is 0 ms AHEAD of the picture (playhead 44750 ms, picture 44750 ms)
16:47:57.073 playback: playhead is 50 ms AHEAD of the picture (playhead 44800 ms, picture 44750 ms)
16:47:57.121 playback: playhead is 0 ms AHEAD of the picture (playhead 44833 ms, picture 44833 ms)
16:47:57.221 playback: playhead is 49 ms AHEAD of the picture (playhead 44965 ms, picture 44916 ms)
16:47:57.273 playback: playhead is 0 ms AHEAD of the picture (playhead 45000 ms, picture 45000 ms)
16:47:57.322 playback: playhead is 50 ms AHEAD of the picture (playhead 45050 ms, picture 45000 ms)
16:47:57.373 playback: playhead is 0 ms AHEAD of the picture (playhead 45083 ms, picture 45083 ms)
16:47:57.472 playback: playhead is 50 ms AHEAD of the picture (playhead 45216 ms, picture 45166 ms)
16:47:57.524 playback: playhead is 0 ms AHEAD of the picture (playhead 45250 ms, picture 45250 ms)
16:47:57.571 playback: playhead is 49 ms AHEAD of the picture (playhead 45299 ms, picture 45250 ms)
16:47:57.640 playback: playhead is 0 ms AHEAD of the picture (playhead 45333 ms, picture 45333 ms)
16:47:57.739 playback: playhead is 51 ms AHEAD of the picture (playhead 45467 ms, picture 45416 ms)
16:47:57.789 playback: playhead is 0 ms AHEAD of the picture (playhead 45500 ms, picture 45500 ms)
16:47:57.889 playback: playhead is 49 ms AHEAD of the picture (playhead 45632 ms, picture 45583 ms)
16:47:57.939 playback: playhead is 0 ms AHEAD of the picture (playhead 45666 ms, picture 45666 ms)
16:47:57.990 playback: playhead is 50 ms AHEAD of the picture (playhead 45716 ms, picture 45666 ms)
16:47:58.039 playback: playhead is 0 ms AHEAD of the picture (playhead 45750 ms, picture 45750 ms)
16:47:58.138 playback: playhead is 49 ms AHEAD of the picture (playhead 45882 ms, picture 45833 ms)
16:47:58.189 playback: playhead is 0 ms AHEAD of the picture (playhead 45916 ms, picture 45916 ms)
16:47:58.238 playback: playhead is 50 ms AHEAD of the picture (playhead 45966 ms, picture 45916 ms)
16:47:58.288 playback: playhead is 0 ms AHEAD of the picture (playhead 46000 ms, picture 46000 ms)
16:47:58.387 playback: playhead is 50 ms AHEAD of the picture (playhead 46133 ms, picture 46083 ms)
16:47:58.438 playback: playhead is 0 ms AHEAD of the picture (playhead 46166 ms, picture 46166 ms)
16:47:58.489 playback: playhead is 50 ms AHEAD of the picture (playhead 46216 ms, picture 46166 ms)
16:47:58.540 playback: playhead is 0 ms AHEAD of the picture (playhead 46250 ms, picture 46250 ms)
16:47:58.638 playback: playhead is 49 ms AHEAD of the picture (playhead 46382 ms, picture 46333 ms)
16:47:58.689 playback: playhead is 0 ms AHEAD of the picture (playhead 46416 ms, picture 46416 ms)
16:47:58.738 playback: playhead is 49 ms AHEAD of the picture (playhead 46465 ms, picture 46416 ms)
16:47:58.789 playback: playhead is 0 ms AHEAD of the picture (playhead 46500 ms, picture 46500 ms)
16:47:58.888 playback: playhead is 50 ms AHEAD of the picture (playhead 46633 ms, picture 46583 ms)
16:47:58.938 playback: playhead is 0 ms AHEAD of the picture (playhead 46666 ms, picture 46666 ms)
16:47:58.987 playback: playhead is 50 ms AHEAD of the picture (playhead 46716 ms, picture 46666 ms)
16:47:59.039 playback: playhead is 0 ms AHEAD of the picture (playhead 46750 ms, picture 46750 ms)
16:47:59.140 playback: playhead is 50 ms AHEAD of the picture (playhead 46883 ms, picture 46833 ms)
16:47:59.188 playback: playhead is 0 ms AHEAD of the picture (playhead 46916 ms, picture 46916 ms)
16:47:59.241 playback: playhead is 51 ms AHEAD of the picture (playhead 46967 ms, picture 46916 ms)
16:47:59.303 playback: playhead is 0 ms AHEAD of the picture (playhead 47000 ms, picture 47000 ms)
16:47:59.398 playback: playhead is 50 ms AHEAD of the picture (playhead 47133 ms, picture 47083 ms)
16:47:59.447 playback: playhead is 0 ms AHEAD of the picture (playhead 47166 ms, picture 47166 ms)
16:47:59.497 playback: playhead is 51 ms AHEAD of the picture (playhead 47217 ms, picture 47166 ms)
16:47:59.547 playback: playhead is 0 ms AHEAD of the picture (playhead 47250 ms, picture 47250 ms)
16:47:59.655 playback: playhead is 56 ms AHEAD of the picture (playhead 47389 ms, picture 47333 ms)
16:47:59.704 playback: playhead is 0 ms AHEAD of the picture (playhead 47416 ms, picture 47416 ms)
16:47:59.804 playback: playhead is 49 ms AHEAD of the picture (playhead 47549 ms, picture 47500 ms)
16:47:59.854 playback: playhead is 0 ms AHEAD of the picture (playhead 47583 ms, picture 47583 ms)
16:47:59.903 playback: playhead is 51 ms AHEAD of the picture (playhead 47634 ms, picture 47583 ms)
16:47:59.955 playback: playhead is 0 ms AHEAD of the picture (playhead 47666 ms, picture 47666 ms)
16:48:00.055 playback: playhead is 51 ms AHEAD of the picture (playhead 47801 ms, picture 47750 ms)
16:48:00.104 playback: playhead is 0 ms AHEAD of the picture (playhead 47833 ms, picture 47833 ms)
16:48:00.155 playback: playhead is 51 ms AHEAD of the picture (playhead 47884 ms, picture 47833 ms)
16:48:00.204 playback: playhead is 0 ms AHEAD of the picture (playhead 47916 ms, picture 47916 ms)
16:48:00.305 playback: playhead is 49 ms AHEAD of the picture (playhead 48049 ms, picture 48000 ms)
16:48:00.354 playback: playhead is 0 ms AHEAD of the picture (playhead 48083 ms, picture 48083 ms)
16:48:00.405 playback: playhead is 50 ms AHEAD of the picture (playhead 48133 ms, picture 48083 ms)
16:48:00.456 playback: playhead is 0 ms AHEAD of the picture (playhead 48166 ms, picture 48166 ms)
16:48:00.554 playback: playhead is 50 ms AHEAD of the picture (playhead 48300 ms, picture 48250 ms)
16:48:00.604 playback: playhead is 0 ms AHEAD of the picture (playhead 48333 ms, picture 48333 ms)
16:48:00.656 playback: playhead is 52 ms AHEAD of the picture (playhead 48385 ms, picture 48333 ms)
16:48:00.705 playback: playhead is 0 ms AHEAD of the picture (playhead 48416 ms, picture 48416 ms)
16:48:00.804 playback: playhead is 49 ms AHEAD of the picture (playhead 48549 ms, picture 48500 ms)
16:48:00.855 playback: playhead is 0 ms AHEAD of the picture (playhead 48583 ms, picture 48583 ms)
16:48:00.905 playback: playhead is 50 ms AHEAD of the picture (playhead 48633 ms, picture 48583 ms)
16:48:00.955 playback: playhead is 0 ms AHEAD of the picture (playhead 48666 ms, picture 48666 ms)
16:48:01.062 playback: playhead is 60 ms AHEAD of the picture (playhead 48810 ms, picture 48750 ms)
16:48:01.113 playback: playhead is 0 ms AHEAD of the picture (playhead 48833 ms, picture 48833 ms)
16:48:01.164 playback: playhead is 51 ms AHEAD of the picture (playhead 48884 ms, picture 48833 ms)
16:48:01.213 playback: playhead is 0 ms AHEAD of the picture (playhead 48916 ms, picture 48916 ms)
16:48:01.312 playback: playhead is 50 ms AHEAD of the picture (playhead 49050 ms, picture 49000 ms)
16:48:01.363 playback: playhead is 0 ms AHEAD of the picture (playhead 49083 ms, picture 49083 ms)
16:48:01.413 playback: playhead is 51 ms AHEAD of the picture (playhead 49134 ms, picture 49083 ms)
16:48:01.463 playback: playhead is 0 ms AHEAD of the picture (playhead 49166 ms, picture 49166 ms)
16:48:01.892 playback: playhead is 52 ms AHEAD of the picture (playhead 49635 ms, picture 49583 ms)
16:48:01.944 playback: playhead is 0 ms AHEAD of the picture (playhead 49666 ms, picture 49666 ms)
16:48:01.990 playback: playhead is 47 ms AHEAD of the picture (playhead 49713 ms, picture 49666 ms)
16:48:02.039 playback: playhead is 0 ms AHEAD of the picture (playhead 49750 ms, picture 49750 ms)
16:48:02.150 playback: playhead is 55 ms AHEAD of the picture (playhead 49888 ms, picture 49833 ms)
16:48:02.202 playback: playhead is 0 ms AHEAD of the picture (playhead 49916 ms, picture 49916 ms)
16:48:02.250 playback: playhead is 47 ms AHEAD of the picture (playhead 49963 ms, picture 49916 ms)
16:48:02.298 playback: playhead is 0 ms AHEAD of the picture (playhead 50000 ms, picture 50000 ms)
16:48:02.400 playback: playhead is 51 ms AHEAD of the picture (playhead 50134 ms, picture 50083 ms)
16:48:02.446 playback: playhead is 0 ms AHEAD of the picture (playhead 50166 ms, picture 50166 ms)
16:48:02.499 playback: playhead is 50 ms AHEAD of the picture (playhead 50216 ms, picture 50166 ms)
16:48:02.547 playback: playhead is 0 ms AHEAD of the picture (playhead 50250 ms, picture 50250 ms)
16:48:02.646 playback: playhead is 45 ms AHEAD of the picture (playhead 50378 ms, picture 50333 ms)
16:48:02.697 playback: playhead is 0 ms AHEAD of the picture (playhead 50416 ms, picture 50416 ms)
16:48:02.914 playback: playhead is 66 ms AHEAD of the picture (playhead 50649 ms, picture 50583 ms)
16:48:02.968 playback: playhead is 0 ms AHEAD of the picture (playhead 50666 ms, picture 50666 ms)
16:48:03.064 playback: playhead is 48 ms AHEAD of the picture (playhead 50798 ms, picture 50750 ms)
16:48:03.114 playback: playhead is 0 ms AHEAD of the picture (playhead 50833 ms, picture 50833 ms)
16:48:03.162 playback: playhead is 49 ms AHEAD of the picture (playhead 50882 ms, picture 50833 ms)
16:48:03.213 playback: playhead is 0 ms AHEAD of the picture (playhead 50916 ms, picture 50916 ms)
16:48:03.385 playback: session.stop decoder running, picture at 51083 ms [+10109 ms] from MonitorPanel.qml:1060 (onDestruction)
