03:45:11.938 GUI turn monitor on, budget 20 ms - every event-loop turn longer than this is reported with its marked scope (CUTPRO_TURN_BUDGET_MS=0 turns it off)
03:45:12.002 CrashReporterHost: watching pid 1860 from pid 20284 | reports -> C:/Users/USER/AppData/Local/Antigravity/Cut Pro/crash-reports
03:45:12.038 Cut Pro: native C++/Qt backend, coreVersion = 0.1.2 | built = Aug 30 2026 17:31:56 | executable = C:/premier-pro/python-app/dist/Cut Pro 2026/cutpro.exe
03:45:12.370 GUI thread unresponsive for 429 ms, "churning through": "QQmlApplicationEngine::load(qrc:/qml/main.qml)"
03:45:12.370   the innermost frame has only been open 318 ms of the 429 ms stall, so the thread is entering and leaving frames rather than stuck in one: the fix is to do it fewer times, not to move it off the thread.
03:45:12.825 GUI thread unresponsive for 884 ms, "wedged in": "QQmlApplicationEngine::load(qrc:/qml/main.qml)"
03:45:12.931   GUI thread backtrace, innermost first (14 frames):
03:45:12.931     #0  "ntdll.dll!NtWaitForSingleObject+0x14"
03:45:12.931     #1  "KERNELBASE.dll!WaitForSingleObjectEx+0xaf"
03:45:12.931     #2  "Qt6Core.dll!QWaitCondition::wait(QMutex*, QDeadlineTimer)+0x9a"
03:45:12.931     #3  "Qt6Qml.dll+0x2afd89 (nearest export: QQmlJS::Parser::parse(int)+0x137a9)"
03:45:12.931     #4  "Qt6Qml.dll!QQmlTypeLoader::loadThread(QQmlRefPointer<QQmlDataBlob> const&)+0x6d6"
03:45:12.931     #5  "Qt6Qml.dll!QQmlTypeLoader::getType(QUrl const&, QQmlTypeLoader::Mode)+0x22b"
03:45:12.931     #6  "Qt6Qml.dll!QQmlComponentPrivate::loadUrl(QUrl const&, QQmlComponent::CompilationMode)+0x1a4"
03:45:12.931     #7  "Qt6Qml.dll!QQmlApplicationEnginePrivate::startLoad(QUrl const&, QByteArray const&, bool)+0x93"
03:45:12.931     #8  "Qt6Qml.dll!QQmlApplicationEngine::load(QUrl const&)+0x3d"
03:45:12.931     #9  "cutpro.exe+0x2d8e"
03:45:12.931     #10  "cutpro.exe+0x12ef"
03:45:12.931     #11  "cutpro.exe+0x1406"
03:45:12.931     #12  "KERNEL32.DLL!BaseThreadInitThunk+0x17"
03:45:12.931     #13  "ntdll.dll!RtlUserThreadStart+0x2c"
03:45:13.744 GUI thread unresponsive for 1803 ms, "wedged in": "QQmlApplicationEngine::load(qrc:/qml/main.qml)"
03:45:13.744   GUI thread backtrace, innermost first (14 frames):
03:45:13.744     #0  "ntdll.dll!NtWaitForSingleObject+0x14"
03:45:13.744     #1  "KERNELBASE.dll!WaitForSingleObjectEx+0xaf"
03:45:13.744     #2  "Qt6Core.dll!QWaitCondition::wait(QMutex*, QDeadlineTimer)+0x9a"
03:45:13.744     #3  "Qt6Qml.dll+0x2afd89 (nearest export: QQmlJS::Parser::parse(int)+0x137a9)"
03:45:13.744     #4  "Qt6Qml.dll!QQmlTypeLoader::loadThread(QQmlRefPointer<QQmlDataBlob> const&)+0x6d6"
03:45:13.744     #5  "Qt6Qml.dll!QQmlTypeLoader::getType(QUrl const&, QQmlTypeLoader::Mode)+0x22b"
03:45:13.744     #6  "Qt6Qml.dll!QQmlComponentPrivate::loadUrl(QUrl const&, QQmlComponent::CompilationMode)+0x1a4"
03:45:13.744     #7  "Qt6Qml.dll!QQmlApplicationEnginePrivate::startLoad(QUrl const&, QByteArray const&, bool)+0x93"
03:45:13.744     #8  "Qt6Qml.dll!QQmlApplicationEngine::load(QUrl const&)+0x3d"
03:45:13.744     #9  "cutpro.exe+0x2d8e"
03:45:13.744     #10  "cutpro.exe+0x12ef"
03:45:13.744     #11  "cutpro.exe+0x1406"
03:45:13.744     #12  "KERNEL32.DLL!BaseThreadInitThunk+0x17"
03:45:13.744     #13  "ntdll.dll!RtlUserThreadStart+0x2c"
03:45:13.997 GUI thread STILL blocked after 2056 ms, "wedged in": "QQmlApplicationEngine::load(qrc:/qml/main.qml)" - during launch, before any window exists: this delays startup but cannot show as "Not Responding".
03:45:13.997   GUI thread backtrace, innermost first (14 frames):
03:45:13.997     #0  "ntdll.dll!NtWaitForSingleObject+0x14"
03:45:13.997     #1  "KERNELBASE.dll!WaitForSingleObjectEx+0xaf"
03:45:13.997     #2  "Qt6Core.dll!QWaitCondition::wait(QMutex*, QDeadlineTimer)+0x9a"
03:45:13.997     #3  "Qt6Qml.dll+0x2afd89 (nearest export: QQmlJS::Parser::parse(int)+0x137a9)"
03:45:13.997     #4  "Qt6Qml.dll!QQmlTypeLoader::loadThread(QQmlRefPointer<QQmlDataBlob> const&)+0x6d6"
03:45:13.997     #5  "Qt6Qml.dll!QQmlTypeLoader::getType(QUrl const&, QQmlTypeLoader::Mode)+0x22b"
03:45:13.997     #6  "Qt6Qml.dll!QQmlComponentPrivate::loadUrl(QUrl const&, QQmlComponent::CompilationMode)+0x1a4"
03:45:13.997     #7  "Qt6Qml.dll!QQmlApplicationEnginePrivate::startLoad(QUrl const&, QByteArray const&, bool)+0x93"
03:45:13.997     #8  "Qt6Qml.dll!QQmlApplicationEngine::load(QUrl const&)+0x3d"
03:45:13.997     #9  "cutpro.exe+0x2d8e"
03:45:13.997     #10  "cutpro.exe+0x12ef"
03:45:13.997     #11  "cutpro.exe+0x1406"
03:45:13.997     #12  "KERNEL32.DLL!BaseThreadInitThunk+0x17"
03:45:13.997     #13  "ntdll.dll!RtlUserThreadStart+0x2c"
03:45:14.787 Using Qt multimedia with FFmpeg version 7.1.3 LGPL version 2.1 or later
03:45:16.057 GUI thread STILL blocked after 4116 ms, "stalled somewhere unmarked": "no marked scope" - this is the state Windows shows as "Not Responding".
03:45:16.165   GUI thread backtrace, innermost first (28 frames):
03:45:16.165     #0  "ntdll.dll!NtWaitForSingleObject+0x14"
03:45:16.165     #1  "KERNELBASE.dll!WaitForSingleObjectEx+0xaf"
03:45:16.165     #2  "Qt6Core.dll!QWaitCondition::wait(QMutex*, QDeadlineTimer)+0x9a"
03:45:16.165     #3  "Qt6Quick.dll+0x2682a5 (nearest export: QQuickOpenGLUtils::resetOpenGLState()+0x92a5)"
03:45:16.165     #4  "Qt6Quick.dll+0x269d9f (nearest export: QQuickOpenGLUtils::resetOpenGLState()+0xad9f)"
03:45:16.165     #5  "Qt6Gui.dll!QWindow::event(QEvent*)+0x138"
03:45:16.165     #6  "Qt6Core.dll!QCoreApplication::notifyInternal2(QObject*, QEvent*)+0x19a"
03:45:16.165     #7  "Qt6Gui.dll!QGuiApplicationPrivate::processExposeEvent(QWindowSystemInterfacePrivate::ExposeEvent*)+0x1b1"
03:45:16.165     #8  "Qt6Gui.dll!QWindowSystemInterface::sendWindowSystemEvents(QFlags<QEventLoop::ProcessEventsFlag>)+0x30c"
03:45:16.165     #9  "Qt6Gui.dll!QWindowSystemInterface::flushWindowSystemEvents(QFlags<QEventLoop::ProcessEventsFlag>)+0x15f"
03:45:16.165     #10  "qwindows.dll+0x5bbeb (nearest export: qt_plugin_instance+0x59f4b)"
03:45:16.165     #11  "qwindows.dll+0xb8220 (nearest export: qt_plugin_instance+0xb6580)"
03:45:16.165     #12  "qwindows.dll+0x752c (nearest export: qt_plugin_instance+0x588c)"
03:45:16.165     #13  "USER32.dll!CallWindowProcW+0x6a6"
03:45:16.165     #14  "USER32.dll+0x14b4c (nearest export: GetFocus+0x1e3c)"
03:45:16.165     #15  "USER32.dll!GetWindowDpiAwarenessContext+0x4d3"
03:45:16.165     #16  "ntdll.dll!KiUserCallbackDispatcher+0x24"
03:45:16.165     #17  "win32u.dll!NtUserDispatchMessage+0x14"
03:45:16.165     #18  "USER32.dll!IsWindowUnicode+0x378"
03:45:16.165     #19  "Qt6Core.dll!QEventDispatcherWin32::processEvents(QFlags<QEventLoop::ProcessEventsFlag>)+0x692"
03:45:16.165     #20  "Qt6Gui.dll!QWindowsGuiEventDispatcher::processEvents(QFlags<QEventLoop::ProcessEventsFlag>)+0x19"
03:45:16.165     #21  "Qt6Core.dll!QEventLoop::exec(QFlags<QEventLoop::ProcessEventsFlag>)+0x232"
03:45:16.165     #22  "Qt6Core.dll!QCoreApplication::exec()+0x96"
03:45:16.165     #23  "cutpro.exe+0x2f0a"
03:45:16.165     #24  "cutpro.exe+0x12ef"
03:45:16.165     #25  "cutpro.exe+0x1406"
03:45:16.165     #26  "KERNEL32.DLL!BaseThreadInitThunk+0x17"
03:45:16.165     #27  "ntdll.dll!RtlUserThreadStart+0x2c"
03:45:16.269 GUI turn 38 ms (budget 20 ms, ~1 frames of 30 fps lost): "no marked scope"""
03:45:18.578 GUI turn 25 ms (budget 20 ms, ~0 frames of 30 fps lost): "no marked scope"" [+1 more since the last line]"
03:46:13.181 [mov,mp4,m4a,3gp,3g2,mj2 @ 000002a18658ed00] st: 1 edit list: 1 Missing key frame while searching for timestamp: 0
03:46:13.181 [mov,mp4,m4a,3gp,3g2,mj2 @ 000002a18658ed00] st: 1 edit list 1 Cannot find an index entry before timestamp: 0.
03:46:14.846 monitor: source key  -> clip_541068e9169e|C:/Users/USER/Downloads/Video/The Weakest Boy Enters Demon Slayer Academy With a God’s Power - manhwa recap.mp4|video|0|0|4652814|
03:46:14.867 playback: session.stop decoder idle, picture at -1 ms from MonitorPanel.qml:1053 (onActiveSourceKeyChanged) <- TimelinePanel.qml:1754
03:46:14.894 [mov,mp4,m4a,3gp,3g2,mj2 @ 000002a18658e7c0] st: 1 edit list: 1 Missing key frame while searching for timestamp: 0
03:46:14.894 [mov,mp4,m4a,3gp,3g2,mj2 @ 000002a18658e7c0] st: 1 edit list 1 Cannot find an index entry before timestamp: 0.
03:46:15.340 [mov,mp4,m4a,3gp,3g2,mj2 @ 000002a18658ea80] st: 1 edit list: 1 Missing key frame while searching for timestamp: 0
03:46:15.340 [mov,mp4,m4a,3gp,3g2,mj2 @ 000002a18658ea80] st: 1 edit list 1 Cannot find an index entry before timestamp: 0.
03:46:17.873 playback: playing false -> true at playhead 0 ms [+3014 ms] from MonitorPanel.qml:536 (startPlayback) <- MonitorPanel.qml:1889 (onClicked)
03:46:17.873 monitor: playing -> true at 0
03:46:17.873 monitor: playback session at playhead 0 clip clip_541068e9169e
03:46:17.883 playback: session.start The Weakest Boy Enters Demon Slayer Academy With a God’s Power - manhwa recap.mp4 at source 0 ms, kind video [+2 ms] from MonitorPanel.qml:655 (startProcessPlayback) <- MonitorPanel.qml:978 (onPlayingChanged) <- MonitorPanel.qml:536 (startPlayback) <- MonitorPanel.qml:1889 (onClicked)
03:46:17.909 [mov,mp4,m4a,3gp,3g2,mj2 @ 000002a18658ed00] st: 1 edit list: 1 Missing key frame while searching for timestamp: 0
03:46:17.909 [mov,mp4,m4a,3gp,3g2,mj2 @ 000002a18658ed00] st: 1 edit list 1 Cannot find an index entry before timestamp: 0.
03:46:18.282 preview playback: first frame after 396 ms, at source 0 ms (requested 0 ms)
03:46:18.282 playback: frame at source 0 ms, advanced 0 ms of media in -1 ms of wall clock
03:46:18.300 playback: playhead is 0 ms AHEAD of the picture (playhead 0 ms, picture 0 ms)
03:46:19.062 playback: playing true -> false at playhead 750 ms [+1178 ms] from MonitorPanel.qml:1887 (onClicked)
03:46:19.062 monitor: playing -> false at 750
03:46:19.063 playback: session.stop decoder running, picture at 750 ms [+1 ms] from MonitorPanel.qml:1006 (onPlayingChanged) <- MonitorPanel.qml:1887 (onClicked)
03:46:21.396 playback: playing false -> true at playhead 750 ms [+2334 ms] from MonitorPanel.qml:536 (startPlayback) <- MonitorPanel.qml:1889 (onClicked)
03:46:21.398 monitor: playing -> true at 750
03:46:21.398 monitor: playback session at playhead 750 clip clip_541068e9169e
03:46:21.398 playback: session.start The Weakest Boy Enters Demon Slayer Academy With a God’s Power - manhwa recap.mp4 at source 750 ms, kind video [+1 ms] from MonitorPanel.qml:655 (startProcessPlayback) <- MonitorPanel.qml:978 (onPlayingChanged) <- MonitorPanel.qml:536 (startPlayback) <- MonitorPanel.qml:1889 (onClicked)
03:46:21.441 [mov,mp4,m4a,3gp,3g2,mj2 @ 000002a18658d500] st: 1 edit list: 1 Missing key frame while searching for timestamp: 0
03:46:21.442 [mov,mp4,m4a,3gp,3g2,mj2 @ 000002a18658d500] st: 1 edit list 1 Cannot find an index entry before timestamp: 0.
03:46:21.604 preview playback: first frame after 204 ms, at source 750 ms (requested 750 ms)
03:46:21.604 playback: frame at source 750 ms, advanced 0 ms of media in 2570 ms of wall clock
03:46:21.611 playback: playhead is 0 ms AHEAD of the picture (playhead 750 ms, picture 750 ms)
03:46:22.619 playback: playhead is 0 ms AHEAD of the picture (playhead 1750 ms, picture 1750 ms)
03:46:23.104 playback: playing true -> false at playhead 2208 ms [+1706 ms] from MonitorPanel.qml:1887 (onClicked)
03:46:23.106 monitor: playing -> false at 2208
03:46:23.106 playback: session.stop decoder running, picture at 2250 ms [+1 ms] from MonitorPanel.qml:1006 (onPlayingChanged) <- MonitorPanel.qml:1887 (onClicked)
03:46:23.850 playback: playing false -> true at playhead 2250 ms [+758 ms] from MonitorPanel.qml:536 (startPlayback) <- MonitorPanel.qml:1889 (onClicked)
03:46:23.850 monitor: playing -> true at 2250
03:46:23.865 monitor: playback session at playhead 2250 clip clip_541068e9169e
03:46:23.865 playback: session.start The Weakest Boy Enters Demon Slayer Academy With a God’s Power - manhwa recap.mp4 at source 2250 ms, kind video [+0 ms] from MonitorPanel.qml:655 (startProcessPlayback) <- MonitorPanel.qml:978 (onPlayingChanged) <- MonitorPanel.qml:536 (startPlayback) <- MonitorPanel.qml:1889 (onClicked)
03:46:23.895 [mov,mp4,m4a,3gp,3g2,mj2 @ 000002a18658ed00] st: 1 edit list: 1 Missing key frame while searching for timestamp: 0
03:46:23.896 [mov,mp4,m4a,3gp,3g2,mj2 @ 000002a18658ed00] st: 1 edit list 1 Cannot find an index entry before timestamp: 0.
03:46:24.086 preview playback: first frame after 217 ms, at source 2250 ms (requested 2250 ms)
03:46:24.086 playback: frame at source 2250 ms, advanced 0 ms of media in 981 ms of wall clock
03:46:24.120 playback: playhead is 0 ms AHEAD of the picture (playhead 2250 ms, picture 2250 ms)
03:46:25.141 playback: playhead is 0 ms AHEAD of the picture (playhead 3291 ms, picture 3291 ms)
03:46:25.182 playback: playing true -> false at playhead 3291 ms [+1316 ms] from MonitorPanel.qml:1887 (onClicked)
03:46:25.183 monitor: playing -> false at 3291
03:46:25.183 playback: session.stop decoder running, picture at 3333 ms [+0 ms] from MonitorPanel.qml:1006 (onPlayingChanged) <- MonitorPanel.qml:1887 (onClicked)
03:46:25.965 playback: playing false -> true at playhead 3333 ms [+781 ms] from MonitorPanel.qml:536 (startPlayback) <- MonitorPanel.qml:1889 (onClicked)
03:46:25.965 monitor: playing -> true at 3333
03:46:25.965 monitor: playback session at playhead 3333 clip clip_541068e9169e
03:46:25.965 playback: session.start The Weakest Boy Enters Demon Slayer Academy With a God’s Power - manhwa recap.mp4 at source 3333 ms, kind video [+0 ms] from MonitorPanel.qml:655 (startProcessPlayback) <- MonitorPanel.qml:978 (onPlayingChanged) <- MonitorPanel.qml:536 (startPlayback) <- MonitorPanel.qml:1889 (onClicked)
03:46:25.997 [mov,mp4,m4a,3gp,3g2,mj2 @ 000002a18658ed00] st: 1 edit list: 1 Missing key frame while searching for timestamp: 0
03:46:25.997 [mov,mp4,m4a,3gp,3g2,mj2 @ 000002a18658ed00] st: 1 edit list 1 Cannot find an index entry before timestamp: 0.
03:46:26.221 preview playback: first frame after 253 ms, at source 3333 ms (requested 3333 ms)
03:46:26.221 playback: frame at source 3333 ms, advanced 0 ms of media in 1049 ms of wall clock
03:46:26.272 playback: playhead is 0 ms AHEAD of the picture (playhead 3375 ms, picture 3375 ms)
03:46:27.288 playback: playhead is 0 ms AHEAD of the picture (playhead 4375 ms, picture 4375 ms)
03:46:28.305 playback: playhead is 0 ms AHEAD of the picture (playhead 5375 ms, picture 5375 ms)
03:46:28.708 playback: playing true -> false at playhead 5750 ms [+2741 ms] from MonitorPanel.qml:1887 (onClicked)
03:46:28.708 monitor: playing -> false at 5750
03:46:28.709 playback: session.stop decoder running, picture at 5791 ms [+1 ms] from MonitorPanel.qml:1006 (onPlayingChanged) <- MonitorPanel.qml:1887 (onClicked)
03:46:29.577 playback: playing false -> true at playhead 5791 ms [+878 ms] from MonitorPanel.qml:536 (startPlayback) <- MonitorPanel.qml:1889 (onClicked)
03:46:29.588 monitor: playing -> true at 5791
03:46:29.588 monitor: playback session at playhead 5791 clip clip_541068e9169e
03:46:29.588 playback: session.start The Weakest Boy Enters Demon Slayer Academy With a God’s Power - manhwa recap.mp4 at source 5791 ms, kind video [+0 ms] from MonitorPanel.qml:655 (startProcessPlayback) <- MonitorPanel.qml:978 (onPlayingChanged) <- MonitorPanel.qml:536 (startPlayback) <- MonitorPanel.qml:1889 (onClicked)
03:46:29.621 [mov,mp4,m4a,3gp,3g2,mj2 @ 000002a18658ed00] st: 1 edit list: 1 Missing key frame while searching for timestamp: 0
03:46:29.622 [mov,mp4,m4a,3gp,3g2,mj2 @ 000002a18658ed00] st: 1 edit list 1 Cannot find an index entry before timestamp: 0.
03:46:29.773 preview playback: first frame after 183 ms, at source 5791 ms (requested 5791 ms)
03:46:29.773 playback: frame at source 5791 ms, advanced 0 ms of media in 1092 ms of wall clock
03:46:29.795 playback: playhead is 0 ms AHEAD of the picture (playhead 5791 ms, picture 5791 ms)
03:46:30.287 playback: playing true -> false at playhead 6250 ms [+699 ms] from MonitorPanel.qml:1887 (onClicked)
03:46:30.287 monitor: playing -> false at 6250
03:46:30.287 playback: session.stop decoder running, picture at 6291 ms [+0 ms] from MonitorPanel.qml:1006 (onPlayingChanged) <- MonitorPanel.qml:1887 (onClicked)
03:46:30.723 playback: playing false -> true at playhead 6291 ms [+438 ms] from MonitorPanel.qml:536 (startPlayback) <- MonitorPanel.qml:1889 (onClicked)
03:46:30.723 monitor: playing -> true at 6291
03:46:30.723 monitor: playback session at playhead 6291 clip clip_541068e9169e
03:46:30.723 playback: session.start The Weakest Boy Enters Demon Slayer Academy With a God’s Power - manhwa recap.mp4 at source 6291 ms, kind video [+1 ms] from MonitorPanel.qml:655 (startProcessPlayback) <- MonitorPanel.qml:978 (onPlayingChanged) <- MonitorPanel.qml:536 (startPlayback) <- MonitorPanel.qml:1889 (onClicked)
03:46:30.775 [mov,mp4,m4a,3gp,3g2,mj2 @ 000002a18658d780] st: 1 edit list: 1 Missing key frame while searching for timestamp: 0
03:46:30.776 [mov,mp4,m4a,3gp,3g2,mj2 @ 000002a18658d780] st: 1 edit list 1 Cannot find an index entry before timestamp: 0.
03:46:30.991 preview playback: first frame after 260 ms, at source 6291 ms (requested 6291 ms)
03:46:30.992 playback: frame at source 6291 ms, advanced 0 ms of media in 718 ms of wall clock
03:46:30.995 playback: playhead is 0 ms AHEAD of the picture (playhead 6291 ms, picture 6291 ms)
03:46:31.199 playback: playing true -> false at playhead 6458 ms [+471 ms] from MonitorPanel.qml:1887 (onClicked)
03:46:31.199 monitor: playing -> false at 6458
03:46:31.200 playback: session.stop decoder running, picture at 6458 ms [+0 ms] from MonitorPanel.qml:1006 (onPlayingChanged) <- MonitorPanel.qml:1887 (onClicked)
03:46:31.645 playback: playing false -> true at playhead 6458 ms [+445 ms] from MonitorPanel.qml:536 (startPlayback) <- MonitorPanel.qml:1889 (onClicked)
03:46:31.645 monitor: playing -> true at 6458
03:46:31.645 monitor: playback session at playhead 6458 clip clip_541068e9169e
03:46:31.645 playback: session.start The Weakest Boy Enters Demon Slayer Academy With a God’s Power - manhwa recap.mp4 at source 6458 ms, kind video [+0 ms] from MonitorPanel.qml:655 (startProcessPlayback) <- MonitorPanel.qml:978 (onPlayingChanged) <- MonitorPanel.qml:536 (startPlayback) <- MonitorPanel.qml:1889 (onClicked)
03:46:31.690 [mov,mp4,m4a,3gp,3g2,mj2 @ 000002a18658dfc0] st: 1 edit list: 1 Missing key frame while searching for timestamp: 0
03:46:31.691 [mov,mp4,m4a,3gp,3g2,mj2 @ 000002a18658dfc0] st: 1 edit list 1 Cannot find an index entry before timestamp: 0.
03:46:31.873 preview playback: first frame after 224 ms, at source 6458 ms (requested 6458 ms)
03:46:31.873 playback: frame at source 6458 ms, advanced 0 ms of media in 712 ms of wall clock
03:46:32.020 playback: playhead is 0 ms AHEAD of the picture (playhead 6583 ms, picture 6583 ms)
03:46:32.315 playback: playing true -> false at playhead 6833 ms [+669 ms] from MonitorPanel.qml:1887 (onClicked)
03:46:32.316 monitor: playing -> false at 6833
03:46:32.316 playback: session.stop decoder running, picture at 6875 ms [+0 ms] from MonitorPanel.qml:1006 (onPlayingChanged) <- MonitorPanel.qml:1887 (onClicked)
03:46:32.869 playback: playing false -> true at playhead 6875 ms [+557 ms] from MonitorPanel.qml:536 (startPlayback) <- MonitorPanel.qml:1889 (onClicked)
03:46:32.869 monitor: playing -> true at 6875
03:46:32.869 monitor: playback session at playhead 6875 clip clip_541068e9169e
03:46:32.869 playback: session.start The Weakest Boy Enters Demon Slayer Academy With a God’s Power - manhwa recap.mp4 at source 6875 ms, kind video [+0 ms] from MonitorPanel.qml:655 (startProcessPlayback) <- MonitorPanel.qml:978 (onPlayingChanged) <- MonitorPanel.qml:536 (startPlayback) <- MonitorPanel.qml:1889 (onClicked)
03:46:32.942 [mov,mp4,m4a,3gp,3g2,mj2 @ 000002a18658dd00] st: 1 edit list: 1 Missing key frame while searching for timestamp: 0
03:46:32.943 [mov,mp4,m4a,3gp,3g2,mj2 @ 000002a18658dd00] st: 1 edit list 1 Cannot find an index entry before timestamp: 0.
03:46:33.182 preview playback: first frame after 303 ms, at source 6875 ms (requested 6875 ms)
03:46:33.182 playback: frame at source 6875 ms, advanced 0 ms of media in 891 ms of wall clock
03:46:33.187 playback: playhead is 0 ms AHEAD of the picture (playhead 6875 ms, picture 6875 ms)
03:46:34.195 playback: playhead is 0 ms AHEAD of the picture (playhead 7875 ms, picture 7875 ms)
03:46:35.204 playback: playhead is 0 ms AHEAD of the picture (playhead 8875 ms, picture 8875 ms)
03:46:36.220 playback: playhead is 0 ms AHEAD of the picture (playhead 9875 ms, picture 9875 ms)
03:46:37.276 playback: playhead is 0 ms AHEAD of the picture (playhead 10958 ms, picture 10958 ms)
03:46:38.303 playback: playhead is 0 ms AHEAD of the picture (playhead 11958 ms, picture 11958 ms)
03:46:38.362 playback: playing true -> false at playhead 12041 ms [+5486 ms] from MonitorPanel.qml:1887 (onClicked)
03:46:38.362 monitor: playing -> false at 12041
03:46:38.362 playback: session.stop decoder running, picture at 12041 ms [+0 ms] from MonitorPanel.qml:1006 (onPlayingChanged) <- MonitorPanel.qml:1887 (onClicked)
03:46:39.102 playback: playing false -> true at playhead 12041 ms [+740 ms] from MonitorPanel.qml:536 (startPlayback) <- MonitorPanel.qml:1889 (onClicked)
03:46:39.103 monitor: playing -> true at 12041
03:46:39.103 monitor: playback session at playhead 12041 clip clip_541068e9169e
03:46:39.103 playback: session.start The Weakest Boy Enters Demon Slayer Academy With a God’s Power - manhwa recap.mp4 at source 12041 ms, kind video [+0 ms] from MonitorPanel.qml:655 (startProcessPlayback) <- MonitorPanel.qml:978 (onPlayingChanged) <- MonitorPanel.qml:536 (startPlayback) <- MonitorPanel.qml:1889 (onClicked)
03:46:39.140 [mov,mp4,m4a,3gp,3g2,mj2 @ 000002a18658d500] st: 1 edit list: 1 Missing key frame while searching for timestamp: 0
03:46:39.140 [mov,mp4,m4a,3gp,3g2,mj2 @ 000002a18658d500] st: 1 edit list 1 Cannot find an index entry before timestamp: 0.
03:46:39.270 preview playback: first frame after 164 ms, at source 12041 ms (requested 12041 ms)
03:46:39.271 playback: frame at source 12041 ms, advanced 0 ms of media in 920 ms of wall clock
03:46:39.332 playback: playhead is 0 ms AHEAD of the picture (playhead 12083 ms, picture 12083 ms)
03:46:39.549 playback: playing true -> false at playhead 12291 ms [+444 ms] from MonitorPanel.qml:1887 (onClicked)
03:46:39.549 monitor: playing -> false at 12291
03:46:39.549 playback: session.stop decoder running, picture at 12291 ms [+0 ms] from MonitorPanel.qml:1006 (onPlayingChanged) <- MonitorPanel.qml:1887 (onClicked)
03:46:40.078 playback: playing false -> true at playhead 12291 ms [+530 ms] from MonitorPanel.qml:536 (startPlayback) <- MonitorPanel.qml:1889 (onClicked)
03:46:40.078 monitor: playing -> true at 12291
03:46:40.078 monitor: playback session at playhead 12291 clip clip_541068e9169e
03:46:40.078 playback: session.start The Weakest Boy Enters Demon Slayer Academy With a God’s Power - manhwa recap.mp4 at source 12291 ms, kind video [+0 ms] from MonitorPanel.qml:655 (startProcessPlayback) <- MonitorPanel.qml:978 (onPlayingChanged) <- MonitorPanel.qml:536 (startPlayback) <- MonitorPanel.qml:1889 (onClicked)
03:46:40.125 [mov,mp4,m4a,3gp,3g2,mj2 @ 000002a18658d500] st: 1 edit list: 1 Missing key frame while searching for timestamp: 0
03:46:40.126 [mov,mp4,m4a,3gp,3g2,mj2 @ 000002a18658d500] st: 1 edit list 1 Cannot find an index entry before timestamp: 0.
03:46:40.305 preview playback: first frame after 222 ms, at source 12291 ms (requested 12291 ms)
03:46:40.305 playback: frame at source 12291 ms, advanced 0 ms of media in 781 ms of wall clock
03:46:40.344 playback: playhead is 0 ms AHEAD of the picture (playhead 12291 ms, picture 12291 ms)
03:46:40.631 playback: playing true -> false at playhead 12541 ms [+550 ms] from MonitorPanel.qml:1887 (onClicked)
03:46:40.631 monitor: playing -> false at 12541
03:46:40.632 playback: session.stop decoder running, picture at 12583 ms [+1 ms] from MonitorPanel.qml:1006 (onPlayingChanged) <- MonitorPanel.qml:1887 (onClicked)
03:46:42.308 playback: session.stop decoder idle, picture at 12583 ms [+1676 ms] from MonitorPanel.qml:1079 (onDestruction)
