CrashReporterHost: watching pid 27232 from pid 992 | reports -> C:/Users/USER/AppData/Local/Antigravity/Cut Pro/crash-reports
Cut Pro: native C++/Qt backend, coreVersion = 0.1.2 | built = Aug 30 2026 14:26:16 | executable = C:/premier-pro/python-app/dist/Cut Pro 2026/cutpro.exe
cutpro.gui.watchdog: GUI thread unresponsive for 469 ms, "churning through": "QQmlApplicationEngine::load(qrc:/qml/main.qml)"
cutpro.gui.watchdog:   the innermost frame has only been open 297 ms of the 469 ms stall, so the thread is entering and leaving frames rather than stuck in one: the fix is to do it fewer times, not to move it off the thread.
cutpro.gui.watchdog: GUI thread unresponsive for 962 ms, "wedged in": "QQmlApplicationEngine::load(qrc:/qml/main.qml)"
cutpro.gui.watchdog:   GUI thread backtrace, innermost first (14 frames):
cutpro.gui.watchdog:     #0  "ntdll.dll!NtWaitForSingleObject+0x14"
cutpro.gui.watchdog:     #1  "KERNELBASE.dll!WaitForSingleObjectEx+0xaf"
cutpro.gui.watchdog:     #2  "Qt6Core.dll!QWaitCondition::wait(QMutex*, QDeadlineTimer)+0x9a"
cutpro.gui.watchdog:     #3  "Qt6Qml.dll+0x2afd89 (nearest export: QQmlJS::Parser::parse(int)+0x137a9)"
cutpro.gui.watchdog:     #4  "Qt6Qml.dll!QQmlTypeLoader::loadThread(QQmlRefPointer<QQmlDataBlob> const&)+0x6d6"
cutpro.gui.watchdog:     #5  "Qt6Qml.dll!QQmlTypeLoader::getType(QUrl const&, QQmlTypeLoader::Mode)+0x22b"
cutpro.gui.watchdog:     #6  "Qt6Qml.dll!QQmlComponentPrivate::loadUrl(QUrl const&, QQmlComponent::CompilationMode)+0x1a4"
cutpro.gui.watchdog:     #7  "Qt6Qml.dll!QQmlApplicationEnginePrivate::startLoad(QUrl const&, QByteArray const&, bool)+0x93"
cutpro.gui.watchdog:     #8  "Qt6Qml.dll!QQmlApplicationEngine::load(QUrl const&)+0x3d"
cutpro.gui.watchdog:     #9  "cutpro.exe+0x2d21"
cutpro.gui.watchdog:     #10  "cutpro.exe+0x12ef"
cutpro.gui.watchdog:     #11  "cutpro.exe+0x1406"
cutpro.gui.watchdog:     #12  "KERNEL32.DLL!BaseThreadInitThunk+0x17"
cutpro.gui.watchdog:     #13  "ntdll.dll!RtlUserThreadStart+0x2c"
cutpro.gui.watchdog: GUI thread unresponsive for 1947 ms, "wedged in": "QQmlApplicationEngine::load(qrc:/qml/main.qml)"
cutpro.gui.watchdog:   GUI thread backtrace, innermost first (14 frames):
cutpro.gui.watchdog:     #0  "ntdll.dll!NtWaitForSingleObject+0x14"
cutpro.gui.watchdog:     #1  "KERNELBASE.dll!WaitForSingleObjectEx+0xaf"
cutpro.gui.watchdog:     #2  "Qt6Core.dll!QWaitCondition::wait(QMutex*, QDeadlineTimer)+0x9a"
cutpro.gui.watchdog:     #3  "Qt6Qml.dll+0x2afd89 (nearest export: QQmlJS::Parser::parse(int)+0x137a9)"
cutpro.gui.watchdog:     #4  "Qt6Qml.dll!QQmlTypeLoader::loadThread(QQmlRefPointer<QQmlDataBlob> const&)+0x6d6"
cutpro.gui.watchdog:     #5  "Qt6Qml.dll!QQmlTypeLoader::getType(QUrl const&, QQmlTypeLoader::Mode)+0x22b"
cutpro.gui.watchdog:     #6  "Qt6Qml.dll!QQmlComponentPrivate::loadUrl(QUrl const&, QQmlComponent::CompilationMode)+0x1a4"
cutpro.gui.watchdog:     #7  "Qt6Qml.dll!QQmlApplicationEnginePrivate::startLoad(QUrl const&, QByteArray const&, bool)+0x93"
cutpro.gui.watchdog:     #8  "Qt6Qml.dll!QQmlApplicationEngine::load(QUrl const&)+0x3d"
cutpro.gui.watchdog:     #9  "cutpro.exe+0x2d21"
cutpro.gui.watchdog:     #10  "cutpro.exe+0x12ef"
cutpro.gui.watchdog:     #11  "cutpro.exe+0x1406"
cutpro.gui.watchdog:     #12  "KERNEL32.DLL!BaseThreadInitThunk+0x17"
cutpro.gui.watchdog:     #13  "ntdll.dll!RtlUserThreadStart+0x2c"
cutpro.gui.watchdog: GUI thread STILL blocked after 2005 ms, "wedged in": "QQmlApplicationEngine::load(qrc:/qml/main.qml)" - during launch, before any window exists: this delays startup but cannot show as "Not Responding".
cutpro.gui.watchdog:   GUI thread backtrace, innermost first (14 frames):
cutpro.gui.watchdog:     #0  "ntdll.dll!NtWaitForSingleObject+0x14"
cutpro.gui.watchdog:     #1  "KERNELBASE.dll!WaitForSingleObjectEx+0xaf"
cutpro.gui.watchdog:     #2  "Qt6Core.dll!QWaitCondition::wait(QMutex*, QDeadlineTimer)+0x9a"
cutpro.gui.watchdog:     #3  "Qt6Qml.dll+0x2afd89 (nearest export: QQmlJS::Parser::parse(int)+0x137a9)"
cutpro.gui.watchdog:     #4  "Qt6Qml.dll!QQmlTypeLoader::loadThread(QQmlRefPointer<QQmlDataBlob> const&)+0x6d6"
cutpro.gui.watchdog:     #5  "Qt6Qml.dll!QQmlTypeLoader::getType(QUrl const&, QQmlTypeLoader::Mode)+0x22b"
cutpro.gui.watchdog:     #6  "Qt6Qml.dll!QQmlComponentPrivate::loadUrl(QUrl const&, QQmlComponent::CompilationMode)+0x1a4"
cutpro.gui.watchdog:     #7  "Qt6Qml.dll!QQmlApplicationEnginePrivate::startLoad(QUrl const&, QByteArray const&, bool)+0x93"
cutpro.gui.watchdog:     #8  "Qt6Qml.dll!QQmlApplicationEngine::load(QUrl const&)+0x3d"
cutpro.gui.watchdog:     #9  "cutpro.exe+0x2d21"
cutpro.gui.watchdog:     #10  "cutpro.exe+0x12ef"
cutpro.gui.watchdog:     #11  "cutpro.exe+0x1406"
cutpro.gui.watchdog:     #12  "KERNEL32.DLL!BaseThreadInitThunk+0x17"
cutpro.gui.watchdog:     #13  "ntdll.dll!RtlUserThreadStart+0x2c"
qt.multimedia.ffmpeg: Using Qt multimedia with FFmpeg version 7.1.3 LGPL version 2.1 or later
cutpro.gui.watchdog: GUI thread unresponsive for 438 ms, "wedged in": "Backend::warmAudioOutput > FfmpegPreviewDecoder::warmAudioOutput"
cutpro.gui.watchdog: GUI thread unresponsive for 877 ms, "wedged in": "Backend::warmAudioOutput > FfmpegPreviewDecoder::warmAudioOutput"
cutpro.gui.watchdog:   GUI thread backtrace, innermost first (39 frames):
cutpro.gui.watchdog:     #0  "ntdll.dll!ZwAlpcSendWaitReceivePort+0x14"
cutpro.gui.watchdog:     #1  "RPCRT4.dll+0x407d4 (nearest export: RpcExceptionFilter+0x3ed4)"
cutpro.gui.watchdog:     #2  "RPCRT4.dll+0x3fc76 (nearest export: RpcExceptionFilter+0x3376)"
cutpro.gui.watchdog:     #3  "RPCRT4.dll!NdrClientCall3+0x78c"
cutpro.gui.watchdog:     #4  "RPCRT4.dll!NdrClientCall3+0xed"
cutpro.gui.watchdog:     #5  "AUDIOSES.DLL+0x4fb20"
cutpro.gui.watchdog:     #6  "AUDIOSES.DLL+0x1cf93"
cutpro.gui.watchdog:     #7  "AUDIOSES.DLL+0x1c62c"
cutpro.gui.watchdog:     #8  "AUDIOSES.DLL+0x1afe4"
cutpro.gui.watchdog:     #9  "AUDIOSES.DLL+0x1aebd"
cutpro.gui.watchdog:     #10  "AUDIOSES.DLL+0x1adf3"
cutpro.gui.watchdog:     #11  "Qt6Multimedia.dll!QWindowsAudioUtils::mediaTypeToFormat(IMFMediaType*)+0xfa1"
cutpro.gui.watchdog:     #12  "Qt6Multimedia.dll+0x77e10 (nearest export: QtMultimediaPrivate::refreshWarmupClient()+0x8d40)"
cutpro.gui.watchdog:     #13  "Qt6Multimedia.dll+0x780fa (nearest export: QtMultimediaPrivate::refreshWarmupClient()+0x902a)"
cutpro.gui.watchdog:     #14  "Qt6Multimedia.dll+0x9778a (nearest export: QWindowsVideoDevices::~QWindowsVideoDevices()+0x179fa)"
cutpro.gui.watchdog:     #15  "cutpro_preview.dll!FfmpegPreviewDecoder::warmAudioOutput()+0x106"
cutpro.gui.watchdog:     #16  "cutpro_backend.dll+0xef27 (nearest export: ProjectDatabase::qt_metacall(QMetaObject::Call, int, void**)+0x61af)"
cutpro.gui.watchdog:     #17  "cutpro_backend.dll+0x50a73 (nearest export: Backend::updateExportProgress()+0x8ffd)"
cutpro.gui.watchdog:     #18  "cutpro_backend.dll+0x51666 (nearest export: Backend::updateExportProgress()+0x9bf0)"
cutpro.gui.watchdog:     #19  "cutpro_backend.dll+0x50aaa (nearest export: Backend::updateExportProgress()+0x9034)"
cutpro.gui.watchdog:     #20  "cutpro_backend.dll+0x4f6ba (nearest export: Backend::updateExportProgress()+0x7c44)"
cutpro.gui.watchdog:     #21  "cutpro_backend.dll+0x4d6aa (nearest export: Backend::updateExportProgress()+0x5c34)"
cutpro.gui.watchdog:     #22  "Qt6Core.dll+0x3fd299 (nearest export: z_adler32_combine64+0x6b4b9)"
cutpro.gui.watchdog:     #23  "Qt6Core.dll!QSignalMapper::qt_metacall(QMetaObject::Call, int, void**)+0x241"
cutpro.gui.watchdog:     #24  "Qt6Core.dll!QObject::event(QEvent*)+0x229"
cutpro.gui.watchdog:     #25  "Qt6Core.dll!QCoreApplication::notifyInternal2(QObject*, QEvent*)+0x19a"
cutpro.gui.watchdog:     #26  "Qt6Core.dll!QEventDispatcherWin32Private::sendTimerEvent(int)+0x1a8"
cutpro.gui.watchdog:     #27  "Qt6Core.dll!QEventDispatcherWin32Private::sendTimerEvent(int)+0xabc"
cutpro.gui.watchdog:     #28  "USER32.dll!CallWindowProcW+0x6a6"
cutpro.gui.watchdog:     #29  "USER32.dll!IsWindowUnicode+0x20d"
cutpro.gui.watchdog:     #30  "Qt6Core.dll!QEventDispatcherWin32::processEvents(QFlags<QEventLoop::ProcessEventsFlag>)+0x692"
cutpro.gui.watchdog:     #31  "Qt6Gui.dll!QWindowsGuiEventDispatcher::processEvents(QFlags<QEventLoop::ProcessEventsFlag>)+0x19"
cutpro.gui.watchdog:     #32  "Qt6Core.dll!QEventLoop::exec(QFlags<QEventLoop::ProcessEventsFlag>)+0x232"
cutpro.gui.watchdog:     #33  "Qt6Core.dll!QCoreApplication::exec()+0x96"
cutpro.gui.watchdog:     #34  "cutpro.exe+0x2dd5"
cutpro.gui.watchdog:     #35  "cutpro.exe+0x12ef"
cutpro.gui.watchdog:     #36  "cutpro.exe+0x1406"
cutpro.gui.watchdog:     #37  "KERNEL32.DLL!BaseThreadInitThunk+0x17"
cutpro.gui.watchdog:     #38  "ntdll.dll!RtlUserThreadStart+0x2c"
cutpro.preview.ffmpeg: [mov,mp4,m4a,3gp,3g2,mj2 @ 0000019a549994c0] st: 1 edit list: 1 Missing key frame while searching for timestamp: 0
cutpro.preview.ffmpeg: [mov,mp4,m4a,3gp,3g2,mj2 @ 0000019a549994c0] st: 1 edit list 1 Cannot find an index entry before timestamp: 0.
cutpro.preview.ffmpeg: [mov,mp4,m4a,3gp,3g2,mj2 @ 0000019a549994c0] st: 1 edit list: 1 Missing key frame while searching for timestamp: 0
cutpro.preview.ffmpeg: [mov,mp4,m4a,3gp,3g2,mj2 @ 0000019a549994c0] st: 1 edit list 1 Cannot find an index entry before timestamp: 0.
cutpro.preview.ffmpeg: [mov,mp4,m4a,3gp,3g2,mj2 @ 0000019a54999f80] st: 1 edit list: 1 Missing key frame while searching for timestamp: 0
cutpro.preview.ffmpeg: [mov,mp4,m4a,3gp,3g2,mj2 @ 0000019a54999f80] st: 1 edit list 1 Cannot find an index entry before timestamp: 0.
cutpro.preview.ffmpeg: [mov,mp4,m4a,3gp,3g2,mj2 @ 0000019a54999d00] st: 1 edit list: 1 Missing key frame while searching for timestamp: 0
cutpro.preview.ffmpeg: [mov,mp4,m4a,3gp,3g2,mj2 @ 0000019a54999d00] st: 1 edit list 1 Cannot find an index entry before timestamp: 0.
cutpro.gui.watchdog: GUI thread unresponsive for 436 ms, "wedged in": "FfmpegPreviewDecoder::start"
cutpro.gui.watchdog: GUI thread unresponsive for 420 ms, "stalled somewhere unmarked": "no marked scope"
cutpro.gui.watchdog: GUI thread unresponsive for 873 ms, "stalled somewhere unmarked": "no marked scope"
cutpro.gui.watchdog:   GUI thread backtrace, innermost first (48 frames):
cutpro.gui.watchdog:     #0  "Qt6Gui.dll!QLayoutPolicy::setControlType(QLayoutPolicy::ControlType)+0x18"
cutpro.gui.watchdog:     #1  "Qt6Quick.dll!non-virtual thunk to QQuickMouseArea::~QQuickMouseArea()+0x5b"
cutpro.gui.watchdog:     #2  "Qt6Quick.dll!QQuickMouseArea::QQuickMouseArea(QQuickItem*)+0x39"
cutpro.gui.watchdog:     #3  "Qt6Quick.dll+0x3442d3 (nearest export: QQuickInputMethod::qt_metacall(QMetaObject::Call, int, void**)+0x12273)"
cutpro.gui.watchdog:     #4  "Qt6Qml.dll!QQmlType::create(void**, unsigned long long) const+0x4d"
cutpro.gui.watchdog:     #5  "Qt6Qml.dll!QQmlType::createWithQQmlData() const+0x35"
cutpro.gui.watchdog:     #6  "Qt6Qml.dll!QQmlObjectCreator::createInstance(int, QObject*, bool)+0xd95"
cutpro.gui.watchdog:     #7  "Qt6Qml.dll!QQmlObjectCreator::setPropertyBinding(QQmlPropertyData const*, QV4::CompiledData::Binding const*)+0x19b"
cutpro.gui.watchdog:     #8  "Qt6Qml.dll!QQmlObjectCreator::setupBindings(QFlags<QQmlObjectCreator::BindingMode>)+0x53e"
cutpro.gui.watchdog:     #9  "Qt6Qml.dll!QQmlObjectCreator::populateInstance(int, QObject*, QObject*, QQmlPropertyData const*, QV4::CompiledData::Binding const*)+0x230"
cutpro.gui.watchdog:     #10  "Qt6Qml.dll!QQmlObjectCreator::createInstance(int, QObject*, bool)+0x4ca"
cutpro.gui.watchdog:     #11  "Qt6Qml.dll!QQmlObjectCreator::populateDeferredInstance(QObject*, int, int, QObject*, QObject*, QQmlPropertyData const*, QV4::CompiledData::Binding const*)+0x4c1"
cutpro.gui.watchdog:     #12  "Qt6Qml.dll!QQmlIncubatorPrivate::incubate(QQmlInstantiationInterrupt&)+0x5bd"
cutpro.gui.watchdog:     #13  "Qt6Qml.dll!QQmlEnginePrivate::incubate(QQmlIncubator&, QQmlRefPointer<QQmlContextData> const&)+0x246"
cutpro.gui.watchdog:     #14  "Qt6QmlModels.dll!QQmlDelegateModel::cancel(int)+0x88b"
cutpro.gui.watchdog:     #15  "Qt6Quick.dll!QQuickRepeater::modelUpdated(QQmlChangeSet const&, bool)+0xd61"
cutpro.gui.watchdog:     #16  "Qt6Core.dll+0x3fd299 (nearest export: z_adler32_combine64+0x6b4b9)"
cutpro.gui.watchdog:     #17  "Qt6QmlModels.dll!QQmlInstanceModel::modelUpdated(QQmlChangeSet const&, bool)+0x4f"
cutpro.gui.watchdog:     #18  "Qt6QmlModels.dll!QQmlDelegateModel::event(QEvent*)+0x2ad"
cutpro.gui.watchdog:     #19  "Qt6QmlModels.dll!QQmlDelegateModel::indexOf(QObject*, QObject*) const+0x873"
cutpro.gui.watchdog:     #20  "Qt6QmlModels.dll+0x38757 (nearest export: QQmlDelegateModelItemMetaType::initializePrototype()+0x1417)"
cutpro.gui.watchdog:     #21  "Qt6QmlModels.dll!QQmlDelegateModel::_q_itemsInserted(int, int)+0x140"
cutpro.gui.watchdog:     #22  "Qt6Core.dll+0x3fd299 (nearest export: z_adler32_combine64+0x6b4b9)"
cutpro.gui.watchdog:     #23  "Qt6Core.dll!QAbstractItemModel::endInsertRows()+0x110"
cutpro.gui.watchdog:     #24  "cutpro_timeline.dll!TimelineClipModel::applyVisible(QList<int> const&)+0x5db"
cutpro.gui.watchdog:     #25  "cutpro_timeline.dll!TimelineClipModel::rebuild(bool)+0x1ad"
cutpro.gui.watchdog:     #26  "cutpro_timeline.dll!TimelineClipModel::setClips(QList<QVariant> const&)+0x2d2"
cutpro.gui.watchdog:     #27  "cutpro_backend.dll+0xa4bb (nearest export: ProjectDatabase::qt_metacall(QMetaObject::Call, int, void**)+0x1743)"
cutpro.gui.watchdog:     #28  "cutpro_backend.dll+0x4ed1f (nearest export: Backend::updateExportProgress()+0x72a9)"
cutpro.gui.watchdog:     #29  "cutpro_backend.dll+0x506ca (nearest export: Backend::updateExportProgress()+0x8c54)"
cutpro.gui.watchdog:     #30  "cutpro_backend.dll+0x4ed56 (nearest export: Backend::updateExportProgress()+0x72e0)"
cutpro.gui.watchdog:     #31  "cutpro_backend.dll+0x4d148 (nearest export: Backend::updateExportProgress()+0x56d2)"
cutpro.gui.watchdog:     #32  "cutpro_backend.dll+0x4b432 (nearest export: Backend::updateExportProgress()+0x39bc)"
cutpro.gui.watchdog:     #33  "Qt6Core.dll+0x3fd299 (nearest export: z_adler32_combine64+0x6b4b9)"
cutpro.gui.watchdog:     #34  "cutpro_backend.dll!Backend::clipsChanged()+0x2f"
cutpro.gui.watchdog:     #35  "cutpro_backend.dll!Backend::addTranscriptToTimeline()+0x57c"
cutpro.gui.watchdog:     #36  "cutpro_backend.dll+0x42e2 (nearest export: Backend::qt_static_metacall(QObject*, QMetaObject::Call, int, void**)+0x2f1c)"
cutpro.gui.watchdog:     #37  "cutpro_backend.dll!Backend::qt_metacall(QMetaObject::Call, int, void**)+0x73"
cutpro.gui.watchdog:     #38  "Qt6Qml.dll!QQmlObjectCreator::create(int, QObject*, QQmlInstantiationInterrupt*, int)+0x94"
cutpro.gui.watchdog:     #39  "Qt6Qml.dll+0x10a743 (nearest export: QV4::Heap::QObjectWrapper::markObjects(QV4::Heap::Base*, QV4::MarkStack*)+0x1843)"
cutpro.gui.watchdog:     #40  "Qt6Qml.dll!QV4::QObjectMethod::callPrecise(QQmlObjectOrGadget const&, QQmlPropertyData const&, QV4::ExecutionEngine*, QV4::CallData*, QMetaObject::Call)+0x170"
cutpro.gui.watchdog:     #41  "Qt6Qml.dll!QV4::QObjectMethod::callInternal(QV4::Value const*, QV4::Value const*, int) const+0x858"
cutpro.gui.watchdog:     #42  "Qt6Qml.dll+0x1613dc (nearest export: qt_v4DebuggerHook+0x33ec)"
cutpro.gui.watchdog:     #43  "Qt6Qml.dll+0x165c9f (nearest export: qt_v4DebuggerHook+0x7caf)"
cutpro.gui.watchdog:     #44  "Qt6Qml.dll!QV4::ExecutableCompilationUnit::createNamedObjectsPerComponent(int)+0x82f"
cutpro.gui.watchdog:     #45  "Qt6Qml.dll!QV4::Function::call(QObject*, void**, QMetaType const*, int, QV4::ExecutionContext*)+0x293"
cutpro.gui.watchdog:     #46  "Qt6Qml.dll!QQmlJavaScriptExpression::evaluate(void**, QMetaType const*, int)+0x105"
cutpro.gui.watchdog:     #47  "Qt6Qml.dll!QQmlBoundSignalExpression::evaluate(void**)+0x31c"
cutpro.gui.watchdog: GUI thread unresponsive for 1794 ms, "stalled somewhere unmarked": "no marked scope"
cutpro.gui.watchdog:   GUI thread backtrace, innermost first (48 frames):
cutpro.gui.watchdog:     #0  "Qt6Qml.dll!QQmlData::isSignalConnected(QAbstractDeclarativeData*, QObject const*, int)"
cutpro.gui.watchdog:     #1  "Qt6Core.dll+0x3fcf02 (nearest export: z_adler32_combine64+0x6b122)"
cutpro.gui.watchdog:     #2  "Qt6Quick.dll!QQuickItem::geometryChange(QRectF const&, QRectF const&)+0x20f"
cutpro.gui.watchdog:     #3  "Qt6Quick.dll!QQuickItem::setWidth(double)+0x11f"
cutpro.gui.watchdog:     #4  "Qt6Quick.dll+0x3d0c0f (nearest export: QQuickInputMethod::qt_metacall(QMetaObject::Call, int, void**)+0x9ebaf)"
cutpro.gui.watchdog:     #5  "Qt6Core.dll!QPropertyBindingPrivate::evaluateRecursive(QVarLengthArray<QPropertyBindingPrivatePtr, 256ll>&, QBindingStatus*)+0x181"
cutpro.gui.watchdog:     #6  "Qt6Core.dll!QtPrivate::QPropertyBindingData::setBinding(QUntypedPropertyBinding const&, QUntypedPropertyData*, void (*)(QUntypedPropertyData*), bool (*)(QMetaType, QUntypedPropertyData*, QtPrivate::QPropertyBindingFunction))+0x1c1"
cutpro.gui.watchdog:     #7  "Qt6Quick.dll!non-virtual thunk to QQuickKeysAttached::~QQuickKeysAttached()+0xad"
cutpro.gui.watchdog:     #8  "Qt6Qml.dll!QQmlObjectCreator::finalize(QQmlInstantiationInterrupt&)+0x3b9"
cutpro.gui.watchdog:     #9  "Qt6Qml.dll!QQmlIncubatorPrivate::incubate(QQmlInstantiationInterrupt&)+0x4b8"
cutpro.gui.watchdog:     #10  "Qt6Qml.dll!QQmlEnginePrivate::incubate(QQmlIncubator&, QQmlRefPointer<QQmlContextData> const&)+0x246"
cutpro.gui.watchdog:     #11  "Qt6QmlModels.dll!QQmlDelegateModel::cancel(int)+0x88b"
cutpro.gui.watchdog:     #12  "Qt6Quick.dll!QQuickRepeater::modelUpdated(QQmlChangeSet const&, bool)+0xd61"
cutpro.gui.watchdog:     #13  "Qt6Core.dll+0x3fd299 (nearest export: z_adler32_combine64+0x6b4b9)"
cutpro.gui.watchdog:     #14  "Qt6QmlModels.dll!QQmlInstanceModel::modelUpdated(QQmlChangeSet const&, bool)+0x4f"
cutpro.gui.watchdog:     #15  "Qt6QmlModels.dll!QQmlDelegateModel::event(QEvent*)+0x2ad"
cutpro.gui.watchdog:     #16  "Qt6QmlModels.dll!QQmlDelegateModel::indexOf(QObject*, QObject*) const+0x873"
cutpro.gui.watchdog:     #17  "Qt6QmlModels.dll+0x38757 (nearest export: QQmlDelegateModelItemMetaType::initializePrototype()+0x1417)"
cutpro.gui.watchdog:     #18  "Qt6QmlModels.dll!QQmlDelegateModel::_q_itemsInserted(int, int)+0x140"
cutpro.gui.watchdog:     #19  "Qt6Core.dll+0x3fd299 (nearest export: z_adler32_combine64+0x6b4b9)"
cutpro.gui.watchdog:     #20  "Qt6Core.dll!QAbstractItemModel::endInsertRows()+0x110"
cutpro.gui.watchdog:     #21  "cutpro_timeline.dll!TimelineClipModel::applyVisible(QList<int> const&)+0x5db"
cutpro.gui.watchdog:     #22  "cutpro_timeline.dll!TimelineClipModel::rebuild(bool)+0x1ad"
cutpro.gui.watchdog:     #23  "cutpro_timeline.dll!TimelineClipModel::setClips(QList<QVariant> const&)+0x2d2"
cutpro.gui.watchdog:     #24  "cutpro_backend.dll+0xa4bb (nearest export: ProjectDatabase::qt_metacall(QMetaObject::Call, int, void**)+0x1743)"
cutpro.gui.watchdog:     #25  "cutpro_backend.dll+0x4ed1f (nearest export: Backend::updateExportProgress()+0x72a9)"
cutpro.gui.watchdog:     #26  "cutpro_backend.dll+0x506ca (nearest export: Backend::updateExportProgress()+0x8c54)"
cutpro.gui.watchdog:     #27  "cutpro_backend.dll+0x4ed56 (nearest export: Backend::updateExportProgress()+0x72e0)"
cutpro.gui.watchdog:     #28  "cutpro_backend.dll+0x4d148 (nearest export: Backend::updateExportProgress()+0x56d2)"
cutpro.gui.watchdog:     #29  "cutpro_backend.dll+0x4b432 (nearest export: Backend::updateExportProgress()+0x39bc)"
cutpro.gui.watchdog:     #30  "Qt6Core.dll+0x3fd299 (nearest export: z_adler32_combine64+0x6b4b9)"
cutpro.gui.watchdog:     #31  "cutpro_backend.dll!Backend::clipsChanged()+0x2f"
cutpro.gui.watchdog:     #32  "cutpro_backend.dll!Backend::addTranscriptToTimeline()+0x57c"
cutpro.gui.watchdog:     #33  "cutpro_backend.dll+0x42e2 (nearest export: Backend::qt_static_metacall(QObject*, QMetaObject::Call, int, void**)+0x2f1c)"
cutpro.gui.watchdog:     #34  "cutpro_backend.dll!Backend::qt_metacall(QMetaObject::Call, int, void**)+0x73"
cutpro.gui.watchdog:     #35  "Qt6Qml.dll!QQmlObjectCreator::create(int, QObject*, QQmlInstantiationInterrupt*, int)+0x94"
cutpro.gui.watchdog:     #36  "Qt6Qml.dll+0x10a743 (nearest export: QV4::Heap::QObjectWrapper::markObjects(QV4::Heap::Base*, QV4::MarkStack*)+0x1843)"
cutpro.gui.watchdog:     #37  "Qt6Qml.dll!QV4::QObjectMethod::callPrecise(QQmlObjectOrGadget const&, QQmlPropertyData const&, QV4::ExecutionEngine*, QV4::CallData*, QMetaObject::Call)+0x170"
cutpro.gui.watchdog:     #38  "Qt6Qml.dll!QV4::QObjectMethod::callInternal(QV4::Value const*, QV4::Value const*, int) const+0x858"
cutpro.gui.watchdog:     #39  "Qt6Qml.dll+0x1613dc (nearest export: qt_v4DebuggerHook+0x33ec)"
cutpro.gui.watchdog:     #40  "Qt6Qml.dll+0x165c9f (nearest export: qt_v4DebuggerHook+0x7caf)"
cutpro.gui.watchdog:     #41  "Qt6Qml.dll!QV4::ExecutableCompilationUnit::createNamedObjectsPerComponent(int)+0x82f"
cutpro.gui.watchdog:     #42  "Qt6Qml.dll!QV4::Function::call(QObject*, void**, QMetaType const*, int, QV4::ExecutionContext*)+0x293"
cutpro.gui.watchdog:     #43  "Qt6Qml.dll!QQmlJavaScriptExpression::evaluate(void**, QMetaType const*, int)+0x105"
cutpro.gui.watchdog:     #44  "Qt6Qml.dll!QQmlBoundSignalExpression::evaluate(void**)+0x31c"
cutpro.gui.watchdog:     #45  "Qt6Qml.dll!QQmlBoundSignalExpression::QQmlBoundSignalExpression(QObject const*, int, QQmlRefPointer<QQmlContextData> const&, QObject*, QV4::Function*, QV4::ExecutionContext*)+0x8f8"
cutpro.gui.watchdog:     #46  "Qt6Qml.dll!QQmlNotifier::emitNotify(QQmlNotifierEndpoint*, void**)+0x215"
cutpro.gui.watchdog:     #47  "Qt6Core.dll+0x3fcf21 (nearest export: z_adler32_combine64+0x6b141)"
cutpro.gui.watchdog: GUI thread STILL blocked after 2033 ms, "stalled somewhere unmarked": "no marked scope" - this is the state Windows shows as "Not Responding".
cutpro.gui.watchdog:   GUI thread backtrace, innermost first (48 frames):
cutpro.gui.watchdog:     #0  "0x19a01790584"
cutpro.gui.watchdog:     #1  "Qt6Qml.dll+0x165b98 (nearest export: qt_v4DebuggerHook+0x7ba8)"
cutpro.gui.watchdog:     #2  "Qt6Qml.dll!QV4::ExecutableCompilationUnit::createNamedObjectsPerComponent(int)+0x82f"
cutpro.gui.watchdog:     #3  "Qt6Qml.dll!QQmlJavaScriptExpression::evaluate(QV4::CallData*, bool*)+0x31d"
cutpro.gui.watchdog:     #4  "Qt6Qml.dll!QQmlBinding::evaluate(bool*)+0xb7"
cutpro.gui.watchdog:     #5  "Qt6Qml.dll!QQmlBinding::doUpdate(QQmlJavaScriptExpression::DeleteWatcher const&, QFlags<QQmlPropertyData::WriteFlag>, QV4::Scope&)+0x7e"
cutpro.gui.watchdog:     #6  "Qt6Qml.dll!QQmlBinding::update(QFlags<QQmlPropertyData::WriteFlag>)+0x211"
cutpro.gui.watchdog:     #7  "Qt6Qml.dll!QQmlObjectCreator::finalize(QQmlInstantiationInterrupt&)+0x161"
cutpro.gui.watchdog:     #8  "Qt6Qml.dll!QQmlIncubatorPrivate::incubate(QQmlInstantiationInterrupt&)+0x4b8"
cutpro.gui.watchdog:     #9  "Qt6Qml.dll!QQmlEnginePrivate::incubate(QQmlIncubator&, QQmlRefPointer<QQmlContextData> const&)+0x246"
cutpro.gui.watchdog:     #10  "Qt6QmlModels.dll!QQmlDelegateModel::cancel(int)+0x88b"
cutpro.gui.watchdog:     #11  "Qt6Quick.dll!QQuickRepeater::modelUpdated(QQmlChangeSet const&, bool)+0xd61"
cutpro.gui.watchdog:     #12  "Qt6Core.dll+0x3fd299 (nearest export: z_adler32_combine64+0x6b4b9)"
cutpro.gui.watchdog:     #13  "Qt6QmlModels.dll!QQmlInstanceModel::modelUpdated(QQmlChangeSet const&, bool)+0x4f"
cutpro.gui.watchdog:     #14  "Qt6QmlModels.dll!QQmlDelegateModel::event(QEvent*)+0x2ad"
cutpro.gui.watchdog:     #15  "Qt6QmlModels.dll!QQmlDelegateModel::indexOf(QObject*, QObject*) const+0x873"
cutpro.gui.watchdog:     #16  "Qt6QmlModels.dll+0x38757 (nearest export: QQmlDelegateModelItemMetaType::initializePrototype()+0x1417)"
cutpro.gui.watchdog:     #17  "Qt6QmlModels.dll!QQmlDelegateModel::_q_itemsInserted(int, int)+0x140"
cutpro.gui.watchdog:     #18  "Qt6Core.dll+0x3fd299 (nearest export: z_adler32_combine64+0x6b4b9)"
cutpro.gui.watchdog:     #19  "Qt6Core.dll!QAbstractItemModel::endInsertRows()+0x110"
cutpro.gui.watchdog:     #20  "cutpro_timeline.dll!TimelineClipModel::applyVisible(QList<int> const&)+0x5db"
cutpro.gui.watchdog:     #21  "cutpro_timeline.dll!TimelineClipModel::rebuild(bool)+0x1ad"
cutpro.gui.watchdog:     #22  "cutpro_timeline.dll!TimelineClipModel::setClips(QList<QVariant> const&)+0x2d2"
cutpro.gui.watchdog:     #23  "cutpro_backend.dll+0xa4bb (nearest export: ProjectDatabase::qt_metacall(QMetaObject::Call, int, void**)+0x1743)"
cutpro.gui.watchdog:     #24  "cutpro_backend.dll+0x4ed1f (nearest export: Backend::updateExportProgress()+0x72a9)"
cutpro.gui.watchdog:     #25  "cutpro_backend.dll+0x506ca (nearest export: Backend::updateExportProgress()+0x8c54)"
cutpro.gui.watchdog:     #26  "cutpro_backend.dll+0x4ed56 (nearest export: Backend::updateExportProgress()+0x72e0)"
cutpro.gui.watchdog:     #27  "cutpro_backend.dll+0x4d148 (nearest export: Backend::updateExportProgress()+0x56d2)"
cutpro.gui.watchdog:     #28  "cutpro_backend.dll+0x4b432 (nearest export: Backend::updateExportProgress()+0x39bc)"
cutpro.gui.watchdog:     #29  "Qt6Core.dll+0x3fd299 (nearest export: z_adler32_combine64+0x6b4b9)"
cutpro.gui.watchdog:     #30  "cutpro_backend.dll!Backend::clipsChanged()+0x2f"
cutpro.gui.watchdog:     #31  "cutpro_backend.dll!Backend::addTranscriptToTimeline()+0x57c"
cutpro.gui.watchdog:     #32  "cutpro_backend.dll+0x42e2 (nearest export: Backend::qt_static_metacall(QObject*, QMetaObject::Call, int, void**)+0x2f1c)"
cutpro.gui.watchdog:     #33  "cutpro_backend.dll!Backend::qt_metacall(QMetaObject::Call, int, void**)+0x73"
cutpro.gui.watchdog:     #34  "Qt6Qml.dll!QQmlObjectCreator::create(int, QObject*, QQmlInstantiationInterrupt*, int)+0x94"
cutpro.gui.watchdog:     #35  "Qt6Qml.dll+0x10a743 (nearest export: QV4::Heap::QObjectWrapper::markObjects(QV4::Heap::Base*, QV4::MarkStack*)+0x1843)"
cutpro.gui.watchdog:     #36  "Qt6Qml.dll!QV4::QObjectMethod::callPrecise(QQmlObjectOrGadget const&, QQmlPropertyData const&, QV4::ExecutionEngine*, QV4::CallData*, QMetaObject::Call)+0x170"
cutpro.gui.watchdog:     #37  "Qt6Qml.dll!QV4::QObjectMethod::callInternal(QV4::Value const*, QV4::Value const*, int) const+0x858"
cutpro.gui.watchdog:     #38  "Qt6Qml.dll+0x1613dc (nearest export: qt_v4DebuggerHook+0x33ec)"
cutpro.gui.watchdog:     #39  "Qt6Qml.dll+0x165c9f (nearest export: qt_v4DebuggerHook+0x7caf)"
cutpro.gui.watchdog:     #40  "Qt6Qml.dll!QV4::ExecutableCompilationUnit::createNamedObjectsPerComponent(int)+0x82f"
cutpro.gui.watchdog:     #41  "Qt6Qml.dll!QV4::Function::call(QObject*, void**, QMetaType const*, int, QV4::ExecutionContext*)+0x293"
cutpro.gui.watchdog:     #42  "Qt6Qml.dll!QQmlJavaScriptExpression::evaluate(void**, QMetaType const*, int)+0x105"
cutpro.gui.watchdog:     #43  "Qt6Qml.dll!QQmlBoundSignalExpression::evaluate(void**)+0x31c"
cutpro.gui.watchdog:     #44  "Qt6Qml.dll!QQmlBoundSignalExpression::QQmlBoundSignalExpression(QObject const*, int, QQmlRefPointer<QQmlContextData> const&, QObject*, QV4::Function*, QV4::ExecutionContext*)+0x8f8"
cutpro.gui.watchdog:     #45  "Qt6Qml.dll!QQmlNotifier::emitNotify(QQmlNotifierEndpoint*, void**)+0x215"
cutpro.gui.watchdog:     #46  "Qt6Core.dll+0x3fcf21 (nearest export: z_adler32_combine64+0x6b141)"
cutpro.gui.watchdog:     #47  "Qt6QuickTemplates2.dll!QQuickAbstractButtonPrivate::handleRelease(QPointF const&, unsigned long)+0x1a9"
ItemTreeCensus: scene grew by 123739 items in one sample ( 5644 -> 129383 )
 items 129383  depth 22  walk 173905us
widest parent: 2593 children of ... > QQuickColumnLayout > QQuickLoader > EditView > QQuickLoader > SplitView > SplitView > TimelinePanel > QQuickColumnLayout > QQuickItem_QML_226 > QQuickFlickable > QQuickItem_QML_231 > QQuickItem_QML_235
    21426  QQuickRectangle
          at ApplicationWindow > QQuickColumnLayout > QQuickLoader > EditView > QQuickLoader > SplitView > QQuickRectangle
    10504  QQmlDelegateModelGroup
          at ... > QQuickLoader > EditView > QQuickLoader > SplitView > SplitView > AudioMeters > QQuickColumnLayout > QQuickRowLayout > QQuickItem > QQuickRepeater > QQmlDelegateModel > QQmlDelegateModelGroup
    10341  QQmlTimer
          at ApplicationWindow > QQuickColumnLayout > QQuickLoader > EditView > QQuickLoader > SplitView > SplitView > AudioMeters > QQmlTimer
     8277  QQuickText
          at ... > QQuickColumnLayout > QQuickLoader > EditView > QQuickLoader > SplitView > SplitView > AudioMeters > QQuickColumnLayout > QQuickRowLayout > QQuickRowLayout > QQuickColumnLayout > QQuickText
     7938  QQuickImage
     7779  QQuickMouseArea
     7753  AppCursorAttached
     5356  QQuickPen
     5343  QQmlComponent
     5252  QQmlDelegateModel
     5212  QQmlComponentAttached
     5198  QQuickRepeater
     5172  QQuickGradientStop
     2636  QQuickTapHandler
     2584  QGradient
     2582  TimelineClipLabel
     2582  TimelineClipWaveform
     2582  TimelineClipContent
     2582  QQuickRectangle_QML_240
     2582  TimelineClipFilmstrip
     2582  QQuickDropArea
      505  QQuickLayoutAttached
      210  QQuickHoverHandler
      185  QQuickItem_QML_229
cutpro.preview.ffmpeg: [mov,mp4,m4a,3gp,3g2,mj2 @ 0000019a54999d00] st: 1 edit list: 1 Missing key frame while searching for timestamp: 0
cutpro.preview.ffmpeg: [mov,mp4,m4a,3gp,3g2,mj2 @ 0000019a54999d00] st: 1 edit list 1 Cannot find an index entry before timestamp: 0.
cutpro.gui.watchdog: GUI thread unresponsive for 426 ms, "wedged in": "FfmpegPreviewDecoder::start"
cutpro.gui.watchdog: GUI thread unresponsive for 445 ms, "stalled somewhere unmarked": "no marked scope"
cutpro.preview.ffmpeg: [mov,mp4,m4a,3gp,3g2,mj2 @ 0000019a54998a00] st: 1 edit list: 1 Missing key frame while searching for timestamp: 0
cutpro.preview.ffmpeg: [mov,mp4,m4a,3gp,3g2,mj2 @ 0000019a54998a00] st: 1 edit list 1 Cannot find an index entry before timestamp: 0.
cutpro.gui.watchdog: GUI thread unresponsive for 406 ms, "wedged in": "FfmpegPreviewDecoder::start"
cutpro.preview.ffmpeg: [mov,mp4,m4a,3gp,3g2,mj2 @ 0000019a54998f80] st: 1 edit list: 1 Missing key frame while searching for timestamp: 0
cutpro.preview.ffmpeg: [mov,mp4,m4a,3gp,3g2,mj2 @ 0000019a54998f80] st: 1 edit list 1 Cannot find an index entry before timestamp: 0.
cutpro.gui.watchdog: GUI thread unresponsive for 447 ms, "wedged in": "FfmpegPreviewDecoder::start"
cutpro.gui.watchdog: GUI thread unresponsive for 445 ms, "stalled somewhere unmarked": "no marked scope"
cutpro.gui.watchdog: GUI thread unresponsive for 448 ms, "stalled somewhere unmarked": "no marked scope"
cutpro.gui.watchdog: GUI thread unresponsive for 410 ms, "stalled somewhere unmarked": "no marked scope"
cutpro.preview.ffmpeg: [mov,mp4,m4a,3gp,3g2,mj2 @ 0000019a54998a00] st: 1 edit list: 1 Missing key frame while searching for timestamp: 0
cutpro.preview.ffmpeg: [mov,mp4,m4a,3gp,3g2,mj2 @ 0000019a54998a00] st: 1 edit list 1 Cannot find an index entry before timestamp: 0.
cutpro.gui.watchdog: GUI thread unresponsive for 400 ms, "wedged in": "FfmpegPreviewDecoder::start"
cutpro.gui.watchdog: GUI thread unresponsive for 432 ms, "stalled somewhere unmarked": "no marked scope"
cutpro.gui.watchdog: GUI thread unresponsive for 412 ms, "stalled somewhere unmarked": "no marked scope"
cutpro.gui.watchdog: GUI thread unresponsive for 402 ms, "stalled somewhere unmarked": "no marked scope"
cutpro.gui.watchdog: GUI thread unresponsive for 407 ms, "stalled somewhere unmarked": "no marked scope"
cutpro.gui.watchdog: GUI thread unresponsive for 401 ms, "stalled somewhere unmarked": "no marked scope"
cutpro.gui.watchdog: GUI thread unresponsive for 455 ms, "stalled somewhere unmarked": "no marked scope"
cutpro.gui.watchdog: GUI thread unresponsive for 402 ms, "stalled somewhere unmarked": "no marked scope"
cutpro.gui.watchdog: GUI thread unresponsive for 437 ms, "stalled somewhere unmarked": "no marked scope"
cutpro.gui.watchdog: GUI thread unresponsive for 422 ms, "stalled somewhere unmarked": "no marked scope"
cutpro.gui.watchdog: GUI thread unresponsive for 424 ms, "stalled somewhere unmarked": "no marked scope"
cutpro.gui.watchdog: GUI thread unresponsive for 461 ms, "stalled somewhere unmarked": "no marked scope"
cutpro.gui.watchdog: GUI thread unresponsive for 429 ms, "stalled somewhere unmarked": "no marked scope"
cutpro.gui.watchdog: GUI thread unresponsive for 456 ms, "stalled somewhere unmarked": "no marked scope"
cutpro.gui.watchdog: GUI thread unresponsive for 436 ms, "stalled somewhere unmarked": "no marked scope"
cutpro.gui.watchdog: GUI thread unresponsive for 405 ms, "stalled somewhere unmarked": "no marked scope"
cutpro.gui.watchdog: GUI thread unresponsive for 450 ms, "stalled somewhere unmarked": "no marked scope"
cutpro.preview.ffmpeg: [mov,mp4,m4a,3gp,3g2,mj2 @ 0000019a54999780] st: 1 edit list: 1 Missing key frame while searching for timestamp: 0
cutpro.preview.ffmpeg: [mov,mp4,m4a,3gp,3g2,mj2 @ 0000019a54999780] st: 1 edit list 1 Cannot find an index entry before timestamp: 0.
cutpro.gui.watchdog: GUI thread unresponsive for 404 ms, "wedged in": "FfmpegPreviewDecoder::start"
cutpro.gui.watchdog: GUI thread unresponsive for 843 ms, "wedged in": "FfmpegPreviewDecoder::start"
cutpro.gui.watchdog:   GUI thread backtrace, innermost first (48 frames):
cutpro.gui.watchdog:     #0  "ntdll.dll!NtCreateUserProcess+0x14"
cutpro.gui.watchdog:     #1  "KERNELBASE.dll+0x80305 (nearest export: CreateProcessInternalW+0x2c25)"
cutpro.gui.watchdog:     #2  "KERNELBASE.dll!CreateProcessW+0x66"
cutpro.gui.watchdog:     #3  "KERNEL32.DLL!CreateProcessW+0x54"
cutpro.gui.watchdog:     #4  "Qt6Core.dll!QProcess::qt_metacall(QMetaObject::Call, int, void**)+0xdab"
cutpro.gui.watchdog:     #5  "Qt6Core.dll!QProcessEnvironment::systemEnvironment()+0xe2a"
cutpro.gui.watchdog:     #6  "cutpro_preview.dll!FfmpegPreviewDecoder::startAudio(QString const&, long long, long long, double)+0xe30"
cutpro.gui.watchdog:     #7  "cutpro_preview.dll!FfmpegPreviewDecoder::start(QString const&, QString const&, long long, long long, int, int, double, bool, double, QString const&)+0x35e"
cutpro.gui.watchdog:     #8  "cutpro_backend.dll!Backend::startPreviewDecode(QString const&, QString const&, long long, long long, int, int, double, bool, double, QString const&)+0xe1"
cutpro.gui.watchdog:     #9  "cutpro_backend.dll+0x5259 (nearest export: Backend::qt_static_metacall(QObject*, QMetaObject::Call, int, void**)+0x3e93)"
cutpro.gui.watchdog:     #10  "cutpro_backend.dll!Backend::qt_metacall(QMetaObject::Call, int, void**)+0x73"
cutpro.gui.watchdog:     #11  "Qt6Qml.dll!QQmlObjectCreator::create(int, QObject*, QQmlInstantiationInterrupt*, int)+0x94"
cutpro.gui.watchdog:     #12  "Qt6Qml.dll!QV4::Heap::QObjectWrapper::markObjects(QV4::Heap::Base*, QV4::MarkStack*)+0x90e"
cutpro.gui.watchdog:     #13  "Qt6Qml.dll!QV4::QObjectMethod::callPrecise(QQmlObjectOrGadget const&, QQmlPropertyData const&, QV4::ExecutionEngine*, QV4::CallData*, QMetaObject::Call)+0x339"
cutpro.gui.watchdog:     #14  "Qt6Qml.dll!QV4::QObjectMethod::callInternal(QV4::Value const*, QV4::Value const*, int) const+0x858"
cutpro.gui.watchdog:     #15  "Qt6Qml.dll!QV4::Runtime::CallPropertyLookup::call(QV4::ExecutionEngine*, QV4::Value const&, unsigned int, QV4::Value*, int)+0xa2"
cutpro.gui.watchdog:     #16  "0x19a02291343"
cutpro.gui.watchdog:     #17  "Qt6Qml.dll+0x165b98 (nearest export: qt_v4DebuggerHook+0x7ba8)"
cutpro.gui.watchdog:     #18  "Qt6Qml.dll!QV4::Function::updateInternalClass(QV4::ExecutionEngine*, QList<QByteArray> const&)+0xb00"
cutpro.gui.watchdog:     #19  "Qt6Qml.dll!QV4::Runtime::CallPropertyLookup::call(QV4::ExecutionEngine*, QV4::Value const&, unsigned int, QV4::Value*, int)+0xa2"
cutpro.gui.watchdog:     #20  "0x19a023e055c"
cutpro.gui.watchdog:     #21  "Qt6Qml.dll+0x165b98 (nearest export: qt_v4DebuggerHook+0x7ba8)"
cutpro.gui.watchdog:     #22  "Qt6Qml.dll!QV4::ExecutableCompilationUnit::createNamedObjectsPerComponent(int)+0x82f"
cutpro.gui.watchdog:     #23  "Qt6Qml.dll!QV4::Function::call(QObject*, void**, QMetaType const*, int, QV4::ExecutionContext*)+0x293"
cutpro.gui.watchdog:     #24  "Qt6Qml.dll!QQmlJavaScriptExpression::evaluate(void**, QMetaType const*, int)+0x105"
cutpro.gui.watchdog:     #25  "Qt6Qml.dll!QQmlBoundSignalExpression::evaluate(void**)+0x31c"
cutpro.gui.watchdog:     #26  "Qt6Qml.dll!QQmlBoundSignalExpression::QQmlBoundSignalExpression(QObject const*, int, QQmlRefPointer<QQmlContextData> const&, QObject*, QV4::Function*, QV4::ExecutionContext*)+0x8f8"
cutpro.gui.watchdog:     #27  "Qt6Qml.dll!QQmlNotifier::emitNotify(QQmlNotifierEndpoint*, void**)+0x215"
cutpro.gui.watchdog:     #28  "Qt6Core.dll+0x3fcf21 (nearest export: z_adler32_combine64+0x6b141)"
cutpro.gui.watchdog:     #29  "Qt6Qml.dll!QQmlVMEMetaObject::metaCall(QObject*, QMetaObject::Call, int, void**)+0x436"
cutpro.gui.watchdog:     #30  "Qt6Qml.dll+0x348c0c (nearest export: QQmlLocale::registerStringLocaleCompare(QV4::ExecutionEngine*)+0x6493c)"
cutpro.gui.watchdog:     #31  "Qt6Qml.dll!QQmlBinding::doUpdate(QQmlJavaScriptExpression::DeleteWatcher const&, QFlags<QQmlPropertyData::WriteFlag>, QV4::Scope&)+0x19f"
cutpro.gui.watchdog:     #32  "Qt6Qml.dll!QQmlBinding::update(QFlags<QQmlPropertyData::WriteFlag>)+0x211"
cutpro.gui.watchdog:     #33  "Qt6Qml.dll!QQmlNotifier::emitNotify(QQmlNotifierEndpoint*, void**)+0x215"
cutpro.gui.watchdog:     #34  "Qt6Core.dll+0x3fcf21 (nearest export: z_adler32_combine64+0x6b141)"
cutpro.gui.watchdog:     #35  "cutpro_backend.dll!Backend::playingChanged()+0x2f"
cutpro.gui.watchdog:     #36  "cutpro_backend.dll!Backend::setPlaying(bool)+0x3b"
cutpro.gui.watchdog:     #37  "cutpro_backend.dll+0x7d0b (nearest export: Backend::qt_static_metacall(QObject*, QMetaObject::Call, int, void**)+0x6945)"
cutpro.gui.watchdog:     #38  "cutpro_backend.dll!Backend::qt_metacall(QMetaObject::Call, int, void**)+0xec"
cutpro.gui.watchdog:     #39  "Qt6Qml.dll+0x42a618 (nearest export: QQmlLocale::registerStringLocaleCompare(QV4::ExecutionEngine*)+0x146348)"
cutpro.gui.watchdog:     #40  "Qt6Qml.dll!QQmlPropertyPrivate::write(QObject*, QQmlPropertyData const&, QVariant const&, QQmlRefPointer<QQmlContextData> const&, QFlags<QQmlPropertyData::WriteFlag>)+0x8df"
cutpro.gui.watchdog:     #41  "Qt6Qml.dll+0x102c22 (nearest export: QV4::QObjectWrapper::setProperty(QV4::ExecutionEngine*, QObject*, QQmlPropertyData const*, QV4::Value const&)+0x13a2)"
cutpro.gui.watchdog:     #42  "Qt6Qml.dll!QV4::QObjectWrapper::setQmlProperty(QV4::ExecutionEngine*, QQmlRefPointer<QQmlContextData> const&, QObject*, QV4::String*, QFlags<QV4::QObjectWrapper::Flag>, QV4::Value const&)+0x11e"
cutpro.gui.watchdog:     #43  "Qt6Qml.dll!QV4::QQmlTypeWrapper::virtualPut(QV4::Managed*, QV4::PropertyKey, QV4::Value const&, QV4::Value*)+0x3db"
cutpro.gui.watchdog:     #44  "Qt6Qml.dll!QV4::Lookup::setterFallback(QV4::Lookup*, QV4::ExecutionEngine*, QV4::Value&, QV4::Value const&)+0xba"
cutpro.gui.watchdog:     #45  "0x19a0228041e"
cutpro.gui.watchdog:     #46  "Qt6Qml.dll+0x165b98 (nearest export: qt_v4DebuggerHook+0x7ba8)"
cutpro.gui.watchdog:     #47  "Qt6Qml.dll!QV4::Function::updateInternalClass(QV4::ExecutionEngine*, QList<QByteArray> const&)+0xb00"
cutpro.gui.watchdog: GUI thread unresponsive for 435 ms, "stalled somewhere unmarked": "no marked scope"
cutpro.gui.watchdog: GUI thread unresponsive for 428 ms, "stalled somewhere unmarked": "no marked scope"
cutpro.gui.watchdog: GUI thread unresponsive for 459 ms, "stalled somewhere unmarked": "no marked scope"
cutpro.gui.watchdog: GUI thread unresponsive for 450 ms, "stalled somewhere unmarked": "no marked scope"
cutpro.gui.watchdog: GUI thread unresponsive for 412 ms, "stalled somewhere unmarked": "no marked scope"
cutpro.preview.ffmpeg: [mov,mp4,m4a,3gp,3g2,mj2 @ 0000019a54998a00] st: 1 edit list: 1 Missing key frame while searching for timestamp: 0
cutpro.preview.ffmpeg: [mov,mp4,m4a,3gp,3g2,mj2 @ 0000019a54998a00] st: 1 edit list 1 Cannot find an index entry before timestamp: 0.
cutpro.gui.watchdog: GUI thread unresponsive for 434 ms, "wedged in": "FfmpegPreviewDecoder::start"
cutpro.preview.ffmpeg: [mov,mp4,m4a,3gp,3g2,mj2 @ 0000019a54999780] st: 1 edit list: 1 Missing key frame while searching for timestamp: 0
cutpro.preview.ffmpeg: [mov,mp4,m4a,3gp,3g2,mj2 @ 0000019a54999780] st: 1 edit list 1 Cannot find an index entry before timestamp: 0.
cutpro.gui.watchdog: GUI thread unresponsive for 414 ms, "wedged in": "FfmpegPreviewDecoder::start"
cutpro.gui.watchdog: GUI thread unresponsive for 447 ms, "stalled somewhere unmarked": "no marked scope"
cutpro.gui.watchdog: GUI thread unresponsive for 447 ms, "stalled somewhere unmarked": "no marked scope"
cutpro.gui.watchdog: GUI thread unresponsive for 405 ms, "stalled somewhere unmarked": "no marked scope"
cutpro.gui.watchdog: GUI thread unresponsive for 434 ms, "stalled somewhere unmarked": "no marked scope"
cutpro.gui.watchdog: GUI thread unresponsive for 417 ms, "stalled somewhere unmarked": "no marked scope"
cutpro.gui.watchdog: GUI thread unresponsive for 425 ms, "stalled somewhere unmarked": "no marked scope"
cutpro.gui.watchdog: GUI thread unresponsive for 442 ms, "stalled somewhere unmarked": "no marked scope"
cutpro.gui.watchdog: GUI thread unresponsive for 429 ms, "stalled somewhere unmarked": "no marked scope"
cutpro.gui.watchdog: GUI thread unresponsive for 403 ms, "stalled somewhere unmarked": "no marked scope"
cutpro.gui.watchdog: GUI thread unresponsive for 423 ms, "stalled somewhere unmarked": "no marked scope"
cutpro.gui.watchdog: GUI thread unresponsive for 439 ms, "stalled somewhere unmarked": "no marked scope"
cutpro.gui.watchdog: GUI thread unresponsive for 463 ms, "stalled somewhere unmarked": "no marked scope"
cutpro.preview.ffmpeg: [mov,mp4,m4a,3gp,3g2,mj2 @ 0000019a54998cc0] st: 1 edit list: 1 Missing key frame while searching for timestamp: 0
cutpro.preview.ffmpeg: [mov,mp4,m4a,3gp,3g2,mj2 @ 0000019a54998cc0] st: 1 edit list 1 Cannot find an index entry before timestamp: 0.
cutpro.gui.watchdog: GUI thread unresponsive for 427 ms, "wedged in": "FfmpegPreviewDecoder::start"
cutpro.gui.watchdog: GUI thread unresponsive for 409 ms, "stalled somewhere unmarked": "no marked scope"
cutpro.gui.watchdog: GUI thread unresponsive for 449 ms, "stalled somewhere unmarked": "no marked scope"
cutpro.gui.watchdog: GUI thread unresponsive for 412 ms, "stalled somewhere unmarked": "no marked scope"
cutpro.preview.ffmpeg: [mov,mp4,m4a,3gp,3g2,mj2 @ 0000019a54998780] st: 1 edit list: 1 Missing key frame while searching for timestamp: 0
cutpro.preview.ffmpeg: [mov,mp4,m4a,3gp,3g2,mj2 @ 0000019a54998780] st: 1 edit list 1 Cannot find an index entry before timestamp: 0.
cutpro.gui.watchdog: GUI thread unresponsive for 431 ms, "churning through": "FfmpegPreviewDecoder::start"
cutpro.gui.watchdog:   the innermost frame has only been open 318 ms of the 431 ms stall, so the thread is entering and leaving frames rather than stuck in one: the fix is to do it fewer times, not to move it off the thread.
cutpro.gui.watchdog: GUI thread unresponsive for 453 ms, "stalled somewhere unmarked": "no marked scope"
cutpro.gui.watchdog: GUI thread unresponsive for 423 ms, "stalled somewhere unmarked": "no marked scope"
cutpro.gui.watchdog: GUI thread unresponsive for 400 ms, "stalled somewhere unmarked": "no marked scope"
cutpro.gui.watchdog: GUI thread unresponsive for 454 ms, "stalled somewhere unmarked": "no marked scope"
cutpro.gui.watchdog: GUI thread unresponsive for 442 ms, "stalled somewhere unmarked": "no marked scope"
cutpro.gui.watchdog: GUI thread unresponsive for 429 ms, "stalled somewhere unmarked": "no marked scope"
cutpro.gui.watchdog: GUI thread unresponsive for 425 ms, "stalled somewhere unmarked": "no marked scope"
cutpro.gui.watchdog: GUI thread unresponsive for 458 ms, "stalled somewhere unmarked": "no marked scope"
cutpro.gui.watchdog: GUI thread unresponsive for 416 ms, "stalled somewhere unmarked": "no marked scope"
cutpro.gui.watchdog: GUI thread unresponsive for 401 ms, "stalled somewhere unmarked": "no marked scope"
cutpro.gui.watchdog: GUI thread unresponsive for 416 ms, "stalled somewhere unmarked": "no marked scope"
cutpro.gui.watchdog: GUI thread unresponsive for 450 ms, "stalled somewhere unmarked": "no marked scope"
cutpro.gui.watchdog: GUI thread unresponsive for 418 ms, "stalled somewhere unmarked": "no marked scope"
cutpro.gui.watchdog: GUI thread unresponsive for 412 ms, "stalled somewhere unmarked": "no marked scope"
cutpro.gui.watchdog: GUI thread unresponsive for 460 ms, "stalled somewhere unmarked": "no marked scope"
cutpro.gui.watchdog: GUI thread unresponsive for 448 ms, "stalled somewhere unmarked": "no marked scope"
cutpro.gui.watchdog: GUI thread unresponsive for 432 ms, "stalled somewhere unmarked": "no marked scope"
cutpro.gui.watchdog: GUI thread unresponsive for 400 ms, "stalled somewhere unmarked": "no marked scope"
cutpro.gui.watchdog: GUI thread unresponsive for 459 ms, "stalled somewhere unmarked": "no marked scope"
cutpro.gui.watchdog: GUI thread unresponsive for 417 ms, "stalled somewhere unmarked": "no marked scope"
cutpro.gui.watchdog: GUI thread unresponsive for 408 ms, "stalled somewhere unmarked": "no marked scope"
cutpro.gui.watchdog: GUI thread unresponsive for 458 ms, "stalled somewhere unmarked": "no marked scope"
cutpro.gui.watchdog: GUI thread unresponsive for 408 ms, "stalled somewhere unmarked": "no marked scope"
cutpro.gui.watchdog: GUI thread unresponsive for 420 ms, "stalled somewhere unmarked": "no marked scope"
cutpro.gui.watchdog: GUI thread unresponsive for 425 ms, "stalled somewhere unmarked": "no marked scope"
cutpro.gui.watchdog: GUI thread unresponsive for 400 ms, "stalled somewhere unmarked": "no marked scope"
cutpro.gui.watchdog: GUI thread unresponsive for 449 ms, "stalled somewhere unmarked": "no marked scope"
cutpro.gui.watchdog: GUI thread unresponsive for 408 ms, "stalled somewhere unmarked": "no marked scope"
cutpro.gui.watchdog: GUI thread unresponsive for 412 ms, "stalled somewhere unmarked": "no marked scope"
cutpro.gui.watchdog: GUI thread unresponsive for 449 ms, "stalled somewhere unmarked": "no marked scope"
cutpro.gui.watchdog: GUI thread unresponsive for 442 ms, "stalled somewhere unmarked": "no marked scope"
cutpro.gui.watchdog: GUI thread unresponsive for 411 ms, "stalled somewhere unmarked": "no marked scope"
cutpro.gui.watchdog: GUI thread unresponsive for 455 ms, "stalled somewhere unmarked": "no marked scope"
cutpro.preview.ffmpeg: [mov,mp4,m4a,3gp,3g2,mj2 @ 0000019a54998cc0] st: 1 edit list: 1 Missing key frame while searching for timestamp: 0
cutpro.preview.ffmpeg: [mov,mp4,m4a,3gp,3g2,mj2 @ 0000019a54998cc0] st: 1 edit list 1 Cannot find an index entry before timestamp: 0.
cutpro.gui.watchdog: GUI thread unresponsive for 452 ms, "churning through": "FfmpegPreviewDecoder::start"
cutpro.gui.watchdog:   the innermost frame has only been open 307 ms of the 452 ms stall, so the thread is entering and leaving frames rather than stuck in one: the fix is to do it fewer times, not to move it off the thread.
cutpro.gui.watchdog: GUI thread unresponsive for 450 ms, "stalled somewhere unmarked": "no marked scope"
cutpro.gui.watchdog: GUI thread unresponsive for 408 ms, "stalled somewhere unmarked": "no marked scope"
cutpro.gui.watchdog: GUI thread unresponsive for 431 ms, "stalled somewhere unmarked": "no marked scope"
cutpro.preview.ffmpeg: [mov,mp4,m4a,3gp,3g2,mj2 @ 0000019a54999d00] st: 1 edit list: 1 Missing key frame while searching for timestamp: 0
cutpro.preview.ffmpeg: [mov,mp4,m4a,3gp,3g2,mj2 @ 0000019a54999d00] st: 1 edit list 1 Cannot find an index entry before timestamp: 0.
cutpro.gui.watchdog: GUI thread unresponsive for 419 ms, "wedged in": "FfmpegPreviewDecoder::start"
cutpro.gui.watchdog: GUI thread unresponsive for 415 ms, "stalled somewhere unmarked": "no marked scope"
cutpro.gui.watchdog: GUI thread unresponsive for 424 ms, "stalled somewhere unmarked": "no marked scope"
cutpro.gui.watchdog: GUI thread unresponsive for 446 ms, "stalled somewhere unmarked": "no marked scope"
cutpro.gui.watchdog: GUI thread unresponsive for 433 ms, "stalled somewhere unmarked": "no marked scope"
cutpro.gui.watchdog: GUI thread unresponsive for 400 ms, "stalled somewhere unmarked": "no marked scope"
cutpro.gui.watchdog: GUI thread unresponsive for 431 ms, "stalled somewhere unmarked": "no marked scope"
cutpro.gui.watchdog: GUI thread unresponsive for 432 ms, "stalled somewhere unmarked": "no marked scope"
cutpro.gui.watchdog: GUI thread unresponsive for 441 ms, "stalled somewhere unmarked": "no marked scope"
cutpro.gui.watchdog: GUI thread unresponsive for 459 ms, "stalled somewhere unmarked": "no marked scope"
cutpro.gui.watchdog: GUI thread unresponsive for 443 ms, "stalled somewhere unmarked": "no marked scope"
cutpro.gui.watchdog: GUI thread unresponsive for 451 ms, "stalled somewhere unmarked": "no marked scope"
cutpro.gui.watchdog: GUI thread unresponsive for 459 ms, "stalled somewhere unmarked": "no marked scope"
cutpro.gui.watchdog: GUI thread unresponsive for 446 ms, "stalled somewhere unmarked": "no marked scope"
cutpro.gui.watchdog: GUI thread unresponsive for 448 ms, "stalled somewhere unmarked": "no marked scope"
cutpro.gui.watchdog: GUI thread unresponsive for 418 ms, "stalled somewhere unmarked": "no marked scope"
cutpro.gui.watchdog: GUI thread unresponsive for 428 ms, "stalled somewhere unmarked": "no marked scope"
cutpro.gui.watchdog: GUI thread unresponsive for 447 ms, "stalled somewhere unmarked": "no marked scope"
cutpro.gui.watchdog: GUI thread unresponsive for 409 ms, "stalled somewhere unmarked": "no marked scope"
cutpro.gui.watchdog: GUI thread unresponsive for 431 ms, "stalled somewhere unmarked": "no marked scope"
cutpro.gui.watchdog: GUI thread unresponsive for 432 ms, "stalled somewhere unmarked": "no marked scope"
cutpro.gui.watchdog: GUI thread unresponsive for 440 ms, "stalled somewhere unmarked": "no marked scope"
cutpro.gui.watchdog: GUI thread unresponsive for 407 ms, "stalled somewhere unmarked": "no marked scope"
cutpro.gui.watchdog: GUI thread unresponsive for 427 ms, "stalled somewhere unmarked": "no marked scope"
cutpro.gui.watchdog: GUI thread unresponsive for 410 ms, "stalled somewhere unmarked": "no marked scope"
cutpro.gui.watchdog: GUI thread unresponsive for 420 ms, "stalled somewhere unmarked": "no marked scope"
cutpro.gui.watchdog: GUI thread unresponsive for 402 ms, "stalled somewhere unmarked": "no marked scope"
cutpro.gui.watchdog: GUI thread unresponsive for 447 ms, "stalled somewhere unmarked": "no marked scope"
cutpro.gui.watchdog: GUI thread unresponsive for 401 ms, "stalled somewhere unmarked": "no marked scope"
cutpro.gui.watchdog: GUI thread unresponsive for 435 ms, "stalled somewhere unmarked": "no marked scope"
cutpro.gui.watchdog: GUI thread unresponsive for 422 ms, "stalled somewhere unmarked": "no marked scope"
cutpro.gui.watchdog: GUI thread unresponsive for 451 ms, "stalled somewhere unmarked": "no marked scope"
cutpro.gui.watchdog: GUI thread unresponsive for 404 ms, "stalled somewhere unmarked": "no marked scope"
cutpro.gui.watchdog: GUI thread unresponsive for 400 ms, "stalled somewhere unmarked": "no marked scope"
cutpro.gui.watchdog: GUI thread unresponsive for 437 ms, "stalled somewhere unmarked": "no marked scope"
cutpro.gui.watchdog: GUI thread unresponsive for 409 ms, "stalled somewhere unmarked": "no marked scope"
cutpro.gui.watchdog: GUI thread unresponsive for 424 ms, "stalled somewhere unmarked": "no marked scope"
cutpro.gui.watchdog: GUI thread unresponsive for 408 ms, "stalled somewhere unmarked": "no marked scope"
cutpro.gui.watchdog: GUI thread unresponsive for 414 ms, "stalled somewhere unmarked": "no marked scope"
cutpro.gui.watchdog: GUI thread unresponsive for 407 ms, "stalled somewhere unmarked": "no marked scope"
cutpro.gui.watchdog: GUI thread unresponsive for 407 ms, "stalled somewhere unmarked": "no marked scope"
cutpro.gui.watchdog: GUI thread unresponsive for 435 ms, "stalled somewhere unmarked": "no marked scope"
cutpro.gui.watchdog: GUI thread unresponsive for 422 ms, "stalled somewhere unmarked": "no marked scope"
cutpro.gui.watchdog: GUI thread unresponsive for 418 ms, "stalled somewhere unmarked": "no marked scope"
cutpro.gui.watchdog: GUI thread unresponsive for 452 ms, "stalled somewhere unmarked": "no marked scope"
cutpro.gui.watchdog: GUI thread unresponsive for 415 ms, "stalled somewhere unmarked": "no marked scope"
cutpro.gui.watchdog: GUI thread unresponsive for 408 ms, "stalled somewhere unmarked": "no marked scope"
