12:10:39.014 GUI turn monitor on, budget 20 ms - every event-loop turn longer than this is reported with its marked scope (CUTPRO_TURN_BUDGET_MS=0 turns it off)
12:10:39.458 GUI thread unresponsive for 442 ms, "stalled somewhere unmarked": "no marked scope"
12:10:39.588 CrashReporterHost: watching pid 22264 from pid 27176 | reports -> C:/Users/USER/AppData/Local/Antigravity/Cut Pro/crash-reports
12:10:39.605 Cut Pro: native C++/Qt backend, coreVersion = 0.1.2 | built = Sep  1 2026 11:12:47 | executable = C:/premier-pro/python-app/dist/Cut Pro 2026/cutpro.exe
12:10:39.955 GUI thread unresponsive for 938 ms, "churning through": "QQmlApplicationEngine::load(qrc:/qml/main.qml)"
12:10:39.955   the innermost frame has only been open 339 ms of the 938 ms stall, so the thread is entering and leaving frames rather than stuck in one: the fix is to do it fewer times, not to move it off the thread.
12:10:39.989   GUI thread backtrace, innermost first (14 frames):
12:10:39.989     #0  "ntdll.dll!NtWaitForSingleObject+0x14"
12:10:39.989     #1  "KERNELBASE.dll!WaitForSingleObjectEx+0xaf"
12:10:39.989     #2  "Qt6Core.dll!QWaitCondition::wait(QMutex*, QDeadlineTimer)+0x9a"
12:10:39.989     #3  "Qt6Qml.dll+0x2afd89 (nearest export: QQmlJS::Parser::parse(int)+0x137a9)"
12:10:39.989     #4  "Qt6Qml.dll!QQmlTypeLoader::loadThread(QQmlRefPointer<QQmlDataBlob> const&)+0x6d6"
12:10:39.989     #5  "Qt6Qml.dll!QQmlTypeLoader::getType(QUrl const&, QQmlTypeLoader::Mode)+0x22b"
12:10:39.989     #6  "Qt6Qml.dll!QQmlComponentPrivate::loadUrl(QUrl const&, QQmlComponent::CompilationMode)+0x1a4"
12:10:39.989     #7  "Qt6Qml.dll!QQmlApplicationEnginePrivate::startLoad(QUrl const&, QByteArray const&, bool)+0x93"
12:10:39.989     #8  "Qt6Qml.dll!QQmlApplicationEngine::load(QUrl const&)+0x3d"
12:10:39.989     #9  "cutpro.exe+0x2d8e"
12:10:39.989     #10  "cutpro.exe+0x12ef"
12:10:39.989     #11  "cutpro.exe+0x1406"
12:10:39.989     #12  "KERNEL32.DLL!BaseThreadInitThunk+0x17"
12:10:39.989     #13  "ntdll.dll!RtlUserThreadStart+0x2c"
12:10:40.945 GUI thread unresponsive for 1928 ms, "churning through": "QQmlApplicationEngine::load(qrc:/qml/main.qml)"
12:10:40.945   the innermost frame has only been open 1329 ms of the 1928 ms stall, so the thread is entering and leaving frames rather than stuck in one: the fix is to do it fewer times, not to move it off the thread.
12:10:41.016   GUI thread backtrace, innermost first (48 frames):
12:10:41.016     #0  "ntdll.dll!ZwCreateFile+0x14"
12:10:41.016     #1  "KERNELBASE.dll!GetDriveTypeW+0xe57"
12:10:41.016     #2  "KERNELBASE.dll!CreateFileW+0x97"
12:10:41.016     #3  "DWrite.dll+0x1bcc3"
12:10:41.016     #4  "DWrite.dll+0x1bbea"
12:10:41.016     #5  "DWrite.dll+0x1a959"
12:10:41.016     #6  "DWrite.dll+0x1a7cf"
12:10:41.016     #7  "DWrite.dll+0x4b5de"
12:10:41.016     #8  "DWrite.dll+0x6e100"
12:10:41.016     #9  "DWrite.dll+0x6e04d"
12:10:41.016     #10  "DWrite.dll+0xac1e3"
12:10:41.016     #11  "DWrite.dll+0x43654"
12:10:41.016     #12  "DWrite.dll+0x434e3"
12:10:41.016     #13  "DWrite.dll+0x426da"
12:10:41.016     #14  "DWrite.dll+0xd8832"
12:10:41.016     #15  "Qt6Gui.dll!QWindowsDirectWriteFontDatabase::populateFontDatabase()+0x523"
12:10:41.016     #16  "Qt6Gui.dll!QFontDatabasePrivate::ensureFontDatabase()+0xa7"
12:10:41.016     #17  "Qt6Gui.dll!QFontDatabasePrivate::findFont(QFontDef const&, int, bool)+0x6e"
12:10:41.016     #18  "Qt6Gui.dll!QFontDatabasePrivate::load(QFontPrivate const*, int)+0x7fd"
12:10:41.016     #19  "Qt6Gui.dll!QFontPrivate::engineForScript(int) const+0xc3"
12:10:41.016     #20  "Qt6Gui.dll!QFontMetricsF::height() const+0x17"
12:10:41.016     #21  "Qt6Quick.dll!QQuickTextPrivate::lineHeightOffset() const+0x3d"
12:10:41.016     #22  "Qt6Quick.dll!QQuickTextPrivate::updateSize()+0xc9"
12:10:41.016     #23  "Qt6Quick.dll!QQuickTextPrivate::updateLayout()+0x1f0"
12:10:41.016     #24  "Qt6Qml.dll!QQmlObjectCreator::finalize(QQmlInstantiationInterrupt&)+0x6da"
12:10:41.016     #25  "Qt6Qml.dll!QQmlComponentPrivate::complete(QQmlEnginePrivate*, QQmlComponentPrivate::ConstructionState*)+0x74"
12:10:41.016     #26  "Qt6Qml.dll!QQmlComponentPrivate::completeDeferred(QQmlEnginePrivate*, std::vector<QQmlComponentPrivate::ConstructionState, std::allocator<QQmlComponentPrivate::ConstructionState> >*)+0x2f"
12:10:41.016     #27  "Qt6QuickTemplates2.dll!QtQuickPrivate::completeDeferred(QObject*, QString const&, QQuickUntypedDeferredPointer*, QQmlEngine*)+0xc9"
12:10:41.016     #28  "Qt6QuickTemplates2.dll!QQuickPopupItemPrivate::executeContentItem(bool)+0x12f"
12:10:41.016     #29  "Qt6QuickTemplates2.dll!QQuickControl::componentComplete()+0x46"
12:10:41.016     #30  "Qt6QuickTemplates2.dll!QQuickPane::componentComplete()+0x12"
12:10:41.016     #31  "Qt6QuickTemplates2.dll!QQuickPage::componentComplete()+0x12"
12:10:41.016     #32  "Qt6QuickTemplates2.dll!QQuickPopup::componentComplete()+0xca"
12:10:41.016     #33  "Qt6Qml.dll!QQmlObjectCreator::finalize(QQmlInstantiationInterrupt&)+0x6da"
12:10:41.016     #34  "Qt6Qml.dll!QQmlComponentPrivate::complete(QQmlEnginePrivate*, QQmlComponentPrivate::ConstructionState*)+0x74"
12:10:41.016     #35  "Qt6Qml.dll!QQmlComponentPrivate::completeCreate()+0x2ae"
12:10:41.016     #36  "Qt6Qml.dll!QQmlComponentPrivate::createWithProperties(QObject*, QMap<QString, QVariant> const&, QQmlContext*, QQmlComponentPrivate::CreateBehavior, bool)+0xc4"
12:10:41.016     #37  "Qt6Qml.dll!QQmlComponent::create(QQmlContext*)+0x46"
12:10:41.016     #38  "Qt6QuickTemplates2.dll!QQuickToolTip::accessibilityActiveChanged(bool)+0x1cf"
12:10:41.016     #39  "Qt6QuickTemplates2.dll+0x1070a7 (nearest export: QQuickComboBox::qt_metacall(QMetaObject::Call, int, void**)+0x248a7)"
12:10:41.016     #40  "Qt6QuickTemplates2.dll+0x10eb9a (nearest export: QQuickComboBox::qt_metacall(QMetaObject::Call, int, void**)+0x2c39a)"
12:10:41.016     #41  "Qt6Core.dll+0x3fd299 (nearest export: z_adler32_combine64+0x6b4b9)"
12:10:41.016     #42  "Qt6Quick.dll!QQuickColorGroup::qt_static_metacall(QObject*, QMetaObject::Call, int, void**)+0xcca"
12:10:41.016     #43  "Qt6Qml.dll!QQmlNotifier::notify(QQmlData*, int)+0x7db"
12:10:41.016     #44  "Qt6Qml.dll+0x20fe13 (nearest export: QQmlObjectCreator::setPropertyValue(QQmlPropertyData const*, QV4::CompiledData::Binding const*)+0x13d3)"
12:10:41.016     #45  "Qt6Qml.dll!QQmlObjectCreator::setPropertyBinding(QQmlPropertyData const*, QV4::CompiledData::Binding const*)+0x107"
12:10:41.016     #46  "Qt6Qml.dll!QQmlObjectCreator::setupBindings(QFlags<QQmlObjectCreator::BindingMode>)+0x53e"
12:10:41.016     #47  "Qt6Qml.dll!QQmlObjectCreator::populateInstance(int, QObject*, QObject*, QQmlPropertyData const*, QV4::CompiledData::Binding const*)+0x230"
12:10:41.080 GUI thread STILL blocked after 2063 ms, "churning through": "QQmlApplicationEngine::load(qrc:/qml/main.qml)" - during launch, before any window exists: this delays startup but cannot show as "Not Responding".
12:10:41.080   the innermost frame has only been open 1464 ms of the 2063 ms stall, so the thread is entering and leaving frames rather than stuck in one: the fix is to do it fewer times, not to move it off the thread.
12:10:41.080   GUI thread backtrace, innermost first (48 frames):
12:10:41.080     #0  "ucrtbase.dll!memcpy+0xe3"
12:10:41.080     #1  "DWrite.dll+0x4b334"
12:10:41.080     #2  "DWrite.dll+0x4b0d1"
12:10:41.080     #3  "DWrite.dll+0x940d9"
12:10:41.080     #4  "DWrite.dll+0x93eb3"
12:10:41.080     #5  "DWrite.dll+0x93ada"
12:10:41.080     #6  "DWrite.dll+0x6e4a2"
12:10:41.080     #7  "DWrite.dll+0x6e324"
12:10:41.080     #8  "DWrite.dll+0x6e007"
12:10:41.080     #9  "DWrite.dll+0x6cd70"
12:10:41.080     #10  "DWrite.dll+0xe4b1"
12:10:41.080     #11  "DWrite.dll+0xe1be"
12:10:41.080     #12  "DWrite.dll+0xe125"
12:10:41.080     #13  "DWrite.dll+0xac3cf"
12:10:41.080     #14  "DWrite.dll+0xac246"
12:10:41.080     #15  "DWrite.dll+0x43654"
12:10:41.080     #16  "DWrite.dll+0x434e3"
12:10:41.080     #17  "DWrite.dll+0x426da"
12:10:41.080     #18  "DWrite.dll+0xd8832"
12:10:41.080     #19  "Qt6Gui.dll!QWindowsDirectWriteFontDatabase::populateFontDatabase()+0x523"
12:10:41.080     #20  "Qt6Gui.dll!QFontDatabasePrivate::ensureFontDatabase()+0xa7"
12:10:41.080     #21  "Qt6Gui.dll!QFontDatabasePrivate::findFont(QFontDef const&, int, bool)+0x6e"
12:10:41.080     #22  "Qt6Gui.dll!QFontDatabasePrivate::load(QFontPrivate const*, int)+0x7fd"
12:10:41.080     #23  "Qt6Gui.dll!QFontPrivate::engineForScript(int) const+0xc3"
12:10:41.080     #24  "Qt6Gui.dll!QFontMetricsF::height() const+0x17"
12:10:41.080     #25  "Qt6Quick.dll!QQuickTextPrivate::lineHeightOffset() const+0x3d"
12:10:41.080     #26  "Qt6Quick.dll!QQuickTextPrivate::updateSize()+0xc9"
12:10:41.080     #27  "Qt6Quick.dll!QQuickTextPrivate::updateLayout()+0x1f0"
12:10:41.080     #28  "Qt6Qml.dll!QQmlObjectCreator::finalize(QQmlInstantiationInterrupt&)+0x6da"
12:10:41.080     #29  "Qt6Qml.dll!QQmlComponentPrivate::complete(QQmlEnginePrivate*, QQmlComponentPrivate::ConstructionState*)+0x74"
12:10:41.080     #30  "Qt6Qml.dll!QQmlComponentPrivate::completeDeferred(QQmlEnginePrivate*, std::vector<QQmlComponentPrivate::ConstructionState, std::allocator<QQmlComponentPrivate::ConstructionState> >*)+0x2f"
12:10:41.080     #31  "Qt6QuickTemplates2.dll!QtQuickPrivate::completeDeferred(QObject*, QString const&, QQuickUntypedDeferredPointer*, QQmlEngine*)+0xc9"
12:10:41.080     #32  "Qt6QuickTemplates2.dll!QQuickPopupItemPrivate::executeContentItem(bool)+0x12f"
12:10:41.080     #33  "Qt6QuickTemplates2.dll!QQuickControl::componentComplete()+0x46"
12:10:41.080     #34  "Qt6QuickTemplates2.dll!QQuickPane::componentComplete()+0x12"
12:10:41.080     #35  "Qt6QuickTemplates2.dll!QQuickPage::componentComplete()+0x12"
12:10:41.080     #36  "Qt6QuickTemplates2.dll!QQuickPopup::componentComplete()+0xca"
12:10:41.080     #37  "Qt6Qml.dll!QQmlObjectCreator::finalize(QQmlInstantiationInterrupt&)+0x6da"
12:10:41.080     #38  "Qt6Qml.dll!QQmlComponentPrivate::complete(QQmlEnginePrivate*, QQmlComponentPrivate::ConstructionState*)+0x74"
12:10:41.080     #39  "Qt6Qml.dll!QQmlComponentPrivate::completeCreate()+0x2ae"
12:10:41.080     #40  "Qt6Qml.dll!QQmlComponentPrivate::createWithProperties(QObject*, QMap<QString, QVariant> const&, QQmlContext*, QQmlComponentPrivate::CreateBehavior, bool)+0xc4"
12:10:41.080     #41  "Qt6Qml.dll!QQmlComponent::create(QQmlContext*)+0x46"
12:10:41.080     #42  "Qt6QuickTemplates2.dll!QQuickToolTip::accessibilityActiveChanged(bool)+0x1cf"
12:10:41.088     #43  "Qt6QuickTemplates2.dll+0x1070a7 (nearest export: QQuickComboBox::qt_metacall(QMetaObject::Call, int, void**)+0x248a7)"
12:10:41.088     #44  "Qt6QuickTemplates2.dll+0x10eb9a (nearest export: QQuickComboBox::qt_metacall(QMetaObject::Call, int, void**)+0x2c39a)"
12:10:41.088     #45  "Qt6Core.dll+0x3fd299 (nearest export: z_adler32_combine64+0x6b4b9)"
12:10:41.088     #46  "Qt6Quick.dll!QQuickColorGroup::qt_static_metacall(QObject*, QMetaObject::Call, int, void**)+0xcca"
12:10:41.088     #47  "Qt6Qml.dll!QQmlNotifier::notify(QQmlData*, int)+0x7db"
12:10:41.227 Using Qt multimedia with FFmpeg version 7.1.3 LGPL version 2.1 or later
12:10:49.521 [mov,mp4,m4a,3gp,3g2,mj2 @ 0000027f63d95a00] st: 1 edit list: 1 Missing key frame while searching for timestamp: 0
12:10:49.521 [mov,mp4,m4a,3gp,3g2,mj2 @ 0000027f63d95a00] st: 1 edit list 1 Cannot find an index entry before timestamp: 0.
12:10:49.707 [mov,mp4,m4a,3gp,3g2,mj2 @ 0000027f63c33280] st: 1 edit list: 1 Missing key frame while searching for timestamp: 0
12:10:49.707 [mov,mp4,m4a,3gp,3g2,mj2 @ 0000027f63c33280] st: 1 edit list 1 Cannot find an index entry before timestamp: 0.
12:10:51.210 monitor: source key  -> clip_24de78aa240c|D:/capcut/At 4yo He Was At Genius, At 14 He Joined The Magic Academy And Broke Every Record Registered..mp4|video|0|0|35744891|
12:10:51.210 playback: session.stop decoder idle, picture at -1 ms, published -1 ms from MonitorPanel.qml:1189 (onActiveSourceKeyChanged) <- TimelinePanel.qml:1766
12:10:51.497 [mov,mp4,m4a,3gp,3g2,mj2 @ 0000027f63c33d40] st: 1 edit list: 1 Missing key frame while searching for timestamp: 0
12:10:51.497 [mov,mp4,m4a,3gp,3g2,mj2 @ 0000027f63c33d40] st: 1 edit list 1 Cannot find an index entry before timestamp: 0.
12:10:51.676 playback: still.publish 1920 px wide, playback picture was 0 px at -1 ms [+456 ms] from C++
12:10:52.042 [mov,mp4,m4a,3gp,3g2,mj2 @ 0000027f63c327c0] st: 1 edit list: 1 Missing key frame while searching for timestamp: 0
12:10:52.042 [mov,mp4,m4a,3gp,3g2,mj2 @ 0000027f63c327c0] st: 1 edit list 1 Cannot find an index entry before timestamp: 0.
12:10:52.046 [mov,mp4,m4a,3gp,3g2,mj2 @ 0000027f63c32540] st: 1 edit list: 1 Missing key frame while searching for timestamp: 0
12:10:52.046 [mov,mp4,m4a,3gp,3g2,mj2 @ 0000027f63c32540] st: 1 edit list 1 Cannot find an index entry before timestamp: 0.
12:10:52.213 playback: still.publish 1920 px wide, playback picture was 0 px at -1 ms [+537 ms] from C++
12:11:02.357 playback: still.publish 1920 px wide, playback picture was 0 px at -1 ms [+10143 ms] from C++
12:11:02.413 playback: still.publish 1920 px wide, playback picture was 0 px at -1 ms [+57 ms] from MonitorPanel.qml:644 (requestProcessFrame) <- MonitorPanel.qml:971 (onTriggered)
12:11:04.587 playback: still.publish 1920 px wide, playback picture was 0 px at -1 ms [+2175 ms] from C++
12:11:04.680 playback: still.publish 1920 px wide, playback picture was 0 px at -1 ms [+89 ms] from MonitorPanel.qml:644 (requestProcessFrame) <- MonitorPanel.qml:971 (onTriggered)
12:11:07.853 playback: still.publish 1920 px wide, playback picture was 0 px at -1 ms [+3175 ms] from C++
12:11:07.944 playback: still.publish 1920 px wide, playback picture was 0 px at -1 ms [+90 ms] from MonitorPanel.qml:644 (requestProcessFrame) <- MonitorPanel.qml:971 (onTriggered)
12:11:09.118 playback: still.publish 1920 px wide, playback picture was 0 px at -1 ms [+1172 ms] from C++
12:11:09.211 playback: still.publish 1920 px wide, playback picture was 0 px at -1 ms [+94 ms] from MonitorPanel.qml:644 (requestProcessFrame) <- MonitorPanel.qml:971 (onTriggered)
12:11:11.887 playback: still.publish 1920 px wide, playback picture was 0 px at -1 ms [+2677 ms] from C++
12:11:11.986 playback: still.publish 1920 px wide, playback picture was 0 px at -1 ms [+99 ms] from MonitorPanel.qml:644 (requestProcessFrame) <- MonitorPanel.qml:971 (onTriggered)
12:11:13.826 playback: still.publish 1920 px wide, playback picture was 0 px at -1 ms [+1836 ms] from C++
12:11:13.930 playback: still.publish 1920 px wide, playback picture was 0 px at -1 ms [+103 ms] from MonitorPanel.qml:644 (requestProcessFrame) <- MonitorPanel.qml:971 (onTriggered)
12:11:15.197 playback: still.publish 1920 px wide, playback picture was 0 px at -1 ms [+1269 ms] from C++
12:11:15.301 playback: still.publish 1920 px wide, playback picture was 0 px at -1 ms [+101 ms] from MonitorPanel.qml:644 (requestProcessFrame) <- MonitorPanel.qml:971 (onTriggered)
12:11:17.541 playback: still.publish 1920 px wide, playback picture was 0 px at -1 ms [+2242 ms] from C++
12:11:17.643 playback: still.publish 1920 px wide, playback picture was 0 px at -1 ms [+103 ms] from MonitorPanel.qml:644 (requestProcessFrame) <- MonitorPanel.qml:971 (onTriggered)
12:11:18.664 playback: still.publish 1920 px wide, playback picture was 0 px at -1 ms [+1019 ms] from C++
12:11:18.759 playback: still.publish 1920 px wide, playback picture was 0 px at -1 ms [+93 ms] from MonitorPanel.qml:644 (requestProcessFrame) <- MonitorPanel.qml:971 (onTriggered)
12:11:20.984 playback: still.publish 1920 px wide, playback picture was 0 px at -1 ms [+2230 ms] from C++
12:11:21.080 playback: still.publish 1920 px wide, playback picture was 0 px at -1 ms [+99 ms] from MonitorPanel.qml:644 (requestProcessFrame) <- MonitorPanel.qml:971 (onTriggered)
12:11:27.218 playback: still.publish 1920 px wide, playback picture was 0 px at -1 ms [+6133 ms] from C++
12:11:27.329 playback: still.publish 1920 px wide, playback picture was 0 px at -1 ms [+107 ms] from MonitorPanel.qml:644 (requestProcessFrame) <- MonitorPanel.qml:971 (onTriggered)
12:11:38.478 playback: still.publish 1920 px wide, playback picture was 0 px at -1 ms [+11150 ms] from C++
12:11:38.571 playback: still.publish 1920 px wide, playback picture was 0 px at -1 ms [+98 ms] from MonitorPanel.qml:644 (requestProcessFrame) <- MonitorPanel.qml:971 (onTriggered)
12:11:44.592 playback: still.publish 1920 px wide, playback picture was 0 px at -1 ms [+6013 ms] from C++
12:11:44.676 playback: still.publish 1920 px wide, playback picture was 0 px at -1 ms [+93 ms] from MonitorPanel.qml:644 (requestProcessFrame) <- MonitorPanel.qml:971 (onTriggered)
12:11:49.153 playback: still.publish 1920 px wide, playback picture was 0 px at -1 ms [+4467 ms] from C++
12:11:49.244 playback: still.publish 1920 px wide, playback picture was 0 px at -1 ms [+93 ms] from MonitorPanel.qml:644 (requestProcessFrame) <- MonitorPanel.qml:971 (onTriggered)
12:11:53.422 playback: still.publish 1920 px wide, playback picture was 0 px at -1 ms [+4181 ms] from C++
12:11:53.526 playback: still.publish 1920 px wide, playback picture was 0 px at -1 ms [+100 ms] from MonitorPanel.qml:644 (requestProcessFrame) <- MonitorPanel.qml:971 (onTriggered)
12:11:59.287 playback: still.publish 1920 px wide, playback picture was 0 px at -1 ms [+5758 ms] from C++
12:11:59.390 playback: still.publish 1920 px wide, playback picture was 0 px at -1 ms [+104 ms] from MonitorPanel.qml:644 (requestProcessFrame) <- MonitorPanel.qml:971 (onTriggered)
12:12:05.782 playback: still.publish 1920 px wide, playback picture was 0 px at -1 ms [+6391 ms] from C++
12:12:05.886 playback: still.publish 1920 px wide, playback picture was 0 px at -1 ms [+101 ms] from MonitorPanel.qml:644 (requestProcessFrame) <- MonitorPanel.qml:971 (onTriggered)
12:12:07.264 playback: still.publish 1920 px wide, playback picture was 0 px at -1 ms [+1384 ms] from C++
12:12:07.360 playback: still.publish 1920 px wide, playback picture was 0 px at -1 ms [+102 ms] from MonitorPanel.qml:644 (requestProcessFrame) <- MonitorPanel.qml:971 (onTriggered)
12:12:20.545 GUI turn 24 ms (budget 20 ms, ~0 frames of 30 fps lost): "no marked scope"""
12:12:27.624 playback: still.publish 1920 px wide, playback picture was 0 px at -1 ms [+20253 ms] from C++
12:12:27.710 playback: still.publish 1920 px wide, playback picture was 0 px at -1 ms [+85 ms] from MonitorPanel.qml:644 (requestProcessFrame) <- MonitorPanel.qml:971 (onTriggered)
12:12:29.001 playback: still.publish 1920 px wide, playback picture was 0 px at -1 ms [+1290 ms] from C++
12:12:29.096 playback: still.publish 1920 px wide, playback picture was 0 px at -1 ms [+95 ms] from MonitorPanel.qml:644 (requestProcessFrame) <- MonitorPanel.qml:971 (onTriggered)
12:12:36.994 playback: session.stop decoder idle, picture at -1 ms, published -1 ms [+7896 ms] from MonitorPanel.qml:1215 (onDestruction)
12:12:50.344 QWaitCondition: Destroyed while threads are still waiting
