15:20:36.082 CrashReporterHost: watching pid 25272 from pid 28440 | reports -> C:/Users/USER/AppData/Local/Antigravity/Cut Pro/crash-reports
15:20:36.107 Cut Pro: native C++/Qt backend, coreVersion = 0.1.2 | built = Aug 30 2026 15:10:57 | executable = C:/premier-pro/python-app/dist/Cut Pro 2026/cutpro.exe
15:20:36.462 GUI thread unresponsive for 441 ms, "churning through": "QQmlApplicationEngine::load(qrc:/qml/main.qml)"
15:20:36.462   the innermost frame has only been open 348 ms of the 441 ms stall, so the thread is entering and leaving frames rather than stuck in one: the fix is to do it fewer times, not to move it off the thread.
15:20:36.510   GUI thread backtrace, innermost first (14 frames):
15:20:36.510     #0  "ntdll.dll!NtWaitForSingleObject+0x14"
15:20:36.510     #1  "KERNELBASE.dll!WaitForSingleObjectEx+0xaf"
15:20:36.510     #2  "Qt6Core.dll!QWaitCondition::wait(QMutex*, QDeadlineTimer)+0x9a"
15:20:36.510     #3  "Qt6Qml.dll+0x2afd89 (nearest export: QQmlJS::Parser::parse(int)+0x137a9)"
15:20:36.510     #4  "Qt6Qml.dll!QQmlTypeLoader::loadThread(QQmlRefPointer<QQmlDataBlob> const&)+0x6d6"
15:20:36.510     #5  "Qt6Qml.dll!QQmlTypeLoader::getType(QUrl const&, QQmlTypeLoader::Mode)+0x22b"
15:20:36.510     #6  "Qt6Qml.dll!QQmlComponentPrivate::loadUrl(QUrl const&, QQmlComponent::CompilationMode)+0x1a4"
15:20:36.510     #7  "Qt6Qml.dll!QQmlApplicationEnginePrivate::startLoad(QUrl const&, QByteArray const&, bool)+0x93"
15:20:36.510     #8  "Qt6Qml.dll!QQmlApplicationEngine::load(QUrl const&)+0x3d"
15:20:36.510     #9  "cutpro.exe+0x2d21"
15:20:36.510     #10  "cutpro.exe+0x12ef"
15:20:36.510     #11  "cutpro.exe+0x1406"
15:20:36.510     #12  "KERNEL32.DLL!BaseThreadInitThunk+0x17"
15:20:36.510     #13  "ntdll.dll!RtlUserThreadStart+0x2c"
15:20:36.956 GUI thread unresponsive for 935 ms, "wedged in": "QQmlApplicationEngine::load(qrc:/qml/main.qml)"
15:20:36.956   GUI thread backtrace, innermost first (14 frames):
15:20:36.956     #0  "ntdll.dll!NtWaitForSingleObject+0x14"
15:20:36.956     #1  "KERNELBASE.dll!WaitForSingleObjectEx+0xaf"
15:20:36.956     #2  "Qt6Core.dll!QWaitCondition::wait(QMutex*, QDeadlineTimer)+0x9a"
15:20:36.956     #3  "Qt6Qml.dll+0x2afd89 (nearest export: QQmlJS::Parser::parse(int)+0x137a9)"
15:20:36.956     #4  "Qt6Qml.dll!QQmlTypeLoader::loadThread(QQmlRefPointer<QQmlDataBlob> const&)+0x6d6"
15:20:36.956     #5  "Qt6Qml.dll!QQmlTypeLoader::getType(QUrl const&, QQmlTypeLoader::Mode)+0x22b"
15:20:36.956     #6  "Qt6Qml.dll!QQmlComponentPrivate::loadUrl(QUrl const&, QQmlComponent::CompilationMode)+0x1a4"
15:20:36.956     #7  "Qt6Qml.dll!QQmlApplicationEnginePrivate::startLoad(QUrl const&, QByteArray const&, bool)+0x93"
15:20:36.956     #8  "Qt6Qml.dll!QQmlApplicationEngine::load(QUrl const&)+0x3d"
15:20:36.956     #9  "cutpro.exe+0x2d21"
15:20:36.956     #10  "cutpro.exe+0x12ef"
15:20:36.956     #11  "cutpro.exe+0x1406"
15:20:36.956     #12  "KERNEL32.DLL!BaseThreadInitThunk+0x17"
15:20:36.956     #13  "ntdll.dll!RtlUserThreadStart+0x2c"
15:20:37.907 GUI thread unresponsive for 1886 ms, "wedged in": "QQmlApplicationEngine::load(qrc:/qml/main.qml)"
15:20:37.957   GUI thread backtrace, innermost first (48 frames):
15:20:37.957     #0  "DWrite.dll+0x19f2a"
15:20:37.957     #1  "DWrite.dll+0x1a2b1"
15:20:37.957     #2  "Qt6Gui.dll!QWindowsDirectWriteFontDatabase::populateFontDatabase()+0x3bd"
15:20:37.957     #3  "Qt6Gui.dll!QFontDatabasePrivate::ensureFontDatabase()+0xa7"
15:20:37.957     #4  "Qt6Gui.dll!QFontDatabasePrivate::findFont(QFontDef const&, int, bool)+0x6e"
15:20:37.957     #5  "Qt6Gui.dll!QFontDatabasePrivate::load(QFontPrivate const*, int)+0x7fd"
15:20:37.957     #6  "Qt6Gui.dll!QFontPrivate::engineForScript(int) const+0xc3"
15:20:37.957     #7  "Qt6Gui.dll!QFontMetricsF::height() const+0x17"
15:20:37.957     #8  "Qt6Quick.dll!QQuickTextPrivate::lineHeightOffset() const+0x3d"
15:20:37.957     #9  "Qt6Quick.dll!QQuickTextPrivate::updateSize()+0xc9"
15:20:37.957     #10  "Qt6Quick.dll!QQuickTextPrivate::updateLayout()+0x1f0"
15:20:37.957     #11  "Qt6Qml.dll!QQmlObjectCreator::finalize(QQmlInstantiationInterrupt&)+0x6da"
15:20:37.957     #12  "Qt6Qml.dll!QQmlComponentPrivate::complete(QQmlEnginePrivate*, QQmlComponentPrivate::ConstructionState*)+0x74"
15:20:37.957     #13  "Qt6Qml.dll!QQmlComponentPrivate::completeDeferred(QQmlEnginePrivate*, std::vector<QQmlComponentPrivate::ConstructionState, std::allocator<QQmlComponentPrivate::ConstructionState> >*)+0x2f"
15:20:37.957     #14  "Qt6QuickTemplates2.dll!QtQuickPrivate::completeDeferred(QObject*, QString const&, QQuickUntypedDeferredPointer*, QQmlEngine*)+0xc9"
15:20:37.957     #15  "Qt6QuickTemplates2.dll!QQuickPopupItemPrivate::executeContentItem(bool)+0x12f"
15:20:37.957     #16  "Qt6QuickTemplates2.dll!QQuickControl::componentComplete()+0x46"
15:20:37.957     #17  "Qt6QuickTemplates2.dll!QQuickPane::componentComplete()+0x12"
15:20:37.957     #18  "Qt6QuickTemplates2.dll!QQuickPage::componentComplete()+0x12"
15:20:37.957     #19  "Qt6QuickTemplates2.dll!QQuickPopup::componentComplete()+0xca"
15:20:37.957     #20  "Qt6Qml.dll!QQmlObjectCreator::finalize(QQmlInstantiationInterrupt&)+0x6da"
15:20:37.957     #21  "Qt6Qml.dll!QQmlComponentPrivate::complete(QQmlEnginePrivate*, QQmlComponentPrivate::ConstructionState*)+0x74"
15:20:37.957     #22  "Qt6Qml.dll!QQmlComponentPrivate::completeCreate()+0x2ae"
15:20:37.957     #23  "Qt6Qml.dll!QQmlComponentPrivate::createWithProperties(QObject*, QMap<QString, QVariant> const&, QQmlContext*, QQmlComponentPrivate::CreateBehavior, bool)+0xc4"
15:20:37.957     #24  "Qt6Qml.dll!QQmlComponent::create(QQmlContext*)+0x46"
15:20:37.957     #25  "Qt6QuickTemplates2.dll!QQuickToolTip::accessibilityActiveChanged(bool)+0x1cf"
15:20:37.957     #26  "Qt6QuickTemplates2.dll+0x1070a7 (nearest export: QQuickComboBox::qt_metacall(QMetaObject::Call, int, void**)+0x248a7)"
15:20:37.957     #27  "Qt6QuickTemplates2.dll+0x10eb9a (nearest export: QQuickComboBox::qt_metacall(QMetaObject::Call, int, void**)+0x2c39a)"
15:20:37.957     #28  "Qt6Core.dll+0x3fd299 (nearest export: z_adler32_combine64+0x6b4b9)"
15:20:37.957     #29  "Qt6Quick.dll!QQuickColorGroup::qt_static_metacall(QObject*, QMetaObject::Call, int, void**)+0xcca"
15:20:37.957     #30  "Qt6Qml.dll!QQmlNotifier::notify(QQmlData*, int)+0x7db"
15:20:37.957     #31  "Qt6Qml.dll+0x20fe13 (nearest export: QQmlObjectCreator::setPropertyValue(QQmlPropertyData const*, QV4::CompiledData::Binding const*)+0x13d3)"
15:20:37.957     #32  "Qt6Qml.dll!QQmlObjectCreator::setPropertyBinding(QQmlPropertyData const*, QV4::CompiledData::Binding const*)+0x107"
15:20:37.957     #33  "Qt6Qml.dll!QQmlObjectCreator::setupBindings(QFlags<QQmlObjectCreator::BindingMode>)+0x53e"
15:20:37.957     #34  "Qt6Qml.dll!QQmlObjectCreator::populateInstance(int, QObject*, QObject*, QQmlPropertyData const*, QV4::CompiledData::Binding const*)+0x230"
15:20:37.957     #35  "Qt6Qml.dll!QQmlObjectCreator::setPropertyBinding(QQmlPropertyData const*, QV4::CompiledData::Binding const*)+0xd4e"
15:20:37.957     #36  "Qt6Qml.dll!QQmlObjectCreator::setupBindings(QFlags<QQmlObjectCreator::BindingMode>)+0x53e"
15:20:37.957     #37  "Qt6Qml.dll!QQmlObjectCreator::populateInstance(int, QObject*, QObject*, QQmlPropertyData const*, QV4::CompiledData::Binding const*)+0x230"
15:20:37.957     #38  "Qt6Qml.dll!QQmlObjectCreator::createInstance(int, QObject*, bool)+0x4ca"
15:20:37.957     #39  "Qt6Qml.dll!QQmlObjectCreator::populateDeferredInstance(QObject*, int, int, QObject*, QObject*, QQmlPropertyData const*, QV4::CompiledData::Binding const*)+0x4c1"
15:20:37.957     #40  "Qt6Qml.dll!QQmlComponentPrivate::beginCreate(QQmlRefPointer<QQmlContextData>)+0x9a4"
15:20:37.957     #41  "Qt6Qml.dll!QQmlComponent::beginCreate(QQmlContext*)+0x3f"
15:20:37.957     #42  "Qt6Qml.dll!QQmlComponentPrivate::createWithProperties(QObject*, QMap<QString, QVariant> const&, QQmlContext*, QQmlComponentPrivate::CreateBehavior, bool)+0x43"
15:20:37.957     #43  "Qt6Qml.dll!QQmlComponent::create(QQmlContext*)+0x46"
15:20:37.957     #44  "Qt6Qml.dll!QQmlApplicationEnginePrivate::finishLoad(QQmlComponent*)+0x92"
15:20:37.957     #45  "Qt6Qml.dll!QQmlApplicationEngine::load(QUrl const&)+0x3d"
15:20:37.957     #46  "cutpro.exe+0x2d21"
15:20:37.957     #47  "cutpro.exe+0x12ef"
15:20:38.081 GUI thread STILL blocked after 2060 ms, "wedged in": "QQmlApplicationEngine::load(qrc:/qml/main.qml)" - during launch, before any window exists: this delays startup but cannot show as "Not Responding".
15:20:38.081   GUI thread backtrace, innermost first (48 frames):
15:20:38.081     #0  "ntdll.dll!ZwClose+0x14"
15:20:38.081     #1  "KERNELBASE.dll!CloseHandle+0x49"
15:20:38.081     #2  "DWrite.dll+0x1bf8c"
15:20:38.081     #3  "DWrite.dll+0x1beea"
15:20:38.081     #4  "DWrite.dll+0x1be92"
15:20:38.081     #5  "DWrite.dll+0x1be5c"
15:20:38.081     #6  "DWrite.dll+0x426f1"
15:20:38.081     #7  "DWrite.dll+0xd8832"
15:20:38.081     #8  "Qt6Gui.dll!QWindowsDirectWriteFontDatabase::populateFontDatabase()+0x523"
15:20:38.081     #9  "Qt6Gui.dll!QFontDatabasePrivate::ensureFontDatabase()+0xa7"
15:20:38.081     #10  "Qt6Gui.dll!QFontDatabasePrivate::findFont(QFontDef const&, int, bool)+0x6e"
15:20:38.081     #11  "Qt6Gui.dll!QFontDatabasePrivate::load(QFontPrivate const*, int)+0x7fd"
15:20:38.081     #12  "Qt6Gui.dll!QFontPrivate::engineForScript(int) const+0xc3"
15:20:38.081     #13  "Qt6Gui.dll!QFontMetricsF::height() const+0x17"
15:20:38.081     #14  "Qt6Quick.dll!QQuickTextPrivate::lineHeightOffset() const+0x3d"
15:20:38.081     #15  "Qt6Quick.dll!QQuickTextPrivate::updateSize()+0xc9"
15:20:38.081     #16  "Qt6Quick.dll!QQuickTextPrivate::updateLayout()+0x1f0"
15:20:38.081     #17  "Qt6Qml.dll!QQmlObjectCreator::finalize(QQmlInstantiationInterrupt&)+0x6da"
15:20:38.081     #18  "Qt6Qml.dll!QQmlComponentPrivate::complete(QQmlEnginePrivate*, QQmlComponentPrivate::ConstructionState*)+0x74"
15:20:38.084     #19  "Qt6Qml.dll!QQmlComponentPrivate::completeDeferred(QQmlEnginePrivate*, std::vector<QQmlComponentPrivate::ConstructionState, std::allocator<QQmlComponentPrivate::ConstructionState> >*)+0x2f"
15:20:38.084     #20  "Qt6QuickTemplates2.dll!QtQuickPrivate::completeDeferred(QObject*, QString const&, QQuickUntypedDeferredPointer*, QQmlEngine*)+0xc9"
15:20:38.084     #21  "Qt6QuickTemplates2.dll!QQuickPopupItemPrivate::executeContentItem(bool)+0x12f"
15:20:38.084     #22  "Qt6QuickTemplates2.dll!QQuickControl::componentComplete()+0x46"
15:20:38.084     #23  "Qt6QuickTemplates2.dll!QQuickPane::componentComplete()+0x12"
15:20:38.084     #24  "Qt6QuickTemplates2.dll!QQuickPage::componentComplete()+0x12"
15:20:38.084     #25  "Qt6QuickTemplates2.dll!QQuickPopup::componentComplete()+0xca"
15:20:38.084     #26  "Qt6Qml.dll!QQmlObjectCreator::finalize(QQmlInstantiationInterrupt&)+0x6da"
15:20:38.084     #27  "Qt6Qml.dll!QQmlComponentPrivate::complete(QQmlEnginePrivate*, QQmlComponentPrivate::ConstructionState*)+0x74"
15:20:38.084     #28  "Qt6Qml.dll!QQmlComponentPrivate::completeCreate()+0x2ae"
15:20:38.084     #29  "Qt6Qml.dll!QQmlComponentPrivate::createWithProperties(QObject*, QMap<QString, QVariant> const&, QQmlContext*, QQmlComponentPrivate::CreateBehavior, bool)+0xc4"
15:20:38.084     #30  "Qt6Qml.dll!QQmlComponent::create(QQmlContext*)+0x46"
15:20:38.084     #31  "Qt6QuickTemplates2.dll!QQuickToolTip::accessibilityActiveChanged(bool)+0x1cf"
15:20:38.084     #32  "Qt6QuickTemplates2.dll+0x1070a7 (nearest export: QQuickComboBox::qt_metacall(QMetaObject::Call, int, void**)+0x248a7)"
15:20:38.084     #33  "Qt6QuickTemplates2.dll+0x10eb9a (nearest export: QQuickComboBox::qt_metacall(QMetaObject::Call, int, void**)+0x2c39a)"
15:20:38.084     #34  "Qt6Core.dll+0x3fd299 (nearest export: z_adler32_combine64+0x6b4b9)"
15:20:38.084     #35  "Qt6Quick.dll!QQuickColorGroup::qt_static_metacall(QObject*, QMetaObject::Call, int, void**)+0xcca"
15:20:38.084     #36  "Qt6Qml.dll!QQmlNotifier::notify(QQmlData*, int)+0x7db"
15:20:38.084     #37  "Qt6Qml.dll+0x20fe13 (nearest export: QQmlObjectCreator::setPropertyValue(QQmlPropertyData const*, QV4::CompiledData::Binding const*)+0x13d3)"
15:20:38.084     #38  "Qt6Qml.dll!QQmlObjectCreator::setPropertyBinding(QQmlPropertyData const*, QV4::CompiledData::Binding const*)+0x107"
15:20:38.084     #39  "Qt6Qml.dll!QQmlObjectCreator::setupBindings(QFlags<QQmlObjectCreator::BindingMode>)+0x53e"
15:20:38.084     #40  "Qt6Qml.dll!QQmlObjectCreator::populateInstance(int, QObject*, QObject*, QQmlPropertyData const*, QV4::CompiledData::Binding const*)+0x230"
15:20:38.084     #41  "Qt6Qml.dll!QQmlObjectCreator::setPropertyBinding(QQmlPropertyData const*, QV4::CompiledData::Binding const*)+0xd4e"
15:20:38.084     #42  "Qt6Qml.dll!QQmlObjectCreator::setupBindings(QFlags<QQmlObjectCreator::BindingMode>)+0x53e"
15:20:38.084     #43  "Qt6Qml.dll!QQmlObjectCreator::populateInstance(int, QObject*, QObject*, QQmlPropertyData const*, QV4::CompiledData::Binding const*)+0x230"
15:20:38.084     #44  "Qt6Qml.dll!QQmlObjectCreator::createInstance(int, QObject*, bool)+0x4ca"
15:20:38.084     #45  "Qt6Qml.dll!QQmlObjectCreator::populateDeferredInstance(QObject*, int, int, QObject*, QObject*, QQmlPropertyData const*, QV4::CompiledData::Binding const*)+0x4c1"
15:20:38.084     #46  "Qt6Qml.dll!QQmlComponentPrivate::beginCreate(QQmlRefPointer<QQmlContextData>)+0x9a4"
15:20:38.084     #47  "Qt6Qml.dll!QQmlComponent::beginCreate(QQmlContext*)+0x3f"
15:20:38.306 Using Qt multimedia with FFmpeg version 7.1.3 LGPL version 2.1 or later
15:20:39.210 GUI thread unresponsive for 420 ms, "wedged in": "Backend::warmAudioOutput > FfmpegPreviewDecoder::warmAudioOutput > QAudioSink::start"
15:20:39.238   GUI thread backtrace, innermost first (39 frames):
15:20:39.238     #0  "ntdll.dll!ZwAlpcSendWaitReceivePort+0x14"
15:20:39.238     #1  "RPCRT4.dll+0x407d4 (nearest export: RpcExceptionFilter+0x3ed4)"
15:20:39.238     #2  "RPCRT4.dll+0x3fc76 (nearest export: RpcExceptionFilter+0x3376)"
15:20:39.238     #3  "RPCRT4.dll!NdrClientCall3+0x78c"
15:20:39.238     #4  "RPCRT4.dll!NdrClientCall3+0xed"
15:20:39.238     #5  "AUDIOSES.DLL+0x4fb20"
15:20:39.238     #6  "AUDIOSES.DLL+0x1cf93"
15:20:39.238     #7  "AUDIOSES.DLL+0x1c62c"
15:20:39.238     #8  "AUDIOSES.DLL+0x1afe4"
15:20:39.238     #9  "AUDIOSES.DLL+0x1aebd"
15:20:39.238     #10  "AUDIOSES.DLL+0x1adf3"
15:20:39.238     #11  "Qt6Multimedia.dll!QWindowsAudioUtils::mediaTypeToFormat(IMFMediaType*)+0xfa1"
15:20:39.238     #12  "Qt6Multimedia.dll+0x77e10 (nearest export: QtMultimediaPrivate::refreshWarmupClient()+0x8d40)"
15:20:39.238     #13  "Qt6Multimedia.dll+0x780fa (nearest export: QtMultimediaPrivate::refreshWarmupClient()+0x902a)"
15:20:39.238     #14  "Qt6Multimedia.dll+0x9778a (nearest export: QWindowsVideoDevices::~QWindowsVideoDevices()+0x179fa)"
15:20:39.238     #15  "cutpro_preview.dll!FfmpegPreviewDecoder::warmAudioOutput()+0x138"
15:20:39.238     #16  "cutpro_backend.dll+0xef27 (nearest export: ProjectDatabase::qt_metacall(QMetaObject::Call, int, void**)+0x61af)"
15:20:39.238     #17  "cutpro_backend.dll+0x50c1f (nearest export: Backend::updateExportProgress()+0x8ffd)"
15:20:39.238     #18  "cutpro_backend.dll+0x51812 (nearest export: Backend::updateExportProgress()+0x9bf0)"
15:20:39.238     #19  "cutpro_backend.dll+0x50c56 (nearest export: Backend::updateExportProgress()+0x9034)"
15:20:39.238     #20  "cutpro_backend.dll+0x4f866 (nearest export: Backend::updateExportProgress()+0x7c44)"
15:20:39.238     #21  "cutpro_backend.dll+0x4d856 (nearest export: Backend::updateExportProgress()+0x5c34)"
15:20:39.238     #22  "Qt6Core.dll+0x3fd299 (nearest export: z_adler32_combine64+0x6b4b9)"
15:20:39.238     #23  "Qt6Core.dll!QSignalMapper::qt_metacall(QMetaObject::Call, int, void**)+0x241"
15:20:39.238     #24  "Qt6Core.dll!QObject::event(QEvent*)+0x229"
15:20:39.238     #25  "Qt6Core.dll!QCoreApplication::notifyInternal2(QObject*, QEvent*)+0x19a"
15:20:39.239     #26  "Qt6Core.dll!QEventDispatcherWin32Private::sendTimerEvent(int)+0x1a8"
15:20:39.239     #27  "Qt6Core.dll!QEventDispatcherWin32Private::sendTimerEvent(int)+0xabc"
15:20:39.239     #28  "USER32.dll!CallWindowProcW+0x6a6"
15:20:39.239     #29  "USER32.dll!IsWindowUnicode+0x20d"
15:20:39.239     #30  "Qt6Core.dll!QEventDispatcherWin32::processEvents(QFlags<QEventLoop::ProcessEventsFlag>)+0x692"
15:20:39.239     #31  "Qt6Gui.dll!QWindowsGuiEventDispatcher::processEvents(QFlags<QEventLoop::ProcessEventsFlag>)+0x19"
15:20:39.239     #32  "Qt6Core.dll!QEventLoop::exec(QFlags<QEventLoop::ProcessEventsFlag>)+0x232"
15:20:39.239     #33  "Qt6Core.dll!QCoreApplication::exec()+0x96"
15:20:39.239     #34  "cutpro.exe+0x2dd5"
15:20:39.239     #35  "cutpro.exe+0x12ef"
15:20:39.239     #36  "cutpro.exe+0x1406"
15:20:39.239     #37  "KERNEL32.DLL!BaseThreadInitThunk+0x17"
15:20:39.239     #38  "ntdll.dll!RtlUserThreadStart+0x2c"
15:20:46.350 [mov,mp4,m4a,3gp,3g2,mj2 @ 0000016d17ae3dc0] st: 1 edit list: 1 Missing key frame while searching for timestamp: 0
15:20:46.350 [mov,mp4,m4a,3gp,3g2,mj2 @ 0000016d17ae3dc0] st: 1 edit list 1 Cannot find an index entry before timestamp: 0.
15:20:47.791 [mov,mp4,m4a,3gp,3g2,mj2 @ 0000016d17ae4080] st: 1 edit list: 1 Missing key frame while searching for timestamp: 0
15:20:47.791 [mov,mp4,m4a,3gp,3g2,mj2 @ 0000016d17ae4080] st: 1 edit list 1 Cannot find an index entry before timestamp: 0.
15:20:48.128 [mov,mp4,m4a,3gp,3g2,mj2 @ 0000016d17ae4b40] st: 1 edit list: 1 Missing key frame while searching for timestamp: 0
15:20:48.128 [mov,mp4,m4a,3gp,3g2,mj2 @ 0000016d17ae4b40] st: 1 edit list 1 Cannot find an index entry before timestamp: 0.
15:20:49.164 [mov,mp4,m4a,3gp,3g2,mj2 @ 0000016d17ae3dc0] st: 1 edit list: 1 Missing key frame while searching for timestamp: 0
15:20:49.164 [mov,mp4,m4a,3gp,3g2,mj2 @ 0000016d17ae3dc0] st: 1 edit list 1 Cannot find an index entry before timestamp: 0.
15:20:49.462 GUI thread unresponsive for 429 ms, "churning through": "FfmpegPreviewDecoder::start"
15:20:49.462   the innermost frame has only been open 330 ms of the 429 ms stall, so the thread is entering and leaving frames rather than stuck in one: the fix is to do it fewer times, not to move it off the thread.
15:20:49.462   GUI thread backtrace, innermost first (48 frames):
15:20:49.462     #0  "ntdll.dll!ZwAlpcSendWaitReceivePort+0x14"
15:20:49.462     #1  "RPCRT4.dll+0x407d4 (nearest export: RpcExceptionFilter+0x3ed4)"
15:20:49.462     #2  "RPCRT4.dll+0x3fc76 (nearest export: RpcExceptionFilter+0x3376)"
15:20:49.462     #3  "RPCRT4.dll!NdrClientCall3+0x78c"
15:20:49.462     #4  "RPCRT4.dll!NdrClientCall3+0xed"
15:20:49.462     #5  "AUDIOSES.DLL+0x4fb20"
15:20:49.462     #6  "AUDIOSES.DLL+0x1cf93"
15:20:49.462     #7  "AUDIOSES.DLL+0x1c62c"
15:20:49.462     #8  "AUDIOSES.DLL+0x1afe4"
15:20:49.462     #9  "AUDIOSES.DLL+0x1aebd"
15:20:49.462     #10  "AUDIOSES.DLL+0x1adf3"
15:20:49.462     #11  "Qt6Multimedia.dll!QWindowsAudioUtils::mediaTypeToFormat(IMFMediaType*)+0xfa1"
15:20:49.462     #12  "Qt6Multimedia.dll+0x77e10 (nearest export: QtMultimediaPrivate::refreshWarmupClient()+0x8d40)"
15:20:49.462     #13  "Qt6Multimedia.dll+0x780fa (nearest export: QtMultimediaPrivate::refreshWarmupClient()+0x902a)"
15:20:49.462     #14  "Qt6Multimedia.dll+0x9778a (nearest export: QWindowsVideoDevices::~QWindowsVideoDevices()+0x179fa)"
15:20:49.462     #15  "cutpro_preview.dll!FfmpegPreviewDecoder::startAudio(QString const&, long long, long long, double)+0x205"
15:20:49.462     #16  "cutpro_preview.dll!FfmpegPreviewDecoder::start(QString const&, QString const&, long long, long long, int, int, double, bool, double, QString const&)+0x35e"
15:20:49.462     #17  "cutpro_backend.dll!Backend::startPreviewDecode(QString const&, QString const&, long long, long long, int, int, double, bool, double, QString const&)+0xe1"
15:20:49.462     #18  "cutpro_backend.dll+0x5259 (nearest export: Backend::qt_static_metacall(QObject*, QMetaObject::Call, int, void**)+0x3e93)"
15:20:49.462     #19  "cutpro_backend.dll!Backend::qt_metacall(QMetaObject::Call, int, void**)+0x73"
15:20:49.462     #20  "Qt6Qml.dll!QQmlObjectCreator::create(int, QObject*, QQmlInstantiationInterrupt*, int)+0x94"
15:20:49.462     #21  "Qt6Qml.dll!QV4::Heap::QObjectWrapper::markObjects(QV4::Heap::Base*, QV4::MarkStack*)+0x90e"
15:20:49.462     #22  "Qt6Qml.dll!QV4::QObjectMethod::callPrecise(QQmlObjectOrGadget const&, QQmlPropertyData const&, QV4::ExecutionEngine*, QV4::CallData*, QMetaObject::Call)+0x339"
15:20:49.462     #23  "Qt6Qml.dll!QV4::QObjectMethod::callInternal(QV4::Value const*, QV4::Value const*, int) const+0x858"
15:20:49.462     #24  "Qt6Qml.dll+0x1613dc (nearest export: qt_v4DebuggerHook+0x33ec)"
15:20:49.462     #25  "Qt6Qml.dll+0x165c9f (nearest export: qt_v4DebuggerHook+0x7caf)"
15:20:49.462     #26  "Qt6Qml.dll!QV4::Function::updateInternalClass(QV4::ExecutionEngine*, QList<QByteArray> const&)+0xb00"
15:20:49.462     #27  "Qt6Qml.dll+0x1613dc (nearest export: qt_v4DebuggerHook+0x33ec)"
15:20:49.462     #28  "Qt6Qml.dll+0x165c9f (nearest export: qt_v4DebuggerHook+0x7caf)"
15:20:49.462     #29  "Qt6Qml.dll!QV4::ExecutableCompilationUnit::createNamedObjectsPerComponent(int)+0x82f"
15:20:49.462     #30  "Qt6Qml.dll!QV4::Function::call(QObject*, void**, QMetaType const*, int, QV4::ExecutionContext*)+0x293"
15:20:49.462     #31  "Qt6Qml.dll!QQmlJavaScriptExpression::evaluate(void**, QMetaType const*, int)+0x105"
15:20:49.462     #32  "Qt6Qml.dll!QQmlBoundSignalExpression::evaluate(void**)+0x31c"
15:20:49.462     #33  "Qt6Qml.dll!QQmlBoundSignalExpression::QQmlBoundSignalExpression(QObject const*, int, QQmlRefPointer<QQmlContextData> const&, QObject*, QV4::Function*, QV4::ExecutionContext*)+0x8f8"
15:20:49.462     #34  "Qt6Qml.dll!QQmlNotifier::emitNotify(QQmlNotifierEndpoint*, void**)+0x215"
15:20:49.462     #35  "Qt6Core.dll+0x3fcf21 (nearest export: z_adler32_combine64+0x6b141)"
15:20:49.462     #36  "Qt6Qml.dll!QQmlVMEMetaObject::metaCall(QObject*, QMetaObject::Call, int, void**)+0x436"
15:20:49.462     #37  "Qt6Qml.dll+0x348c0c (nearest export: QQmlLocale::registerStringLocaleCompare(QV4::ExecutionEngine*)+0x6493c)"
15:20:49.462     #38  "Qt6Qml.dll!QQmlBinding::doUpdate(QQmlJavaScriptExpression::DeleteWatcher const&, QFlags<QQmlPropertyData::WriteFlag>, QV4::Scope&)+0x19f"
15:20:49.462     #39  "Qt6Qml.dll!QQmlBinding::update(QFlags<QQmlPropertyData::WriteFlag>)+0x211"
15:20:49.462     #40  "Qt6Qml.dll!QQmlNotifier::emitNotify(QQmlNotifierEndpoint*, void**)+0x215"
15:20:49.462     #41  "Qt6Core.dll+0x3fcf21 (nearest export: z_adler32_combine64+0x6b141)"
15:20:49.462     #42  "cutpro_backend.dll!Backend::playingChanged()+0x2f"
15:20:49.462     #43  "cutpro_backend.dll!Backend::setPlaying(bool)+0x3b"
15:20:49.462     #44  "cutpro_backend.dll+0x7d0b (nearest export: Backend::qt_static_metacall(QObject*, QMetaObject::Call, int, void**)+0x6945)"
15:20:49.462     #45  "cutpro_backend.dll!Backend::qt_metacall(QMetaObject::Call, int, void**)+0xec"
15:20:49.462     #46  "Qt6Qml.dll+0x42a618 (nearest export: QQmlLocale::registerStringLocaleCompare(QV4::ExecutionEngine*)+0x146348)"
15:20:49.462     #47  "Qt6Qml.dll!QQmlPropertyPrivate::write(QObject*, QQmlPropertyData const&, QVariant const&, QQmlRefPointer<QQmlContextData> const&, QFlags<QQmlPropertyData::WriteFlag>)+0x8df"
15:21:13.086 GUI thread unresponsive for 419 ms, "stalled somewhere unmarked": "no marked scope"
15:21:13.135   GUI thread backtrace, innermost first (48 frames):
15:21:13.135     #0  "cutpro_backend.dll!std::operator<(std::strong_ordering, std::__cmp_cat::__unspec)+0xb"
15:21:13.135     #1  "cutpro_backend.dll!Qt::strong_ordering::strong_ordering(std::strong_ordering)+0x36"
15:21:13.135     #2  "cutpro_backend.dll!Qt::strong_ordering Qt::compareThreeWay<int, int, true, true>(int, int)+0x3a"
15:21:13.135     #3  "cutpro_backend.dll!compareThreeWay(QStringView const&, QStringView const&)+0x62"
15:21:13.135     #4  "cutpro_backend.dll!compareThreeWay(QString const&, QString const&)+0x40"
15:21:13.135     #5  "cutpro_backend.dll!operator<=>(QString const&, QString const&)+0x20"
15:21:13.135     #6  "cutpro_backend.dll!std::less<QString>::operator()(QString const&, QString const&) const+0x35"
15:21:13.135     #7  "cutpro_backend.dll!std::_Rb_tree<QString, std::pair<QString const, QVariant>, std::_Select1st<std::pair<QString const, QVariant> >, std::less<QString>, std::allocator<std::pair<QString const, QVariant> > >::find(QString const&) const+0x94"
15:21:13.135     #8  "cutpro_backend.dll!std::map<QString, QVariant, std::less<QString>, std::allocator<std::pair<QString const, QVariant> > >::find(QString const&) const+0x20"
15:21:13.136     #9  "cutpro_backend.dll!QMap<QString, QVariant>::value(QString const&, QVariant const&) const+0x60"
15:21:13.136     #10  "cutpro_backend.dll!Backend::clipIndex(QString const&) const+0xa4"
15:21:13.136     #11  "cutpro_backend.dll!Backend::removeClips(QList<QString> const&)+0xb1"
15:21:13.136     #12  "cutpro_backend.dll!Backend::removeTranscriptFromTimeline()+0x24d"
15:21:13.136     #13  "cutpro_backend.dll+0x4330 (nearest export: Backend::qt_static_metacall(QObject*, QMetaObject::Call, int, void**)+0x2f6a)"
15:21:13.136     #14  "cutpro_backend.dll!Backend::qt_metacall(QMetaObject::Call, int, void**)+0x73"
15:21:13.136     #15  "Qt6Qml.dll!QQmlObjectCreator::create(int, QObject*, QQmlInstantiationInterrupt*, int)+0x94"
15:21:13.136     #16  "Qt6Qml.dll+0x10a743 (nearest export: QV4::Heap::QObjectWrapper::markObjects(QV4::Heap::Base*, QV4::MarkStack*)+0x1843)"
15:21:13.136     #17  "Qt6Qml.dll!QV4::QObjectMethod::callPrecise(QQmlObjectOrGadget const&, QQmlPropertyData const&, QV4::ExecutionEngine*, QV4::CallData*, QMetaObject::Call)+0x170"
15:21:13.136     #18  "Qt6Qml.dll!QV4::QObjectMethod::callInternal(QV4::Value const*, QV4::Value const*, int) const+0x858"
15:21:13.136     #19  "Qt6Qml.dll+0x1613dc (nearest export: qt_v4DebuggerHook+0x33ec)"
15:21:13.136     #20  "Qt6Qml.dll+0x165c9f (nearest export: qt_v4DebuggerHook+0x7caf)"
15:21:13.136     #21  "Qt6Qml.dll!QV4::ExecutableCompilationUnit::createNamedObjectsPerComponent(int)+0x82f"
15:21:13.136     #22  "Qt6Qml.dll!QV4::Function::call(QObject*, void**, QMetaType const*, int, QV4::ExecutionContext*)+0x293"
15:21:13.136     #23  "Qt6Qml.dll!QQmlJavaScriptExpression::evaluate(void**, QMetaType const*, int)+0x105"
15:21:13.136     #24  "Qt6Qml.dll!QQmlBoundSignalExpression::evaluate(void**)+0x31c"
15:21:13.136     #25  "Qt6Qml.dll!QQmlBoundSignalExpression::QQmlBoundSignalExpression(QObject const*, int, QQmlRefPointer<QQmlContextData> const&, QObject*, QV4::Function*, QV4::ExecutionContext*)+0x8f8"
15:21:13.136     #26  "Qt6Qml.dll!QQmlNotifier::emitNotify(QQmlNotifierEndpoint*, void**)+0x215"
15:21:13.136     #27  "Qt6Core.dll+0x3fcf21 (nearest export: z_adler32_combine64+0x6b141)"
15:21:13.136     #28  "Qt6QuickTemplates2.dll!QQuickAbstractButtonPrivate::handleRelease(QPointF const&, unsigned long)+0x1a9"
15:21:13.136     #29  "Qt6QuickTemplates2.dll!QQuickControl::mouseReleaseEvent(QMouseEvent*)+0x9b"
15:21:13.136     #30  "Qt6Quick.dll!QQuickItemPrivate::deliverPointerEvent(QEvent*)+0x67"
15:21:13.136     #31  "Qt6Quick.dll!QQuickItem::event(QEvent*)+0xdb"
15:21:13.136     #32  "Qt6Core.dll!QCoreApplication::notifyInternal2(QObject*, QEvent*)+0x19a"
15:21:13.136     #33  "Qt6Quick.dll!QQuickDeliveryAgentPrivate::deliverMatchingPointsToItem(QQuickItem*, bool, QPointerEvent*, bool)+0x2c4"
15:21:13.136     #34  "Qt6Quick.dll!QQuickDeliveryAgentPrivate::deliverUpdatedPoints(QPointerEvent*)+0x9e"
15:21:13.136     #35  "Qt6Quick.dll!QQuickDeliveryAgentPrivate::deliverPointerEvent(QPointerEvent*)+0x636"
15:21:13.136     #36  "Qt6Quick.dll!QQuickDeliveryAgentPrivate::handleMouseEvent(QMouseEvent*)+0xe7"
15:21:13.136     #37  "Qt6Quick.dll!QQuickDeliveryAgent::event(QEvent*)+0x12b"
15:21:13.136     #38  "Qt6Quick.dll!QQuickWindow::event(QEvent*)+0x17e"
15:21:13.136     #39  "Qt6Core.dll!QCoreApplication::notifyInternal2(QObject*, QEvent*)+0x19a"
15:21:13.136     #40  "Qt6Gui.dll!QGuiApplicationPrivate::processMouseEvent(QWindowSystemInterfacePrivate::MouseEvent*)+0x972"
15:21:13.136     #41  "Qt6Gui.dll!QWindowSystemInterface::sendWindowSystemEvents(QFlags<QEventLoop::ProcessEventsFlag>)+0x30c"
15:21:13.136     #42  "Qt6Core.dll!QEventDispatcherWin32::processEvents(QFlags<QEventLoop::ProcessEventsFlag>)+0xaa7"
15:21:13.136     #43  "Qt6Gui.dll!QWindowsGuiEventDispatcher::processEvents(QFlags<QEventLoop::ProcessEventsFlag>)+0x19"
15:21:13.136     #44  "Qt6Core.dll!QEventLoop::exec(QFlags<QEventLoop::ProcessEventsFlag>)+0x232"
15:21:13.136     #45  "Qt6Core.dll!QCoreApplication::exec()+0x96"
15:21:13.136     #46  "cutpro.exe+0x2dd5"
15:21:13.136     #47  "cutpro.exe+0x12ef"
15:21:13.509 GUI thread unresponsive for 842 ms, "stalled somewhere unmarked": "no marked scope"
15:21:13.509   GUI thread backtrace, innermost first (48 frames):
15:21:13.509     #0  "cutpro_backend.dll!Qt::strong_ordering::strong_ordering(std::strong_ordering)+0x63"
15:21:13.509     #1  "cutpro_backend.dll!Qt::strong_ordering Qt::compareThreeWay<int, int, true, true>(int, int)+0x3a"
15:21:13.509     #2  "cutpro_backend.dll!compareThreeWay(QStringView const&, QStringView const&)+0x62"
15:21:13.509     #3  "cutpro_backend.dll!compareThreeWay(QString const&, QString const&)+0x40"
15:21:13.509     #4  "cutpro_backend.dll!operator<=>(QString const&, QString const&)+0x20"
15:21:13.510     #5  "cutpro_backend.dll!std::less<QString>::operator()(QString const&, QString const&) const+0x35"
15:21:13.510     #6  "cutpro_backend.dll!std::_Rb_tree<QString, std::pair<QString const, QVariant>, std::_Select1st<std::pair<QString const, QVariant> >, std::less<QString>, std::allocator<std::pair<QString const, QVariant> > >::_M_lower_bound(std::_Rb_tree_node<std::pair<QString const, QVariant> > const*, std::_Rb_tree_node_base const*, QString const&) const+0x3f"
15:21:13.510     #7  "cutpro_backend.dll!std::_Rb_tree<QString, std::pair<QString const, QVariant>, std::_Select1st<std::pair<QString const, QVariant> >, std::less<QString>, std::allocator<std::pair<QString const, QVariant> > >::find(QString const&) const+0x47"
15:21:13.510     #8  "cutpro_backend.dll!std::map<QString, QVariant, std::less<QString>, std::allocator<std::pair<QString const, QVariant> > >::find(QString const&) const+0x20"
15:21:13.510     #9  "cutpro_backend.dll!QMap<QString, QVariant>::value(QString const&, QVariant const&) const+0x60"
15:21:13.510     #10  "cutpro_backend.dll!Backend::clipIndex(QString const&) const+0xa4"
15:21:13.510     #11  "cutpro_backend.dll!Backend::removeClips(QList<QString> const&)+0xb1"
15:21:13.510     #12  "cutpro_backend.dll!Backend::removeTranscriptFromTimeline()+0x24d"
15:21:13.510     #13  "cutpro_backend.dll+0x4330 (nearest export: Backend::qt_static_metacall(QObject*, QMetaObject::Call, int, void**)+0x2f6a)"
15:21:13.510     #14  "cutpro_backend.dll!Backend::qt_metacall(QMetaObject::Call, int, void**)+0x73"
15:21:13.510     #15  "Qt6Qml.dll!QQmlObjectCreator::create(int, QObject*, QQmlInstantiationInterrupt*, int)+0x94"
15:21:13.510     #16  "Qt6Qml.dll+0x10a743 (nearest export: QV4::Heap::QObjectWrapper::markObjects(QV4::Heap::Base*, QV4::MarkStack*)+0x1843)"
15:21:13.510     #17  "Qt6Qml.dll!QV4::QObjectMethod::callPrecise(QQmlObjectOrGadget const&, QQmlPropertyData const&, QV4::ExecutionEngine*, QV4::CallData*, QMetaObject::Call)+0x170"
15:21:13.510     #18  "Qt6Qml.dll!QV4::QObjectMethod::callInternal(QV4::Value const*, QV4::Value const*, int) const+0x858"
15:21:13.510     #19  "Qt6Qml.dll+0x1613dc (nearest export: qt_v4DebuggerHook+0x33ec)"
15:21:13.510     #20  "Qt6Qml.dll+0x165c9f (nearest export: qt_v4DebuggerHook+0x7caf)"
15:21:13.510     #21  "Qt6Qml.dll!QV4::ExecutableCompilationUnit::createNamedObjectsPerComponent(int)+0x82f"
15:21:13.510     #22  "Qt6Qml.dll!QV4::Function::call(QObject*, void**, QMetaType const*, int, QV4::ExecutionContext*)+0x293"
15:21:13.510     #23  "Qt6Qml.dll!QQmlJavaScriptExpression::evaluate(void**, QMetaType const*, int)+0x105"
15:21:13.510     #24  "Qt6Qml.dll!QQmlBoundSignalExpression::evaluate(void**)+0x31c"
15:21:13.510     #25  "Qt6Qml.dll!QQmlBoundSignalExpression::QQmlBoundSignalExpression(QObject const*, int, QQmlRefPointer<QQmlContextData> const&, QObject*, QV4::Function*, QV4::ExecutionContext*)+0x8f8"
15:21:13.510     #26  "Qt6Qml.dll!QQmlNotifier::emitNotify(QQmlNotifierEndpoint*, void**)+0x215"
15:21:13.510     #27  "Qt6Core.dll+0x3fcf21 (nearest export: z_adler32_combine64+0x6b141)"
15:21:13.510     #28  "Qt6QuickTemplates2.dll!QQuickAbstractButtonPrivate::handleRelease(QPointF const&, unsigned long)+0x1a9"
15:21:13.510     #29  "Qt6QuickTemplates2.dll!QQuickControl::mouseReleaseEvent(QMouseEvent*)+0x9b"
15:21:13.510     #30  "Qt6Quick.dll!QQuickItemPrivate::deliverPointerEvent(QEvent*)+0x67"
15:21:13.510     #31  "Qt6Quick.dll!QQuickItem::event(QEvent*)+0xdb"
15:21:13.510     #32  "Qt6Core.dll!QCoreApplication::notifyInternal2(QObject*, QEvent*)+0x19a"
15:21:13.510     #33  "Qt6Quick.dll!QQuickDeliveryAgentPrivate::deliverMatchingPointsToItem(QQuickItem*, bool, QPointerEvent*, bool)+0x2c4"
15:21:13.510     #34  "Qt6Quick.dll!QQuickDeliveryAgentPrivate::deliverUpdatedPoints(QPointerEvent*)+0x9e"
15:21:13.510     #35  "Qt6Quick.dll!QQuickDeliveryAgentPrivate::deliverPointerEvent(QPointerEvent*)+0x636"
15:21:13.510     #36  "Qt6Quick.dll!QQuickDeliveryAgentPrivate::handleMouseEvent(QMouseEvent*)+0xe7"
15:21:13.510     #37  "Qt6Quick.dll!QQuickDeliveryAgent::event(QEvent*)+0x12b"
15:21:13.510     #38  "Qt6Quick.dll!QQuickWindow::event(QEvent*)+0x17e"
15:21:13.510     #39  "Qt6Core.dll!QCoreApplication::notifyInternal2(QObject*, QEvent*)+0x19a"
15:21:13.510     #40  "Qt6Gui.dll!QGuiApplicationPrivate::processMouseEvent(QWindowSystemInterfacePrivate::MouseEvent*)+0x972"
15:21:13.510     #41  "Qt6Gui.dll!QWindowSystemInterface::sendWindowSystemEvents(QFlags<QEventLoop::ProcessEventsFlag>)+0x30c"
15:21:13.510     #42  "Qt6Core.dll!QEventDispatcherWin32::processEvents(QFlags<QEventLoop::ProcessEventsFlag>)+0xaa7"
15:21:13.510     #43  "Qt6Gui.dll!QWindowsGuiEventDispatcher::processEvents(QFlags<QEventLoop::ProcessEventsFlag>)+0x19"
15:21:13.510     #44  "Qt6Core.dll!QEventLoop::exec(QFlags<QEventLoop::ProcessEventsFlag>)+0x232"
15:21:13.510     #45  "Qt6Core.dll!QCoreApplication::exec()+0x96"
15:21:13.510     #46  "cutpro.exe+0x2dd5"
15:21:13.510     #47  "cutpro.exe+0x12ef"
15:21:14.383 GUI thread unresponsive for 1715 ms, "stalled somewhere unmarked": "no marked scope"
15:21:14.384   GUI thread backtrace, innermost first (48 frames):
15:21:14.384     #0  "cutpro_backend.dll!QStringView::QStringView<QString, true>(QString const&)"
15:21:14.384     #1  "cutpro_backend.dll!compareThreeWay(QString const&, QString const&)+0x30"
15:21:14.384     #2  "cutpro_backend.dll!operator<=>(QString const&, QString const&)+0x20"
15:21:14.384     #3  "cutpro_backend.dll!std::less<QString>::operator()(QString const&, QString const&) const+0x35"
15:21:14.384     #4  "cutpro_backend.dll!std::_Rb_tree<QString, std::pair<QString const, QVariant>, std::_Select1st<std::pair<QString const, QVariant> >, std::less<QString>, std::allocator<std::pair<QString const, QVariant> > >::_M_lower_bound(std::_Rb_tree_node<std::pair<QString const, QVariant> > const*, std::_Rb_tree_node_base const*, QString const&) const+0x3f"
15:21:14.384     #5  "cutpro_backend.dll!std::_Rb_tree<QString, std::pair<QString const, QVariant>, std::_Select1st<std::pair<QString const, QVariant> >, std::less<QString>, std::allocator<std::pair<QString const, QVariant> > >::find(QString const&) const+0x47"
15:21:14.384     #6  "cutpro_backend.dll!std::map<QString, QVariant, std::less<QString>, std::allocator<std::pair<QString const, QVariant> > >::find(QString const&) const+0x20"
15:21:14.384     #7  "cutpro_backend.dll!QMap<QString, QVariant>::value(QString const&, QVariant const&) const+0x60"
15:21:14.384     #8  "cutpro_backend.dll!Backend::clipIndex(QString const&) const+0xa4"
15:21:14.384     #9  "cutpro_backend.dll!Backend::removeClips(QList<QString> const&)+0xb1"
15:21:14.384     #10  "cutpro_backend.dll!Backend::removeTranscriptFromTimeline()+0x24d"
15:21:14.384     #11  "cutpro_backend.dll+0x4330 (nearest export: Backend::qt_static_metacall(QObject*, QMetaObject::Call, int, void**)+0x2f6a)"
15:21:14.384     #12  "cutpro_backend.dll!Backend::qt_metacall(QMetaObject::Call, int, void**)+0x73"
15:21:14.384     #13  "Qt6Qml.dll!QQmlObjectCreator::create(int, QObject*, QQmlInstantiationInterrupt*, int)+0x94"
15:21:14.384     #14  "Qt6Qml.dll+0x10a743 (nearest export: QV4::Heap::QObjectWrapper::markObjects(QV4::Heap::Base*, QV4::MarkStack*)+0x1843)"
15:21:14.384     #15  "Qt6Qml.dll!QV4::QObjectMethod::callPrecise(QQmlObjectOrGadget const&, QQmlPropertyData const&, QV4::ExecutionEngine*, QV4::CallData*, QMetaObject::Call)+0x170"
15:21:14.385     #16  "Qt6Qml.dll!QV4::QObjectMethod::callInternal(QV4::Value const*, QV4::Value const*, int) const+0x858"
15:21:14.385     #17  "Qt6Qml.dll+0x1613dc (nearest export: qt_v4DebuggerHook+0x33ec)"
15:21:14.385     #18  "Qt6Qml.dll+0x165c9f (nearest export: qt_v4DebuggerHook+0x7caf)"
15:21:14.385     #19  "Qt6Qml.dll!QV4::ExecutableCompilationUnit::createNamedObjectsPerComponent(int)+0x82f"
15:21:14.385     #20  "Qt6Qml.dll!QV4::Function::call(QObject*, void**, QMetaType const*, int, QV4::ExecutionContext*)+0x293"
15:21:14.385     #21  "Qt6Qml.dll!QQmlJavaScriptExpression::evaluate(void**, QMetaType const*, int)+0x105"
15:21:14.385     #22  "Qt6Qml.dll!QQmlBoundSignalExpression::evaluate(void**)+0x31c"
15:21:14.385     #23  "Qt6Qml.dll!QQmlBoundSignalExpression::QQmlBoundSignalExpression(QObject const*, int, QQmlRefPointer<QQmlContextData> const&, QObject*, QV4::Function*, QV4::ExecutionContext*)+0x8f8"
15:21:14.385     #24  "Qt6Qml.dll!QQmlNotifier::emitNotify(QQmlNotifierEndpoint*, void**)+0x215"
15:21:14.385     #25  "Qt6Core.dll+0x3fcf21 (nearest export: z_adler32_combine64+0x6b141)"
15:21:14.385     #26  "Qt6QuickTemplates2.dll!QQuickAbstractButtonPrivate::handleRelease(QPointF const&, unsigned long)+0x1a9"
15:21:14.385     #27  "Qt6QuickTemplates2.dll!QQuickControl::mouseReleaseEvent(QMouseEvent*)+0x9b"
15:21:14.385     #28  "Qt6Quick.dll!QQuickItemPrivate::deliverPointerEvent(QEvent*)+0x67"
15:21:14.385     #29  "Qt6Quick.dll!QQuickItem::event(QEvent*)+0xdb"
15:21:14.385     #30  "Qt6Core.dll!QCoreApplication::notifyInternal2(QObject*, QEvent*)+0x19a"
15:21:14.385     #31  "Qt6Quick.dll!QQuickDeliveryAgentPrivate::deliverMatchingPointsToItem(QQuickItem*, bool, QPointerEvent*, bool)+0x2c4"
15:21:14.385     #32  "Qt6Quick.dll!QQuickDeliveryAgentPrivate::deliverUpdatedPoints(QPointerEvent*)+0x9e"
15:21:14.385     #33  "Qt6Quick.dll!QQuickDeliveryAgentPrivate::deliverPointerEvent(QPointerEvent*)+0x636"
15:21:14.385     #34  "Qt6Quick.dll!QQuickDeliveryAgentPrivate::handleMouseEvent(QMouseEvent*)+0xe7"
15:21:14.385     #35  "Qt6Quick.dll!QQuickDeliveryAgent::event(QEvent*)+0x12b"
15:21:14.385     #36  "Qt6Quick.dll!QQuickWindow::event(QEvent*)+0x17e"
15:21:14.385     #37  "Qt6Core.dll!QCoreApplication::notifyInternal2(QObject*, QEvent*)+0x19a"
15:21:14.385     #38  "Qt6Gui.dll!QGuiApplicationPrivate::processMouseEvent(QWindowSystemInterfacePrivate::MouseEvent*)+0x972"
15:21:14.385     #39  "Qt6Gui.dll!QWindowSystemInterface::sendWindowSystemEvents(QFlags<QEventLoop::ProcessEventsFlag>)+0x30c"
15:21:14.385     #40  "Qt6Core.dll!QEventDispatcherWin32::processEvents(QFlags<QEventLoop::ProcessEventsFlag>)+0xaa7"
15:21:14.385     #41  "Qt6Gui.dll!QWindowsGuiEventDispatcher::processEvents(QFlags<QEventLoop::ProcessEventsFlag>)+0x19"
15:21:14.385     #42  "Qt6Core.dll!QEventLoop::exec(QFlags<QEventLoop::ProcessEventsFlag>)+0x232"
15:21:14.385     #43  "Qt6Core.dll!QCoreApplication::exec()+0x96"
15:21:14.385     #44  "cutpro.exe+0x2dd5"
15:21:14.385     #45  "cutpro.exe+0x12ef"
15:21:14.385     #46  "cutpro.exe+0x1406"
15:21:14.385     #47  "KERNEL32.DLL!BaseThreadInitThunk+0x17"
15:21:14.694 GUI thread STILL blocked after 2027 ms, "stalled somewhere unmarked": "no marked scope" - this is the state Windows shows as "Not Responding".
15:21:14.699   GUI thread backtrace, innermost first (48 frames):
15:21:14.699     #0  "Qt6Core.dll!QArrayData::deallocate(QArrayData*, long long, long long)+0x1f"
15:21:14.699     #1  "Qt6Core.dll!QCborValue::toRegularExpression(QRegularExpression const&) const+0xad4"
15:21:14.700     #2  "Qt6Core.dll+0x44e725 (nearest export: z_adler32_combine64+0xbc945)"
15:21:14.700     #3  "Qt6Core.dll!QJsonValue::~QJsonValue()+0x14"
15:21:14.700     #4  "Qt6Core.dll!QCborValue::fromJsonValue(QJsonValue const&)+0x7e8"
15:21:14.700     #5  "Qt6Core.dll!QCborValue::fromJsonValue(QJsonValue const&)+0xde0"
15:21:14.700     #6  "Qt6Core.dll!QCborMap::fromVariantHash(QHash<QString, QVariant> const&)+0x3ab"
15:21:14.700     #7  "Qt6Core.dll!QJsonArray::fromVariantList(QList<QVariant> const&)+0x23"
15:21:14.700     #8  "cutpro_backend.dll!Backend::serializeState() const+0x5d4"
15:21:14.700     #9  "cutpro_backend.dll!Backend::recordAction(QString const&, QMap<QString, QVariant> const&)+0x6e"
15:21:14.700     #10  "cutpro_backend.dll!Backend::rememberState()+0x79"
15:21:14.700     #11  "cutpro_backend.dll!Backend::removeClips(QList<QString> const&)+0x32d"
15:21:14.700     #12  "cutpro_backend.dll!Backend::removeTranscriptFromTimeline()+0x24d"
15:21:14.700     #13  "cutpro_backend.dll+0x4330 (nearest export: Backend::qt_static_metacall(QObject*, QMetaObject::Call, int, void**)+0x2f6a)"
15:21:14.700     #14  "cutpro_backend.dll!Backend::qt_metacall(QMetaObject::Call, int, void**)+0x73"
15:21:14.700     #15  "Qt6Qml.dll!QQmlObjectCreator::create(int, QObject*, QQmlInstantiationInterrupt*, int)+0x94"
15:21:14.700     #16  "Qt6Qml.dll+0x10a743 (nearest export: QV4::Heap::QObjectWrapper::markObjects(QV4::Heap::Base*, QV4::MarkStack*)+0x1843)"
15:21:14.700     #17  "Qt6Qml.dll!QV4::QObjectMethod::callPrecise(QQmlObjectOrGadget const&, QQmlPropertyData const&, QV4::ExecutionEngine*, QV4::CallData*, QMetaObject::Call)+0x170"
15:21:14.700     #18  "Qt6Qml.dll!QV4::QObjectMethod::callInternal(QV4::Value const*, QV4::Value const*, int) const+0x858"
15:21:14.700     #19  "Qt6Qml.dll+0x1613dc (nearest export: qt_v4DebuggerHook+0x33ec)"
15:21:14.700     #20  "Qt6Qml.dll+0x165c9f (nearest export: qt_v4DebuggerHook+0x7caf)"
15:21:14.700     #21  "Qt6Qml.dll!QV4::ExecutableCompilationUnit::createNamedObjectsPerComponent(int)+0x82f"
15:21:14.700     #22  "Qt6Qml.dll!QV4::Function::call(QObject*, void**, QMetaType const*, int, QV4::ExecutionContext*)+0x293"
15:21:14.700     #23  "Qt6Qml.dll!QQmlJavaScriptExpression::evaluate(void**, QMetaType const*, int)+0x105"
15:21:14.700     #24  "Qt6Qml.dll!QQmlBoundSignalExpression::evaluate(void**)+0x31c"
15:21:14.700     #25  "Qt6Qml.dll!QQmlBoundSignalExpression::QQmlBoundSignalExpression(QObject const*, int, QQmlRefPointer<QQmlContextData> const&, QObject*, QV4::Function*, QV4::ExecutionContext*)+0x8f8"
15:21:14.700     #26  "Qt6Qml.dll!QQmlNotifier::emitNotify(QQmlNotifierEndpoint*, void**)+0x215"
15:21:14.700     #27  "Qt6Core.dll+0x3fcf21 (nearest export: z_adler32_combine64+0x6b141)"
15:21:14.700     #28  "Qt6QuickTemplates2.dll!QQuickAbstractButtonPrivate::handleRelease(QPointF const&, unsigned long)+0x1a9"
15:21:14.701     #29  "Qt6QuickTemplates2.dll!QQuickControl::mouseReleaseEvent(QMouseEvent*)+0x9b"
15:21:14.701     #30  "Qt6Quick.dll!QQuickItemPrivate::deliverPointerEvent(QEvent*)+0x67"
15:21:14.701     #31  "Qt6Quick.dll!QQuickItem::event(QEvent*)+0xdb"
15:21:14.701     #32  "Qt6Core.dll!QCoreApplication::notifyInternal2(QObject*, QEvent*)+0x19a"
15:21:14.701     #33  "Qt6Quick.dll!QQuickDeliveryAgentPrivate::deliverMatchingPointsToItem(QQuickItem*, bool, QPointerEvent*, bool)+0x2c4"
15:21:14.701     #34  "Qt6Quick.dll!QQuickDeliveryAgentPrivate::deliverUpdatedPoints(QPointerEvent*)+0x9e"
15:21:14.701     #35  "Qt6Quick.dll!QQuickDeliveryAgentPrivate::deliverPointerEvent(QPointerEvent*)+0x636"
15:21:14.701     #36  "Qt6Quick.dll!QQuickDeliveryAgentPrivate::handleMouseEvent(QMouseEvent*)+0xe7"
15:21:14.701     #37  "Qt6Quick.dll!QQuickDeliveryAgent::event(QEvent*)+0x12b"
15:21:14.701     #38  "Qt6Quick.dll!QQuickWindow::event(QEvent*)+0x17e"
15:21:14.701     #39  "Qt6Core.dll!QCoreApplication::notifyInternal2(QObject*, QEvent*)+0x19a"
15:21:14.701     #40  "Qt6Gui.dll!QGuiApplicationPrivate::processMouseEvent(QWindowSystemInterfacePrivate::MouseEvent*)+0x972"
15:21:14.701     #41  "Qt6Gui.dll!QWindowSystemInterface::sendWindowSystemEvents(QFlags<QEventLoop::ProcessEventsFlag>)+0x30c"
15:21:14.701     #42  "Qt6Core.dll!QEventDispatcherWin32::processEvents(QFlags<QEventLoop::ProcessEventsFlag>)+0xaa7"
15:21:14.701     #43  "Qt6Gui.dll!QWindowsGuiEventDispatcher::processEvents(QFlags<QEventLoop::ProcessEventsFlag>)+0x19"
15:21:14.701     #44  "Qt6Core.dll!QEventLoop::exec(QFlags<QEventLoop::ProcessEventsFlag>)+0x232"
15:21:14.701     #45  "Qt6Core.dll!QCoreApplication::exec()+0x96"
15:21:14.701     #46  "cutpro.exe+0x2dd5"
15:21:14.701     #47  "cutpro.exe+0x12ef"
15:25:03.697 Retrying to obtain clipboard.
15:26:32.498 [mov,mp4,m4a,3gp,3g2,mj2 @ 0000016d17ae50c0] st: 1 edit list: 1 Missing key frame while searching for timestamp: 0
15:26:32.498 [mov,mp4,m4a,3gp,3g2,mj2 @ 0000016d17ae50c0] st: 1 edit list 1 Cannot find an index entry before timestamp: 0.
15:26:38.255 [mov,mp4,m4a,3gp,3g2,mj2 @ 0000016d17ae4340] st: 1 edit list: 1 Missing key frame while searching for timestamp: 0
15:26:38.255 [mov,mp4,m4a,3gp,3g2,mj2 @ 0000016d17ae4340] st: 1 edit list 1 Cannot find an index entry before timestamp: 0.
15:26:40.255 [mov,mp4,m4a,3gp,3g2,mj2 @ 0000016d17ae4340] st: 1 edit list: 1 Missing key frame while searching for timestamp: 0
15:26:40.255 [mov,mp4,m4a,3gp,3g2,mj2 @ 0000016d17ae4340] st: 1 edit list 1 Cannot find an index entry before timestamp: 0.
15:26:40.589 GUI thread unresponsive for 412 ms, "wedged in": "FfmpegPreviewDecoder::start"
15:26:40.590   GUI thread backtrace, innermost first (48 frames):
15:26:40.590     #0  "ntdll.dll!ZwAlpcSendWaitReceivePort+0x14"
15:26:40.590     #1  "RPCRT4.dll+0x407d4 (nearest export: RpcExceptionFilter+0x3ed4)"
15:26:40.590     #2  "RPCRT4.dll+0x3fc76 (nearest export: RpcExceptionFilter+0x3376)"
15:26:40.590     #3  "RPCRT4.dll!NdrClientCall3+0x78c"
15:26:40.590     #4  "RPCRT4.dll!NdrClientCall3+0xed"
15:26:40.590     #5  "AUDIOSES.DLL+0x4fb20"
15:26:40.590     #6  "AUDIOSES.DLL+0x1cf93"
15:26:40.590     #7  "AUDIOSES.DLL+0x1c62c"
15:26:40.590     #8  "AUDIOSES.DLL+0x1afe4"
15:26:40.590     #9  "AUDIOSES.DLL+0x1aebd"
15:26:40.590     #10  "AUDIOSES.DLL+0x1adf3"
15:26:40.590     #11  "Qt6Multimedia.dll!QWindowsAudioUtils::mediaTypeToFormat(IMFMediaType*)+0xfa1"
15:26:40.590     #12  "Qt6Multimedia.dll+0x77e10 (nearest export: QtMultimediaPrivate::refreshWarmupClient()+0x8d40)"
15:26:40.590     #13  "Qt6Multimedia.dll+0x780fa (nearest export: QtMultimediaPrivate::refreshWarmupClient()+0x902a)"
15:26:40.590     #14  "Qt6Multimedia.dll+0x9778a (nearest export: QWindowsVideoDevices::~QWindowsVideoDevices()+0x179fa)"
15:26:40.590     #15  "cutpro_preview.dll!FfmpegPreviewDecoder::startAudio(QString const&, long long, long long, double)+0x205"
15:26:40.590     #16  "cutpro_preview.dll!FfmpegPreviewDecoder::start(QString const&, QString const&, long long, long long, int, int, double, bool, double, QString const&)+0x35e"
15:26:40.590     #17  "cutpro_backend.dll!Backend::startPreviewDecode(QString const&, QString const&, long long, long long, int, int, double, bool, double, QString const&)+0xe1"
15:26:40.590     #18  "cutpro_backend.dll+0x5259 (nearest export: Backend::qt_static_metacall(QObject*, QMetaObject::Call, int, void**)+0x3e93)"
15:26:40.590     #19  "cutpro_backend.dll!Backend::qt_metacall(QMetaObject::Call, int, void**)+0x73"
15:26:40.590     #20  "Qt6Qml.dll!QQmlObjectCreator::create(int, QObject*, QQmlInstantiationInterrupt*, int)+0x94"
15:26:40.590     #21  "Qt6Qml.dll!QV4::Heap::QObjectWrapper::markObjects(QV4::Heap::Base*, QV4::MarkStack*)+0x90e"
15:26:40.590     #22  "Qt6Qml.dll!QV4::QObjectMethod::callPrecise(QQmlObjectOrGadget const&, QQmlPropertyData const&, QV4::ExecutionEngine*, QV4::CallData*, QMetaObject::Call)+0x339"
15:26:40.590     #23  "Qt6Qml.dll!QV4::QObjectMethod::callInternal(QV4::Value const*, QV4::Value const*, int) const+0x858"
15:26:40.590     #24  "Qt6Qml.dll!QV4::Runtime::CallPropertyLookup::call(QV4::ExecutionEngine*, QV4::Value const&, unsigned int, QV4::Value*, int)+0xa2"
15:26:40.590     #25  "0x16d17631343"
15:26:40.590     #26  "Qt6Qml.dll+0x165b98 (nearest export: qt_v4DebuggerHook+0x7ba8)"
15:26:40.590     #27  "Qt6Qml.dll!QV4::Function::updateInternalClass(QV4::ExecutionEngine*, QList<QByteArray> const&)+0xb00"
15:26:40.590     #28  "Qt6Qml.dll!QV4::Runtime::CallPropertyLookup::call(QV4::ExecutionEngine*, QV4::Value const&, unsigned int, QV4::Value*, int)+0xa2"
15:26:40.590     #29  "0x16d1769027c"
15:26:40.590     #30  "Qt6Qml.dll+0x165b98 (nearest export: qt_v4DebuggerHook+0x7ba8)"
15:26:40.590     #31  "Qt6Qml.dll!QV4::ExecutableCompilationUnit::createNamedObjectsPerComponent(int)+0x82f"
15:26:40.590     #32  "Qt6Qml.dll!QV4::Function::call(QObject*, void**, QMetaType const*, int, QV4::ExecutionContext*)+0x293"
15:26:40.590     #33  "Qt6Qml.dll!QQmlJavaScriptExpression::evaluate(void**, QMetaType const*, int)+0x105"
15:26:40.590     #34  "Qt6Qml.dll!QQmlBoundSignalExpression::evaluate(void**)+0x31c"
15:26:40.590     #35  "Qt6Qml.dll!QQmlBoundSignalExpression::QQmlBoundSignalExpression(QObject const*, int, QQmlRefPointer<QQmlContextData> const&, QObject*, QV4::Function*, QV4::ExecutionContext*)+0x8f8"
15:26:40.590     #36  "Qt6Qml.dll!QQmlNotifier::emitNotify(QQmlNotifierEndpoint*, void**)+0x215"
15:26:40.590     #37  "Qt6Core.dll+0x3fcf21 (nearest export: z_adler32_combine64+0x6b141)"
15:26:40.590     #38  "Qt6Qml.dll!QQmlVMEMetaObject::metaCall(QObject*, QMetaObject::Call, int, void**)+0x436"
15:26:40.590     #39  "Qt6Qml.dll+0x348c0c (nearest export: QQmlLocale::registerStringLocaleCompare(QV4::ExecutionEngine*)+0x6493c)"
15:26:40.590     #40  "Qt6Qml.dll!QQmlBinding::doUpdate(QQmlJavaScriptExpression::DeleteWatcher const&, QFlags<QQmlPropertyData::WriteFlag>, QV4::Scope&)+0x19f"
15:26:40.590     #41  "Qt6Qml.dll!QQmlBinding::update(QFlags<QQmlPropertyData::WriteFlag>)+0x211"
15:26:40.590     #42  "Qt6Qml.dll!QQmlNotifier::emitNotify(QQmlNotifierEndpoint*, void**)+0x215"
15:26:40.590     #43  "Qt6Core.dll+0x3fcf21 (nearest export: z_adler32_combine64+0x6b141)"
15:26:40.590     #44  "cutpro_backend.dll!Backend::playingChanged()+0x2f"
15:26:40.590     #45  "cutpro_backend.dll!Backend::setPlaying(bool)+0x3b"
15:26:40.590     #46  "cutpro_backend.dll+0x7d0b (nearest export: Backend::qt_static_metacall(QObject*, QMetaObject::Call, int, void**)+0x6945)"
15:26:40.590     #47  "cutpro_backend.dll!Backend::qt_metacall(QMetaObject::Call, int, void**)+0xec"
15:26:43.442 [mov,mp4,m4a,3gp,3g2,mj2 @ 0000016d17ae5340] st: 1 edit list: 1 Missing key frame while searching for timestamp: 0
15:26:43.442 [mov,mp4,m4a,3gp,3g2,mj2 @ 0000016d17ae5340] st: 1 edit list 1 Cannot find an index entry before timestamp: 0.
15:26:43.791 GUI thread unresponsive for 424 ms, "wedged in": "FfmpegPreviewDecoder::start"
15:26:43.791   GUI thread backtrace, innermost first (48 frames):
15:26:43.791     #0  "ntdll.dll!ZwAlpcSendWaitReceivePort+0x14"
15:26:43.791     #1  "RPCRT4.dll+0x407d4 (nearest export: RpcExceptionFilter+0x3ed4)"
15:26:43.791     #2  "RPCRT4.dll+0x3fc76 (nearest export: RpcExceptionFilter+0x3376)"
15:26:43.791     #3  "RPCRT4.dll!NdrClientCall3+0x78c"
15:26:43.791     #4  "RPCRT4.dll!NdrClientCall3+0xed"
15:26:43.791     #5  "AUDIOSES.DLL+0x4fb20"
15:26:43.791     #6  "AUDIOSES.DLL+0x1cf93"
15:26:43.791     #7  "AUDIOSES.DLL+0x1c62c"
15:26:43.791     #8  "AUDIOSES.DLL+0x1afe4"
15:26:43.791     #9  "AUDIOSES.DLL+0x1aebd"
15:26:43.791     #10  "AUDIOSES.DLL+0x1adf3"
15:26:43.791     #11  "Qt6Multimedia.dll!QWindowsAudioUtils::mediaTypeToFormat(IMFMediaType*)+0xfa1"
15:26:43.791     #12  "Qt6Multimedia.dll+0x77e10 (nearest export: QtMultimediaPrivate::refreshWarmupClient()+0x8d40)"
15:26:43.791     #13  "Qt6Multimedia.dll+0x780fa (nearest export: QtMultimediaPrivate::refreshWarmupClient()+0x902a)"
15:26:43.791     #14  "Qt6Multimedia.dll+0x9778a (nearest export: QWindowsVideoDevices::~QWindowsVideoDevices()+0x179fa)"
15:26:43.791     #15  "cutpro_preview.dll!FfmpegPreviewDecoder::startAudio(QString const&, long long, long long, double)+0x205"
15:26:43.791     #16  "cutpro_preview.dll!FfmpegPreviewDecoder::start(QString const&, QString const&, long long, long long, int, int, double, bool, double, QString const&)+0x35e"
15:26:43.791     #17  "cutpro_backend.dll!Backend::startPreviewDecode(QString const&, QString const&, long long, long long, int, int, double, bool, double, QString const&)+0xe1"
15:26:43.791     #18  "cutpro_backend.dll+0x5259 (nearest export: Backend::qt_static_metacall(QObject*, QMetaObject::Call, int, void**)+0x3e93)"
15:26:43.791     #19  "cutpro_backend.dll!Backend::qt_metacall(QMetaObject::Call, int, void**)+0x73"
15:26:43.791     #20  "Qt6Qml.dll!QQmlObjectCreator::create(int, QObject*, QQmlInstantiationInterrupt*, int)+0x94"
15:26:43.791     #21  "Qt6Qml.dll!QV4::Heap::QObjectWrapper::markObjects(QV4::Heap::Base*, QV4::MarkStack*)+0x90e"
15:26:43.791     #22  "Qt6Qml.dll!QV4::QObjectMethod::callPrecise(QQmlObjectOrGadget const&, QQmlPropertyData const&, QV4::ExecutionEngine*, QV4::CallData*, QMetaObject::Call)+0x339"
15:26:43.791     #23  "Qt6Qml.dll!QV4::QObjectMethod::callInternal(QV4::Value const*, QV4::Value const*, int) const+0x858"
15:26:43.791     #24  "Qt6Qml.dll!QV4::Runtime::CallPropertyLookup::call(QV4::ExecutionEngine*, QV4::Value const&, unsigned int, QV4::Value*, int)+0xa2"
15:26:43.791     #25  "0x16d17631343"
15:26:43.791     #26  "Qt6Qml.dll+0x165b98 (nearest export: qt_v4DebuggerHook+0x7ba8)"
15:26:43.791     #27  "Qt6Qml.dll!QV4::Function::updateInternalClass(QV4::ExecutionEngine*, QList<QByteArray> const&)+0xb00"
15:26:43.791     #28  "Qt6Qml.dll!QV4::Runtime::CallPropertyLookup::call(QV4::ExecutionEngine*, QV4::Value const&, unsigned int, QV4::Value*, int)+0xa2"
15:26:43.791     #29  "0x16d1769027c"
15:26:43.791     #30  "Qt6Qml.dll+0x165b98 (nearest export: qt_v4DebuggerHook+0x7ba8)"
15:26:43.791     #31  "Qt6Qml.dll!QV4::ExecutableCompilationUnit::createNamedObjectsPerComponent(int)+0x82f"
15:26:43.791     #32  "Qt6Qml.dll!QV4::Function::call(QObject*, void**, QMetaType const*, int, QV4::ExecutionContext*)+0x293"
15:26:43.791     #33  "Qt6Qml.dll!QQmlJavaScriptExpression::evaluate(void**, QMetaType const*, int)+0x105"
15:26:43.791     #34  "Qt6Qml.dll!QQmlBoundSignalExpression::evaluate(void**)+0x31c"
15:26:43.791     #35  "Qt6Qml.dll!QQmlBoundSignalExpression::QQmlBoundSignalExpression(QObject const*, int, QQmlRefPointer<QQmlContextData> const&, QObject*, QV4::Function*, QV4::ExecutionContext*)+0x8f8"
15:26:43.791     #36  "Qt6Qml.dll!QQmlNotifier::emitNotify(QQmlNotifierEndpoint*, void**)+0x215"
15:26:43.791     #37  "Qt6Core.dll+0x3fcf21 (nearest export: z_adler32_combine64+0x6b141)"
15:26:43.791     #38  "Qt6Qml.dll!QQmlVMEMetaObject::metaCall(QObject*, QMetaObject::Call, int, void**)+0x436"
15:26:43.791     #39  "Qt6Qml.dll+0x348c0c (nearest export: QQmlLocale::registerStringLocaleCompare(QV4::ExecutionEngine*)+0x6493c)"
15:26:43.791     #40  "Qt6Qml.dll!QQmlBinding::doUpdate(QQmlJavaScriptExpression::DeleteWatcher const&, QFlags<QQmlPropertyData::WriteFlag>, QV4::Scope&)+0x19f"
15:26:43.791     #41  "Qt6Qml.dll!QQmlBinding::update(QFlags<QQmlPropertyData::WriteFlag>)+0x211"
15:26:43.791     #42  "Qt6Qml.dll!QQmlNotifier::emitNotify(QQmlNotifierEndpoint*, void**)+0x215"
15:26:43.791     #43  "Qt6Core.dll+0x3fcf21 (nearest export: z_adler32_combine64+0x6b141)"
15:26:43.791     #44  "cutpro_backend.dll!Backend::playingChanged()+0x2f"
15:26:43.791     #45  "cutpro_backend.dll!Backend::setPlaying(bool)+0x3b"
15:26:43.791     #46  "cutpro_backend.dll+0x7d0b (nearest export: Backend::qt_static_metacall(QObject*, QMetaObject::Call, int, void**)+0x6945)"
15:26:43.791     #47  "cutpro_backend.dll!Backend::qt_metacall(QMetaObject::Call, int, void**)+0xec"
15:26:46.062 [mov,mp4,m4a,3gp,3g2,mj2 @ 0000016d17ae58c0] st: 1 edit list: 1 Missing key frame while searching for timestamp: 0
15:26:46.062 [mov,mp4,m4a,3gp,3g2,mj2 @ 0000016d17ae58c0] st: 1 edit list 1 Cannot find an index entry before timestamp: 0.
15:26:49.845 [mov,mp4,m4a,3gp,3g2,mj2 @ 0000016d17ae50c0] st: 1 edit list: 1 Missing key frame while searching for timestamp: 0
15:26:49.845 [mov,mp4,m4a,3gp,3g2,mj2 @ 0000016d17ae50c0] st: 1 edit list 1 Cannot find an index entry before timestamp: 0.
15:26:50.145 GUI thread unresponsive for 430 ms, "churning through": "FfmpegPreviewDecoder::start"
15:26:50.145   the innermost frame has only been open 322 ms of the 430 ms stall, so the thread is entering and leaving frames rather than stuck in one: the fix is to do it fewer times, not to move it off the thread.
15:26:50.145   GUI thread backtrace, innermost first (48 frames):
15:26:50.145     #0  "ntdll.dll!ZwAlpcSendWaitReceivePort+0x14"
15:26:50.145     #1  "RPCRT4.dll+0x407d4 (nearest export: RpcExceptionFilter+0x3ed4)"
15:26:50.145     #2  "RPCRT4.dll+0x3fc76 (nearest export: RpcExceptionFilter+0x3376)"
15:26:50.145     #3  "RPCRT4.dll!NdrClientCall3+0x78c"
15:26:50.145     #4  "RPCRT4.dll!NdrClientCall3+0xed"
15:26:50.145     #5  "AUDIOSES.DLL+0x4fb20"
15:26:50.145     #6  "AUDIOSES.DLL+0x1cf93"
15:26:50.145     #7  "AUDIOSES.DLL+0x1c62c"
15:26:50.145     #8  "AUDIOSES.DLL+0x1afe4"
15:26:50.145     #9  "AUDIOSES.DLL+0x1aebd"
15:26:50.145     #10  "AUDIOSES.DLL+0x1adf3"
15:26:50.145     #11  "Qt6Multimedia.dll!QWindowsAudioUtils::mediaTypeToFormat(IMFMediaType*)+0xfa1"
15:26:50.145     #12  "Qt6Multimedia.dll+0x77e10 (nearest export: QtMultimediaPrivate::refreshWarmupClient()+0x8d40)"
15:26:50.145     #13  "Qt6Multimedia.dll+0x780fa (nearest export: QtMultimediaPrivate::refreshWarmupClient()+0x902a)"
15:26:50.145     #14  "Qt6Multimedia.dll+0x9778a (nearest export: QWindowsVideoDevices::~QWindowsVideoDevices()+0x179fa)"
15:26:50.145     #15  "cutpro_preview.dll!FfmpegPreviewDecoder::startAudio(QString const&, long long, long long, double)+0x205"
15:26:50.145     #16  "cutpro_preview.dll!FfmpegPreviewDecoder::start(QString const&, QString const&, long long, long long, int, int, double, bool, double, QString const&)+0x35e"
15:26:50.145     #17  "cutpro_backend.dll!Backend::startPreviewDecode(QString const&, QString const&, long long, long long, int, int, double, bool, double, QString const&)+0xe1"
15:26:50.145     #18  "cutpro_backend.dll+0x5259 (nearest export: Backend::qt_static_metacall(QObject*, QMetaObject::Call, int, void**)+0x3e93)"
15:26:50.145     #19  "cutpro_backend.dll!Backend::qt_metacall(QMetaObject::Call, int, void**)+0x73"
15:26:50.145     #20  "Qt6Qml.dll!QQmlObjectCreator::create(int, QObject*, QQmlInstantiationInterrupt*, int)+0x94"
15:26:50.145     #21  "Qt6Qml.dll!QV4::Heap::QObjectWrapper::markObjects(QV4::Heap::Base*, QV4::MarkStack*)+0x90e"
15:26:50.145     #22  "Qt6Qml.dll!QV4::QObjectMethod::callPrecise(QQmlObjectOrGadget const&, QQmlPropertyData const&, QV4::ExecutionEngine*, QV4::CallData*, QMetaObject::Call)+0x339"
15:26:50.145     #23  "Qt6Qml.dll!QV4::QObjectMethod::callInternal(QV4::Value const*, QV4::Value const*, int) const+0x858"
15:26:50.145     #24  "Qt6Qml.dll!QV4::Runtime::CallPropertyLookup::call(QV4::ExecutionEngine*, QV4::Value const&, unsigned int, QV4::Value*, int)+0xa2"
15:26:50.145     #25  "0x16d17631343"
15:26:50.145     #26  "Qt6Qml.dll+0x165b98 (nearest export: qt_v4DebuggerHook+0x7ba8)"
15:26:50.145     #27  "Qt6Qml.dll!QV4::Function::updateInternalClass(QV4::ExecutionEngine*, QList<QByteArray> const&)+0xb00"
15:26:50.145     #28  "Qt6Qml.dll!QV4::Runtime::CallPropertyLookup::call(QV4::ExecutionEngine*, QV4::Value const&, unsigned int, QV4::Value*, int)+0xa2"
15:26:50.145     #29  "0x16d1769027c"
15:26:50.145     #30  "Qt6Qml.dll+0x165b98 (nearest export: qt_v4DebuggerHook+0x7ba8)"
15:26:50.145     #31  "Qt6Qml.dll!QV4::ExecutableCompilationUnit::createNamedObjectsPerComponent(int)+0x82f"
15:26:50.145     #32  "Qt6Qml.dll!QV4::Function::call(QObject*, void**, QMetaType const*, int, QV4::ExecutionContext*)+0x293"
15:26:50.145     #33  "Qt6Qml.dll!QQmlJavaScriptExpression::evaluate(void**, QMetaType const*, int)+0x105"
15:26:50.145     #34  "Qt6Qml.dll!QQmlBoundSignalExpression::evaluate(void**)+0x31c"
15:26:50.145     #35  "Qt6Qml.dll!QQmlBoundSignalExpression::QQmlBoundSignalExpression(QObject const*, int, QQmlRefPointer<QQmlContextData> const&, QObject*, QV4::Function*, QV4::ExecutionContext*)+0x8f8"
15:26:50.145     #36  "Qt6Qml.dll!QQmlNotifier::emitNotify(QQmlNotifierEndpoint*, void**)+0x215"
15:26:50.145     #37  "Qt6Core.dll+0x3fcf21 (nearest export: z_adler32_combine64+0x6b141)"
15:26:50.145     #38  "Qt6Qml.dll!QQmlVMEMetaObject::metaCall(QObject*, QMetaObject::Call, int, void**)+0x436"
15:26:50.145     #39  "Qt6Qml.dll+0x348c0c (nearest export: QQmlLocale::registerStringLocaleCompare(QV4::ExecutionEngine*)+0x6493c)"
15:26:50.145     #40  "Qt6Qml.dll!QQmlBinding::doUpdate(QQmlJavaScriptExpression::DeleteWatcher const&, QFlags<QQmlPropertyData::WriteFlag>, QV4::Scope&)+0x19f"
15:26:50.145     #41  "Qt6Qml.dll!QQmlBinding::update(QFlags<QQmlPropertyData::WriteFlag>)+0x211"
15:26:50.145     #42  "Qt6Qml.dll!QQmlNotifier::emitNotify(QQmlNotifierEndpoint*, void**)+0x215"
15:26:50.145     #43  "Qt6Core.dll+0x3fcf21 (nearest export: z_adler32_combine64+0x6b141)"
15:26:50.145     #44  "cutpro_backend.dll!Backend::playingChanged()+0x2f"
15:26:50.145     #45  "cutpro_backend.dll!Backend::setPlaying(bool)+0x3b"
15:26:50.145     #46  "cutpro_backend.dll+0x7d0b (nearest export: Backend::qt_static_metacall(QObject*, QMetaObject::Call, int, void**)+0x6945)"
15:26:50.145     #47  "cutpro_backend.dll!Backend::qt_metacall(QMetaObject::Call, int, void**)+0xec"
15:26:52.213 [mov,mp4,m4a,3gp,3g2,mj2 @ 0000016d17ae58c0] st: 1 edit list: 1 Missing key frame while searching for timestamp: 0
15:26:52.213 [mov,mp4,m4a,3gp,3g2,mj2 @ 0000016d17ae58c0] st: 1 edit list 1 Cannot find an index entry before timestamp: 0.
15:26:53.406 [mov,mp4,m4a,3gp,3g2,mj2 @ 0000016d17ae50c0] st: 1 edit list: 1 Missing key frame while searching for timestamp: 0
15:26:53.406 [mov,mp4,m4a,3gp,3g2,mj2 @ 0000016d17ae50c0] st: 1 edit list 1 Cannot find an index entry before timestamp: 0.
15:26:53.738 GUI thread unresponsive for 414 ms, "wedged in": "FfmpegPreviewDecoder::start"
15:26:53.738   GUI thread backtrace, innermost first (48 frames):
15:26:53.738     #0  "ntdll.dll!ZwAlpcSendWaitReceivePort+0x14"
15:26:53.738     #1  "RPCRT4.dll+0x407d4 (nearest export: RpcExceptionFilter+0x3ed4)"
15:26:53.738     #2  "RPCRT4.dll+0x3fc76 (nearest export: RpcExceptionFilter+0x3376)"
15:26:53.738     #3  "RPCRT4.dll!NdrClientCall3+0x78c"
15:26:53.738     #4  "RPCRT4.dll!NdrClientCall3+0xed"
15:26:53.738     #5  "AUDIOSES.DLL+0x4fb20"
15:26:53.738     #6  "AUDIOSES.DLL+0x1cf93"
15:26:53.738     #7  "AUDIOSES.DLL+0x1c62c"
15:26:53.738     #8  "AUDIOSES.DLL+0x1afe4"
15:26:53.738     #9  "AUDIOSES.DLL+0x1aebd"
15:26:53.738     #10  "AUDIOSES.DLL+0x1adf3"
15:26:53.738     #11  "Qt6Multimedia.dll!QWindowsAudioUtils::mediaTypeToFormat(IMFMediaType*)+0xfa1"
15:26:53.738     #12  "Qt6Multimedia.dll+0x77e10 (nearest export: QtMultimediaPrivate::refreshWarmupClient()+0x8d40)"
15:26:53.738     #13  "Qt6Multimedia.dll+0x780fa (nearest export: QtMultimediaPrivate::refreshWarmupClient()+0x902a)"
15:26:53.738     #14  "Qt6Multimedia.dll+0x9778a (nearest export: QWindowsVideoDevices::~QWindowsVideoDevices()+0x179fa)"
15:26:53.738     #15  "cutpro_preview.dll!FfmpegPreviewDecoder::startAudio(QString const&, long long, long long, double)+0x205"
15:26:53.738     #16  "cutpro_preview.dll!FfmpegPreviewDecoder::start(QString const&, QString const&, long long, long long, int, int, double, bool, double, QString const&)+0x35e"
15:26:53.738     #17  "cutpro_backend.dll!Backend::startPreviewDecode(QString const&, QString const&, long long, long long, int, int, double, bool, double, QString const&)+0xe1"
15:26:53.738     #18  "cutpro_backend.dll+0x5259 (nearest export: Backend::qt_static_metacall(QObject*, QMetaObject::Call, int, void**)+0x3e93)"
15:26:53.738     #19  "cutpro_backend.dll!Backend::qt_metacall(QMetaObject::Call, int, void**)+0x73"
15:26:53.738     #20  "Qt6Qml.dll!QQmlObjectCreator::create(int, QObject*, QQmlInstantiationInterrupt*, int)+0x94"
15:26:53.738     #21  "Qt6Qml.dll!QV4::Heap::QObjectWrapper::markObjects(QV4::Heap::Base*, QV4::MarkStack*)+0x90e"
15:26:53.738     #22  "Qt6Qml.dll!QV4::QObjectMethod::callPrecise(QQmlObjectOrGadget const&, QQmlPropertyData const&, QV4::ExecutionEngine*, QV4::CallData*, QMetaObject::Call)+0x339"
15:26:53.738     #23  "Qt6Qml.dll!QV4::QObjectMethod::callInternal(QV4::Value const*, QV4::Value const*, int) const+0x858"
15:26:53.738     #24  "Qt6Qml.dll!QV4::Runtime::CallPropertyLookup::call(QV4::ExecutionEngine*, QV4::Value const&, unsigned int, QV4::Value*, int)+0xa2"
15:26:53.738     #25  "0x16d17631343"
15:26:53.738     #26  "Qt6Qml.dll+0x165b98 (nearest export: qt_v4DebuggerHook+0x7ba8)"
15:26:53.738     #27  "Qt6Qml.dll!QV4::Function::updateInternalClass(QV4::ExecutionEngine*, QList<QByteArray> const&)+0xb00"
15:26:53.738     #28  "Qt6Qml.dll!QV4::Runtime::CallPropertyLookup::call(QV4::ExecutionEngine*, QV4::Value const&, unsigned int, QV4::Value*, int)+0xa2"
15:26:53.738     #29  "0x16d1769027c"
15:26:53.738     #30  "Qt6Qml.dll+0x165b98 (nearest export: qt_v4DebuggerHook+0x7ba8)"
15:26:53.738     #31  "Qt6Qml.dll!QV4::ExecutableCompilationUnit::createNamedObjectsPerComponent(int)+0x82f"
15:26:53.738     #32  "Qt6Qml.dll!QV4::Function::call(QObject*, void**, QMetaType const*, int, QV4::ExecutionContext*)+0x293"
15:26:53.738     #33  "Qt6Qml.dll!QQmlJavaScriptExpression::evaluate(void**, QMetaType const*, int)+0x105"
15:26:53.738     #34  "Qt6Qml.dll!QQmlBoundSignalExpression::evaluate(void**)+0x31c"
15:26:53.738     #35  "Qt6Qml.dll!QQmlBoundSignalExpression::QQmlBoundSignalExpression(QObject const*, int, QQmlRefPointer<QQmlContextData> const&, QObject*, QV4::Function*, QV4::ExecutionContext*)+0x8f8"
15:26:53.738     #36  "Qt6Qml.dll!QQmlNotifier::emitNotify(QQmlNotifierEndpoint*, void**)+0x215"
15:26:53.738     #37  "Qt6Core.dll+0x3fcf21 (nearest export: z_adler32_combine64+0x6b141)"
15:26:53.738     #38  "Qt6Qml.dll!QQmlVMEMetaObject::metaCall(QObject*, QMetaObject::Call, int, void**)+0x436"
15:26:53.738     #39  "Qt6Qml.dll+0x348c0c (nearest export: QQmlLocale::registerStringLocaleCompare(QV4::ExecutionEngine*)+0x6493c)"
15:26:53.738     #40  "Qt6Qml.dll!QQmlBinding::doUpdate(QQmlJavaScriptExpression::DeleteWatcher const&, QFlags<QQmlPropertyData::WriteFlag>, QV4::Scope&)+0x19f"
15:26:53.738     #41  "Qt6Qml.dll!QQmlBinding::update(QFlags<QQmlPropertyData::WriteFlag>)+0x211"
15:26:53.738     #42  "Qt6Qml.dll!QQmlNotifier::emitNotify(QQmlNotifierEndpoint*, void**)+0x215"
15:26:53.738     #43  "Qt6Core.dll+0x3fcf21 (nearest export: z_adler32_combine64+0x6b141)"
15:26:53.738     #44  "cutpro_backend.dll!Backend::playingChanged()+0x2f"
15:26:53.738     #45  "cutpro_backend.dll!Backend::setPlaying(bool)+0x3b"
15:26:53.738     #46  "cutpro_backend.dll+0x7d0b (nearest export: Backend::qt_static_metacall(QObject*, QMetaObject::Call, int, void**)+0x6945)"
15:26:53.738     #47  "cutpro_backend.dll!Backend::qt_metacall(QMetaObject::Call, int, void**)+0xec"
15:26:55.196 [mov,mp4,m4a,3gp,3g2,mj2 @ 0000016d17ae58c0] st: 1 edit list: 1 Missing key frame while searching for timestamp: 0
15:26:55.196 [mov,mp4,m4a,3gp,3g2,mj2 @ 0000016d17ae58c0] st: 1 edit list 1 Cannot find an index entry before timestamp: 0.
15:26:55.498 GUI thread unresponsive for 415 ms, "churning through": "FfmpegPreviewDecoder::start"
15:26:55.498   the innermost frame has only been open 328 ms of the 415 ms stall, so the thread is entering and leaving frames rather than stuck in one: the fix is to do it fewer times, not to move it off the thread.
15:26:55.498   GUI thread backtrace, innermost first (48 frames):
15:26:55.498     #0  "ntdll.dll!ZwAlpcSendWaitReceivePort+0x14"
15:26:55.498     #1  "RPCRT4.dll+0x407d4 (nearest export: RpcExceptionFilter+0x3ed4)"
15:26:55.498     #2  "RPCRT4.dll+0x3fc76 (nearest export: RpcExceptionFilter+0x3376)"
15:26:55.498     #3  "RPCRT4.dll!NdrClientCall3+0x78c"
15:26:55.498     #4  "RPCRT4.dll!NdrClientCall3+0xed"
15:26:55.498     #5  "AUDIOSES.DLL+0x4fb20"
15:26:55.498     #6  "AUDIOSES.DLL+0x1cf93"
15:26:55.498     #7  "AUDIOSES.DLL+0x1c62c"
15:26:55.498     #8  "AUDIOSES.DLL+0x1afe4"
15:26:55.498     #9  "AUDIOSES.DLL+0x1aebd"
15:26:55.498     #10  "AUDIOSES.DLL+0x1adf3"
15:26:55.498     #11  "Qt6Multimedia.dll!QWindowsAudioUtils::mediaTypeToFormat(IMFMediaType*)+0xfa1"
15:26:55.498     #12  "Qt6Multimedia.dll+0x77e10 (nearest export: QtMultimediaPrivate::refreshWarmupClient()+0x8d40)"
15:26:55.498     #13  "Qt6Multimedia.dll+0x780fa (nearest export: QtMultimediaPrivate::refreshWarmupClient()+0x902a)"
15:26:55.498     #14  "Qt6Multimedia.dll+0x9778a (nearest export: QWindowsVideoDevices::~QWindowsVideoDevices()+0x179fa)"
15:26:55.498     #15  "cutpro_preview.dll!FfmpegPreviewDecoder::startAudio(QString const&, long long, long long, double)+0x205"
15:26:55.498     #16  "cutpro_preview.dll!FfmpegPreviewDecoder::start(QString const&, QString const&, long long, long long, int, int, double, bool, double, QString const&)+0x35e"
15:26:55.498     #17  "cutpro_backend.dll!Backend::startPreviewDecode(QString const&, QString const&, long long, long long, int, int, double, bool, double, QString const&)+0xe1"
15:26:55.498     #18  "cutpro_backend.dll+0x5259 (nearest export: Backend::qt_static_metacall(QObject*, QMetaObject::Call, int, void**)+0x3e93)"
15:26:55.498     #19  "cutpro_backend.dll!Backend::qt_metacall(QMetaObject::Call, int, void**)+0x73"
15:26:55.498     #20  "Qt6Qml.dll!QQmlObjectCreator::create(int, QObject*, QQmlInstantiationInterrupt*, int)+0x94"
15:26:55.498     #21  "Qt6Qml.dll!QV4::Heap::QObjectWrapper::markObjects(QV4::Heap::Base*, QV4::MarkStack*)+0x90e"
15:26:55.498     #22  "Qt6Qml.dll!QV4::QObjectMethod::callPrecise(QQmlObjectOrGadget const&, QQmlPropertyData const&, QV4::ExecutionEngine*, QV4::CallData*, QMetaObject::Call)+0x339"
15:26:55.498     #23  "Qt6Qml.dll!QV4::QObjectMethod::callInternal(QV4::Value const*, QV4::Value const*, int) const+0x858"
15:26:55.498     #24  "Qt6Qml.dll!QV4::Runtime::CallPropertyLookup::call(QV4::ExecutionEngine*, QV4::Value const&, unsigned int, QV4::Value*, int)+0xa2"
15:26:55.498     #25  "0x16d17631343"
15:26:55.498     #26  "Qt6Qml.dll+0x165b98 (nearest export: qt_v4DebuggerHook+0x7ba8)"
15:26:55.498     #27  "Qt6Qml.dll!QV4::Function::updateInternalClass(QV4::ExecutionEngine*, QList<QByteArray> const&)+0xb00"
15:26:55.498     #28  "Qt6Qml.dll!QV4::Runtime::CallPropertyLookup::call(QV4::ExecutionEngine*, QV4::Value const&, unsigned int, QV4::Value*, int)+0xa2"
15:26:55.498     #29  "0x16d1769027c"
15:26:55.498     #30  "Qt6Qml.dll+0x165b98 (nearest export: qt_v4DebuggerHook+0x7ba8)"
15:26:55.498     #31  "Qt6Qml.dll!QV4::ExecutableCompilationUnit::createNamedObjectsPerComponent(int)+0x82f"
15:26:55.498     #32  "Qt6Qml.dll!QV4::Function::call(QObject*, void**, QMetaType const*, int, QV4::ExecutionContext*)+0x293"
15:26:55.498     #33  "Qt6Qml.dll!QQmlJavaScriptExpression::evaluate(void**, QMetaType const*, int)+0x105"
15:26:55.498     #34  "Qt6Qml.dll!QQmlBoundSignalExpression::evaluate(void**)+0x31c"
15:26:55.498     #35  "Qt6Qml.dll!QQmlBoundSignalExpression::QQmlBoundSignalExpression(QObject const*, int, QQmlRefPointer<QQmlContextData> const&, QObject*, QV4::Function*, QV4::ExecutionContext*)+0x8f8"
15:26:55.498     #36  "Qt6Qml.dll!QQmlNotifier::emitNotify(QQmlNotifierEndpoint*, void**)+0x215"
15:26:55.498     #37  "Qt6Core.dll+0x3fcf21 (nearest export: z_adler32_combine64+0x6b141)"
15:26:55.498     #38  "Qt6Qml.dll!QQmlVMEMetaObject::metaCall(QObject*, QMetaObject::Call, int, void**)+0x436"
15:26:55.498     #39  "Qt6Qml.dll+0x348c0c (nearest export: QQmlLocale::registerStringLocaleCompare(QV4::ExecutionEngine*)+0x6493c)"
15:26:55.498     #40  "Qt6Qml.dll!QQmlBinding::doUpdate(QQmlJavaScriptExpression::DeleteWatcher const&, QFlags<QQmlPropertyData::WriteFlag>, QV4::Scope&)+0x19f"
15:26:55.498     #41  "Qt6Qml.dll!QQmlBinding::update(QFlags<QQmlPropertyData::WriteFlag>)+0x211"
15:26:55.498     #42  "Qt6Qml.dll!QQmlNotifier::emitNotify(QQmlNotifierEndpoint*, void**)+0x215"
15:26:55.498     #43  "Qt6Core.dll+0x3fcf21 (nearest export: z_adler32_combine64+0x6b141)"
15:26:55.498     #44  "cutpro_backend.dll!Backend::playingChanged()+0x2f"
15:26:55.498     #45  "cutpro_backend.dll!Backend::setPlaying(bool)+0x3b"
15:26:55.498     #46  "cutpro_backend.dll+0x7d0b (nearest export: Backend::qt_static_metacall(QObject*, QMetaObject::Call, int, void**)+0x6945)"
15:26:55.498     #47  "cutpro_backend.dll!Backend::qt_metacall(QMetaObject::Call, int, void**)+0xec"
