07:25:07.602 GUI turn monitor on, budget 20 ms - every event-loop turn longer than this is reported with its marked scope (CUTPRO_TURN_BUDGET_MS=0 turns it off)
07:25:08.040 GUI thread unresponsive for 431 ms, "stalled somewhere unmarked": "no marked scope"
07:25:08.066 CrashReporterHost: watching pid 30268 from pid 23804 | reports -> C:/Users/USER/AppData/Local/Antigravity/Cut Pro/crash-reports
07:25:08.095 Cut Pro: native C++/Qt backend, coreVersion = 0.1.2 | built = Aug 31 2026 07:03:29 | executable = C:/premier-pro/python-app/dist/Cut Pro 2026/cutpro.exe
07:25:08.482 GUI thread unresponsive for 874 ms, "churning through": "QQmlApplicationEngine::load(qrc:/qml/main.qml)"
07:25:08.484   the innermost frame has only been open 377 ms of the 874 ms stall, so the thread is entering and leaving frames rather than stuck in one: the fix is to do it fewer times, not to move it off the thread.
07:25:08.524   GUI thread backtrace, innermost first (14 frames):
07:25:08.524     #0  "ntdll.dll!NtWaitForSingleObject+0x14"
07:25:08.524     #1  "KERNELBASE.dll!WaitForSingleObjectEx+0xaf"
07:25:08.524     #2  "Qt6Core.dll!QWaitCondition::wait(QMutex*, QDeadlineTimer)+0x9a"
07:25:08.524     #3  "Qt6Qml.dll+0x2afd89 (nearest export: QQmlJS::Parser::parse(int)+0x137a9)"
07:25:08.524     #4  "Qt6Qml.dll!QQmlTypeLoader::loadThread(QQmlRefPointer<QQmlDataBlob> const&)+0x6d6"
07:25:08.524     #5  "Qt6Qml.dll!QQmlTypeLoader::getType(QUrl const&, QQmlTypeLoader::Mode)+0x22b"
07:25:08.524     #6  "Qt6Qml.dll!QQmlComponentPrivate::loadUrl(QUrl const&, QQmlComponent::CompilationMode)+0x1a4"
07:25:08.524     #7  "Qt6Qml.dll!QQmlApplicationEnginePrivate::startLoad(QUrl const&, QByteArray const&, bool)+0x93"
07:25:08.524     #8  "Qt6Qml.dll!QQmlApplicationEngine::load(QUrl const&)+0x3d"
07:25:08.524     #9  "cutpro.exe+0x2d8e"
07:25:08.524     #10  "cutpro.exe+0x12ef"
07:25:08.524     #11  "cutpro.exe+0x1406"
07:25:08.524     #12  "KERNEL32.DLL!BaseThreadInitThunk+0x17"
07:25:08.524     #13  "ntdll.dll!RtlUserThreadStart+0x2c"
07:25:09.399 GUI thread unresponsive for 1790 ms, "churning through": "QQmlApplicationEngine::load(qrc:/qml/main.qml)"
07:25:09.399   the innermost frame has only been open 1293 ms of the 1790 ms stall, so the thread is entering and leaving frames rather than stuck in one: the fix is to do it fewer times, not to move it off the thread.
07:25:09.399   GUI thread backtrace, innermost first (14 frames):
07:25:09.399     #0  "ntdll.dll!NtWaitForSingleObject+0x14"
07:25:09.399     #1  "KERNELBASE.dll!WaitForSingleObjectEx+0xaf"
07:25:09.399     #2  "Qt6Core.dll!QWaitCondition::wait(QMutex*, QDeadlineTimer)+0x9a"
07:25:09.399     #3  "Qt6Qml.dll+0x2afd89 (nearest export: QQmlJS::Parser::parse(int)+0x137a9)"
07:25:09.399     #4  "Qt6Qml.dll!QQmlTypeLoader::loadThread(QQmlRefPointer<QQmlDataBlob> const&)+0x6d6"
07:25:09.399     #5  "Qt6Qml.dll!QQmlTypeLoader::getType(QUrl const&, QQmlTypeLoader::Mode)+0x22b"
07:25:09.399     #6  "Qt6Qml.dll!QQmlComponentPrivate::loadUrl(QUrl const&, QQmlComponent::CompilationMode)+0x1a4"
07:25:09.399     #7  "Qt6Qml.dll!QQmlApplicationEnginePrivate::startLoad(QUrl const&, QByteArray const&, bool)+0x93"
07:25:09.399     #8  "Qt6Qml.dll!QQmlApplicationEngine::load(QUrl const&)+0x3d"
07:25:09.399     #9  "cutpro.exe+0x2d8e"
07:25:09.399     #10  "cutpro.exe+0x12ef"
07:25:09.399     #11  "cutpro.exe+0x1406"
07:25:09.399     #12  "KERNEL32.DLL!BaseThreadInitThunk+0x17"
07:25:09.399     #13  "ntdll.dll!RtlUserThreadStart+0x2c"
07:25:09.649 GUI thread STILL blocked after 2040 ms, "churning through": "QQmlApplicationEngine::load(qrc:/qml/main.qml)" - during launch, before any window exists: this delays startup but cannot show as "Not Responding".
07:25:09.649   the innermost frame has only been open 1543 ms of the 2040 ms stall, so the thread is entering and leaving frames rather than stuck in one: the fix is to do it fewer times, not to move it off the thread.
07:25:09.649   GUI thread backtrace, innermost first (14 frames):
07:25:09.649     #0  "ntdll.dll!NtWaitForSingleObject+0x14"
07:25:09.649     #1  "KERNELBASE.dll!WaitForSingleObjectEx+0xaf"
07:25:09.649     #2  "Qt6Core.dll!QWaitCondition::wait(QMutex*, QDeadlineTimer)+0x9a"
07:25:09.649     #3  "Qt6Qml.dll+0x2afd89 (nearest export: QQmlJS::Parser::parse(int)+0x137a9)"
07:25:09.649     #4  "Qt6Qml.dll!QQmlTypeLoader::loadThread(QQmlRefPointer<QQmlDataBlob> const&)+0x6d6"
07:25:09.649     #5  "Qt6Qml.dll!QQmlTypeLoader::getType(QUrl const&, QQmlTypeLoader::Mode)+0x22b"
07:25:09.649     #6  "Qt6Qml.dll!QQmlComponentPrivate::loadUrl(QUrl const&, QQmlComponent::CompilationMode)+0x1a4"
07:25:09.649     #7  "Qt6Qml.dll!QQmlApplicationEnginePrivate::startLoad(QUrl const&, QByteArray const&, bool)+0x93"
07:25:09.649     #8  "Qt6Qml.dll!QQmlApplicationEngine::load(QUrl const&)+0x3d"
07:25:09.649     #9  "cutpro.exe+0x2d8e"
07:25:09.649     #10  "cutpro.exe+0x12ef"
07:25:09.649     #11  "cutpro.exe+0x1406"
07:25:09.649     #12  "KERNEL32.DLL!BaseThreadInitThunk+0x17"
07:25:09.649     #13  "ntdll.dll!RtlUserThreadStart+0x2c"
07:25:10.133 Using Qt multimedia with FFmpeg version 7.1.3 LGPL version 2.1 or later
07:25:23.403 [mov,mp4,m4a,3gp,3g2,mj2 @ 000001b5db701940] st: 1 edit list: 1 Missing key frame while searching for timestamp: 0
07:25:23.403 [mov,mp4,m4a,3gp,3g2,mj2 @ 000001b5db701940] st: 1 edit list 1 Cannot find an index entry before timestamp: 0.
07:25:25.527 monitor: source key  -> clip_5096baccb1a2|D:/capcut/At 4yo He Was At Genius, At 14 He Joined The Magic Academy And Broke Every Record Registered..mp4|video|0|0|35744891|
07:25:25.527 playback: session.stop decoder idle, picture at -1 ms from MonitorPanel.qml:1053 (onActiveSourceKeyChanged) <- TimelinePanel.qml:1754
07:25:25.961 [mov,mp4,m4a,3gp,3g2,mj2 @ 000001b5db701c00] st: 1 edit list: 1 Missing key frame while searching for timestamp: 0
07:25:25.961 [mov,mp4,m4a,3gp,3g2,mj2 @ 000001b5db701c00] st: 1 edit list 1 Cannot find an index entry before timestamp: 0.
07:25:26.786 [mov,mp4,m4a,3gp,3g2,mj2 @ 000001b5db701140] st: 1 edit list: 1 Missing key frame while searching for timestamp: 0
07:25:26.786 [mov,mp4,m4a,3gp,3g2,mj2 @ 000001b5db701140] st: 1 edit list 1 Cannot find an index entry before timestamp: 0.
07:25:26.792 [mov,mp4,m4a,3gp,3g2,mj2 @ 000001b5db701680] st: 1 edit list: 1 Missing key frame while searching for timestamp: 0
07:25:26.792 [mov,mp4,m4a,3gp,3g2,mj2 @ 000001b5db701680] st: 1 edit list 1 Cannot find an index entry before timestamp: 0.
07:25:27.390 GUI turn 24 ms (budget 20 ms, ~0 frames of 30 fps lost): "no marked scope"""
07:25:44.590 GUI thread unresponsive for 445 ms, "stalled somewhere unmarked": "no marked scope"
07:25:45.090 GUI thread unresponsive for 945 ms, "stalled somewhere unmarked": "no marked scope"
07:25:45.144   GUI thread backtrace, innermost first (48 frames):
07:25:45.144     #0  "Qt6Qml.dll+0x3c18fd (nearest export: QQmlLocale::registerStringLocaleCompare(QV4::ExecutionEngine*)+0xdd62d)"
07:25:45.144     #1  "Qt6Qml.dll+0x2f5e83 (nearest export: QQmlLocale::registerStringLocaleCompare(QV4::ExecutionEngine*)+0x11bb3)"
07:25:45.144     #2  "Qt6Qml.dll+0xa1f87 (nearest export: QV4::ExecutionEngine::consoleCountHelper(QString const&, unsigned short, unsigned short)+0x1cb7)"
07:25:45.144     #3  "Qt6Qml.dll+0xa22b2 (nearest export: QV4::ExecutionEngine::consoleCountHelper(QString const&, unsigned short, unsigned short)+0x1fe2)"
07:25:45.144     #4  "Qt6Qml.dll!QV4::ExecutionEngine::toVariantLossy(QV4::Value const&)+0x35"
07:25:45.144     #5  "Qt6Qml.dll!QJSValue::toVariant(QJSValue::ObjectConversionBehavior) const+0x3b3"
07:25:45.144     #6  "Qt6Qml.dll!QJSValue::toVariant() const+0x26"
07:25:45.144     #7  "Qt6Quick.dll!QQuickItemView::setModel(QVariant const&)+0x3da"
07:25:45.144     #8  "Qt6Qml.dll+0x42a5af (nearest export: QQmlLocale::registerStringLocaleCompare(QV4::ExecutionEngine*)+0x1462df)"
07:25:45.144     #9  "Qt6Qml.dll!QQmlPropertyPrivate::write(QObject*, QQmlPropertyData const&, QVariant const&, QQmlRefPointer<QQmlContextData> const&, QFlags<QQmlPropertyData::WriteFlag>)+0xb88"
07:25:45.144     #10  "Qt6Qml.dll!QQmlBinding::slowWrite(QQmlPropertyData const&, QQmlPropertyData const&, QV4::Value const&, bool, QFlags<QQmlPropertyData::WriteFlag>)+0x54f"
07:25:45.144     #11  "Qt6Qml.dll+0x347e9a (nearest export: QQmlLocale::registerStringLocaleCompare(QV4::ExecutionEngine*)+0x63bca)"
07:25:45.144     #12  "Qt6Qml.dll!QQmlBinding::doUpdate(QQmlJavaScriptExpression::DeleteWatcher const&, QFlags<QQmlPropertyData::WriteFlag>, QV4::Scope&)+0x19f"
07:25:45.144     #13  "Qt6Qml.dll!QQmlBinding::update(QFlags<QQmlPropertyData::WriteFlag>)+0x211"
07:25:45.144     #14  "Qt6Qml.dll!QQmlNotifier::emitNotify(QQmlNotifierEndpoint*, void**)+0x215"
07:25:45.144     #15  "Qt6Core.dll+0x3fcf21 (nearest export: z_adler32_combine64+0x6b141)"
07:25:45.146     #16  "Qt6Qml.dll!QV4::QObjectWrapper::setProperty(QV4::ExecutionEngine*, QObject*, QQmlPropertyData const*, QV4::Value const&)+0x91d"
07:25:45.146     #17  "Qt6Qml.dll!QV4::QObjectWrapper::setQmlProperty(QV4::ExecutionEngine*, QQmlRefPointer<QQmlContextData> const&, QObject*, QV4::String*, QFlags<QV4::QObjectWrapper::Flag>, QV4::Value const&)+0x11e"
07:25:45.146     #18  "Qt6Qml.dll!QV4::QObjectWrapper::virtualPut(QV4::Managed*, QV4::PropertyKey, QV4::Value const&, QV4::Value*)+0x19a"
07:25:45.146     #19  "Qt6Qml.dll!QV4::Lookup::setterFallback(QV4::Lookup*, QV4::ExecutionEngine*, QV4::Value&, QV4::Value const&)+0xba"
07:25:45.146     #20  "Qt6Qml.dll+0x161bce (nearest export: qt_v4DebuggerHook+0x3bde)"
07:25:45.146     #21  "Qt6Qml.dll+0x165c9f (nearest export: qt_v4DebuggerHook+0x7caf)"
07:25:45.146     #22  "Qt6Qml.dll!QV4::ExecutableCompilationUnit::createNamedObjectsPerComponent(int)+0x82f"
07:25:45.146     #23  "Qt6Qml.dll!QV4::Function::call(QObject*, void**, QMetaType const*, int, QV4::ExecutionContext*)+0x293"
07:25:45.146     #24  "Qt6Qml.dll!QQmlJavaScriptExpression::evaluate(void**, QMetaType const*, int)+0x105"
07:25:45.146     #25  "Qt6Qml.dll!QQmlBoundSignalExpression::evaluate(void**)+0x31c"
07:25:45.146     #26  "Qt6Qml.dll!QQmlBoundSignalExpression::QQmlBoundSignalExpression(QObject const*, int, QQmlRefPointer<QQmlContextData> const&, QObject*, QV4::Function*, QV4::ExecutionContext*)+0x8f8"
07:25:45.146     #27  "Qt6Qml.dll!QQmlNotifier::emitNotify(QQmlNotifierEndpoint*, void**)+0x215"
07:25:45.146     #28  "Qt6Core.dll+0x3fcf21 (nearest export: z_adler32_combine64+0x6b141)"
07:25:45.146     #29  "cutpro_backend.dll!Backend::clipsChanged()+0x2f"
07:25:45.146     #30  "cutpro_backend.dll!Backend::addTranscriptToTimeline()+0x57c"
07:25:45.146     #31  "cutpro_backend.dll+0x42e2 (nearest export: Backend::qt_static_metacall(QObject*, QMetaObject::Call, int, void**)+0x2f1c)"
07:25:45.146     #32  "cutpro_backend.dll!Backend::qt_metacall(QMetaObject::Call, int, void**)+0x73"
07:25:45.146     #33  "Qt6Qml.dll!QQmlObjectCreator::create(int, QObject*, QQmlInstantiationInterrupt*, int)+0x94"
07:25:45.146     #34  "Qt6Qml.dll+0x10a743 (nearest export: QV4::Heap::QObjectWrapper::markObjects(QV4::Heap::Base*, QV4::MarkStack*)+0x1843)"
07:25:45.146     #35  "Qt6Qml.dll!QV4::QObjectMethod::callPrecise(QQmlObjectOrGadget const&, QQmlPropertyData const&, QV4::ExecutionEngine*, QV4::CallData*, QMetaObject::Call)+0x170"
07:25:45.146     #36  "Qt6Qml.dll!QV4::QObjectMethod::callInternal(QV4::Value const*, QV4::Value const*, int) const+0x858"
07:25:45.146     #37  "Qt6Qml.dll+0x1613dc (nearest export: qt_v4DebuggerHook+0x33ec)"
07:25:45.146     #38  "Qt6Qml.dll+0x165c9f (nearest export: qt_v4DebuggerHook+0x7caf)"
07:25:45.146     #39  "Qt6Qml.dll!QV4::ExecutableCompilationUnit::createNamedObjectsPerComponent(int)+0x82f"
07:25:45.146     #40  "Qt6Qml.dll!QV4::Function::call(QObject*, void**, QMetaType const*, int, QV4::ExecutionContext*)+0x293"
07:25:45.146     #41  "Qt6Qml.dll!QQmlJavaScriptExpression::evaluate(void**, QMetaType const*, int)+0x105"
07:25:45.146     #42  "Qt6Qml.dll!QQmlBoundSignalExpression::evaluate(void**)+0x31c"
07:25:45.146     #43  "Qt6Qml.dll!QQmlBoundSignalExpression::QQmlBoundSignalExpression(QObject const*, int, QQmlRefPointer<QQmlContextData> const&, QObject*, QV4::Function*, QV4::ExecutionContext*)+0x8f8"
07:25:45.146     #44  "Qt6Qml.dll!QQmlNotifier::emitNotify(QQmlNotifierEndpoint*, void**)+0x215"
07:25:45.146     #45  "Qt6Core.dll+0x3fcf21 (nearest export: z_adler32_combine64+0x6b141)"
07:25:45.146     #46  "Qt6QuickTemplates2.dll!QQuickAbstractButtonPrivate::handleRelease(QPointF const&, unsigned long)+0x1a9"
07:25:45.146     #47  "Qt6QuickTemplates2.dll!QQuickControl::mouseReleaseEvent(QMouseEvent*)+0x9b"
07:25:46.417 [mov,mp4,m4a,3gp,3g2,mj2 @ 000001b5db702980] st: 1 edit list: 1 Missing key frame while searching for timestamp: 0
07:25:46.418 [mov,mp4,m4a,3gp,3g2,mj2 @ 000001b5db702980] st: 1 edit list 1 Cannot find an index entry before timestamp: 0.
07:25:46.436 [mov,mp4,m4a,3gp,3g2,mj2 @ 000001b5db700e80] st: 1 edit list: 1 Missing key frame while searching for timestamp: 0
07:25:46.438 [mov,mp4,m4a,3gp,3g2,mj2 @ 000001b5db700e80] st: 1 edit list 1 Cannot find an index entry before timestamp: 0.
07:25:50.627 playback: playing false -> true at playhead 0 ms [+25102 ms] from MonitorPanel.qml:536 (startPlayback) <- MonitorPanel.qml:1889 (onClicked)
07:25:50.627 monitor: playing -> true at 0
07:25:50.627 monitor: playback session at playhead 0 clip clip_5096baccb1a2
07:25:50.627 playback: session.start At 4yo He Was At Genius, At 14 He Joined The Magic Academy And Broke Every Record Registered..mp4 at source 0 ms, kind video [+0 ms] from MonitorPanel.qml:655 (startProcessPlayback) <- MonitorPanel.qml:978 (onPlayingChanged) <- MonitorPanel.qml:536 (startPlayback) <- MonitorPanel.qml:1889 (onClicked)
07:25:51.106 [mov,mp4,m4a,3gp,3g2,mj2 @ 000001b5db702400] st: 1 edit list: 1 Missing key frame while searching for timestamp: 0
07:25:51.107 [mov,mp4,m4a,3gp,3g2,mj2 @ 000001b5db702400] st: 1 edit list 1 Cannot find an index entry before timestamp: 0.
07:25:51.339 playback: playhead.jump 0 -> 662 ms (+662) [+707 ms] from MonitorPanel.qml:948 (onTriggered)
07:25:51.451 [h264 @ 000001b58cc8d000] Late SEI
07:25:51.451 [h264 @ 000001b58cc8d000]  is not implemented. Update your FFmpeg version to the newest one from Git. If the problem still occurs, it means that your file has a feature which has not been implemented.
07:25:51.452 [h264 @ 000001b58cc8d000] If you want to help, upload a sample of this file to https://streams.videolan.org/upload/ and contact the ffmpeg-devel mailing list. (ffmpeg-devel@ffmpeg.org)
07:25:51.618 GUI thread unresponsive for 452 ms, "stalled somewhere unmarked": "no marked scope"
07:25:51.720 preview playback: first frame after 1088 ms, at source 0 ms (requested 0 ms)
07:25:51.720 playback: frame at source 0 ms, advanced 0 ms of media in -1 ms of wall clock
07:25:51.797 playback: playhead.jump 662 -> 1120 ms (+458) [+458 ms] from MonitorPanel.qml:948 (onTriggered)
07:25:51.854 preview cost: frame is 14 ms against a 9 ms budget at 60 fps - lowering the preview to 1544 px
07:25:51.987 preview cost: frame is 13 ms against a 9 ms budget at 60 fps - lowering the preview to 1276 px
07:25:52.054 GUI thread unresponsive for 405 ms, "stalled somewhere unmarked": "no marked scope"
07:25:52.134 preview cost: frame is 15 ms against a 9 ms budget at 60 fps - lowering the preview to 994 px
07:25:52.291 preview cost: frame is 18 ms and the picture is already at 960 px - pacing the preview at 30 fps instead of 60
07:25:52.444 playback: playhead.jump 1120 -> 616 ms (-504) [+647 ms] from MonitorPanel.qml:948 (onTriggered)
07:25:52.601 playback: playhead is 50 ms AHEAD of the picture (playhead 616 ms, picture 566 ms)
07:25:52.867 playback: playhead.jump 616 -> 1091 ms (+475) [+422 ms] from MonitorPanel.qml:948 (onTriggered)
07:25:53.056 GUI thread unresponsive for 413 ms, "stalled somewhere unmarked": "no marked scope"
07:25:53.328 playback: playhead.jump 1091 -> 1546 ms (+455) [+460 ms] from MonitorPanel.qml:948 (onTriggered)
07:25:53.758 playback: playhead.jump 1546 -> 1974 ms (+428) [+429 ms] from MonitorPanel.qml:948 (onTriggered)
07:25:53.918 playback: playhead is 41 ms AHEAD of the picture (playhead 1974 ms, picture 1933 ms)
07:25:54.227 playback: playhead.jump 1974 -> 2444 ms (+470) [+469 ms] from MonitorPanel.qml:948 (onTriggered)
07:25:54.430 GUI thread unresponsive for 448 ms, "stalled somewhere unmarked": "no marked scope"
07:25:54.677 playback: playhead.jump 2444 -> 2892 ms (+448) [+450 ms] from MonitorPanel.qml:948 (onTriggered)
07:25:54.867 GUI thread unresponsive for 432 ms, "stalled somewhere unmarked": "no marked scope"
07:25:55.174 playback: playhead.jump 2892 -> 3364 ms (+472) [+497 ms] from MonitorPanel.qml:948 (onTriggered)
07:25:55.332 playback: playhead is 48 ms AHEAD of the picture (playhead 3364 ms, picture 3316 ms)
07:25:55.641 playback: playhead.jump 3364 -> 3843 ms (+479) [+466 ms] from MonitorPanel.qml:948 (onTriggered)
07:25:56.144 playback: playhead.jump 3843 -> 4332 ms (+489) [+502 ms] from MonitorPanel.qml:948 (onTriggered)
07:25:56.306 GUI thread unresponsive for 443 ms, "stalled somewhere unmarked": "no marked scope"
07:25:56.601 playback: playhead.jump 4332 -> 4822 ms (+490) [+458 ms] from MonitorPanel.qml:948 (onTriggered)
07:25:56.755 playback: playhead is 39 ms AHEAD of the picture (playhead 4822 ms, picture 4783 ms)
07:25:57.031 playback: playhead.jump 4822 -> 5256 ms (+434) [+429 ms] from MonitorPanel.qml:948 (onTriggered)
07:25:57.122 [h264 @ 000001b58cc8d000] Late SEI
07:25:57.122 [h264 @ 000001b58cc8d000]  is not implemented. Update your FFmpeg version to the newest one from Git. If the problem still occurs, it means that your file has a feature which has not been implemented.
07:25:57.122 [h264 @ 000001b58cc8d000] If you want to help, upload a sample of this file to https://streams.videolan.org/upload/ and contact the ffmpeg-devel mailing list. (ffmpeg-devel@ffmpeg.org)
07:25:57.483 playback: playhead.jump 5256 -> 5702 ms (+446) [+451 ms] from MonitorPanel.qml:948 (onTriggered)
07:25:57.983 playback: playhead.jump 5702 -> 6169 ms (+467) [+499 ms] from MonitorPanel.qml:948 (onTriggered)
07:25:58.170 playback: playhead is 53 ms AHEAD of the picture (playhead 6169 ms, picture 6116 ms)
07:25:58.178 GUI thread unresponsive for 433 ms, "stalled somewhere unmarked": "no marked scope"
07:25:58.532 playback: playhead.jump 6169 -> 6725 ms (+556) [+550 ms] from MonitorPanel.qml:948 (onTriggered)
07:25:58.680 GUI thread unresponsive for 453 ms, "stalled somewhere unmarked": "no marked scope"
07:25:59.045 playback: playhead.jump 6725 -> 7245 ms (+520) [+511 ms] from MonitorPanel.qml:948 (onTriggered)
07:25:59.181 GUI thread unresponsive for 447 ms, "stalled somewhere unmarked": "no marked scope"
07:25:59.193 playback: playhead is 45 ms AHEAD of the picture (playhead 7245 ms, picture 7200 ms)
07:25:59.679 GUI thread unresponsive for 945 ms, "stalled somewhere unmarked": "no marked scope"
07:25:59.696   GUI thread backtrace, innermost first (48 frames):
07:25:59.696     #0  "Qt6Core.dll!QCborValue::QCborValue(QStringView)+0xa9"
07:25:59.696     #1  "Qt6Core.dll+0x408be9 (nearest export: z_adler32_combine64+0x76e09)"
07:25:59.696     #2  "Qt6Core.dll!QJsonObject::insert(QString const&, QJsonValue const&)+0x3b"
07:25:59.696     #3  "Qt6Core.dll!QCborValue::fromJsonValue(QJsonValue const&)+0x7b7"
07:25:59.696     #4  "Qt6Core.dll!QCborValue::fromJsonValue(QJsonValue const&)+0xde0"
07:25:59.696     #5  "Qt6Core.dll!QCborMap::fromVariantHash(QHash<QString, QVariant> const&)+0x3ab"
07:25:59.696     #6  "Qt6Core.dll!QJsonArray::fromVariantList(QList<QVariant> const&)+0x23"
07:25:59.696     #7  "cutpro_backend.dll!Backend::stateObject() const+0x5d4"
07:25:59.697     #8  "cutpro_backend.dll!Backend::serializeState(bool) const+0x29"
07:25:59.697     #9  "cutpro_backend.dll!Backend::rememberState()+0x2b"
07:25:59.697     #10  "cutpro_backend.dll!Backend::removeClips(QList<QString> const&)+0x55b"
07:25:59.697     #11  "cutpro_backend.dll!Backend::removeTranscriptFromTimeline()+0x24d"
07:25:59.697     #12  "cutpro_backend.dll+0x4330 (nearest export: Backend::qt_static_metacall(QObject*, QMetaObject::Call, int, void**)+0x2f6a)"
07:25:59.697     #13  "cutpro_backend.dll!Backend::qt_metacall(QMetaObject::Call, int, void**)+0x73"
07:25:59.697     #14  "Qt6Qml.dll!QQmlObjectCreator::create(int, QObject*, QQmlInstantiationInterrupt*, int)+0x94"
07:25:59.697     #15  "Qt6Qml.dll+0x10a743 (nearest export: QV4::Heap::QObjectWrapper::markObjects(QV4::Heap::Base*, QV4::MarkStack*)+0x1843)"
07:25:59.697     #16  "Qt6Qml.dll!QV4::QObjectMethod::callPrecise(QQmlObjectOrGadget const&, QQmlPropertyData const&, QV4::ExecutionEngine*, QV4::CallData*, QMetaObject::Call)+0x170"
07:25:59.697     #17  "Qt6Qml.dll!QV4::QObjectMethod::callInternal(QV4::Value const*, QV4::Value const*, int) const+0x858"
07:25:59.697     #18  "Qt6Qml.dll+0x1613dc (nearest export: qt_v4DebuggerHook+0x33ec)"
07:25:59.697     #19  "Qt6Qml.dll+0x165c9f (nearest export: qt_v4DebuggerHook+0x7caf)"
07:25:59.697     #20  "Qt6Qml.dll!QV4::ExecutableCompilationUnit::createNamedObjectsPerComponent(int)+0x82f"
07:25:59.697     #21  "Qt6Qml.dll!QV4::Function::call(QObject*, void**, QMetaType const*, int, QV4::ExecutionContext*)+0x293"
07:25:59.697     #22  "Qt6Qml.dll!QQmlJavaScriptExpression::evaluate(void**, QMetaType const*, int)+0x105"
07:25:59.697     #23  "Qt6Qml.dll!QQmlBoundSignalExpression::evaluate(void**)+0x31c"
07:25:59.697     #24  "Qt6Qml.dll!QQmlBoundSignalExpression::QQmlBoundSignalExpression(QObject const*, int, QQmlRefPointer<QQmlContextData> const&, QObject*, QV4::Function*, QV4::ExecutionContext*)+0x8f8"
07:25:59.697     #25  "Qt6Qml.dll!QQmlNotifier::emitNotify(QQmlNotifierEndpoint*, void**)+0x215"
07:25:59.697     #26  "Qt6Core.dll+0x3fcf21 (nearest export: z_adler32_combine64+0x6b141)"
07:25:59.697     #27  "Qt6QuickTemplates2.dll!QQuickAbstractButtonPrivate::handleRelease(QPointF const&, unsigned long)+0x1a9"
07:25:59.697     #28  "Qt6QuickTemplates2.dll!QQuickControl::mouseReleaseEvent(QMouseEvent*)+0x9b"
07:25:59.697     #29  "Qt6Quick.dll!QQuickItemPrivate::deliverPointerEvent(QEvent*)+0x67"
07:25:59.697     #30  "Qt6Quick.dll!QQuickItem::event(QEvent*)+0xdb"
07:25:59.697     #31  "Qt6Core.dll!QCoreApplication::notifyInternal2(QObject*, QEvent*)+0x19a"
07:25:59.697     #32  "Qt6Quick.dll!QQuickDeliveryAgentPrivate::deliverMatchingPointsToItem(QQuickItem*, bool, QPointerEvent*, bool)+0x2c4"
07:25:59.697     #33  "Qt6Quick.dll!QQuickDeliveryAgentPrivate::deliverUpdatedPoints(QPointerEvent*)+0x9e"
07:25:59.697     #34  "Qt6Quick.dll!QQuickDeliveryAgentPrivate::deliverPointerEvent(QPointerEvent*)+0x636"
07:25:59.697     #35  "Qt6Quick.dll!QQuickDeliveryAgentPrivate::handleMouseEvent(QMouseEvent*)+0xe7"
07:25:59.697     #36  "Qt6Quick.dll!QQuickDeliveryAgent::event(QEvent*)+0x12b"
07:25:59.697     #37  "Qt6Quick.dll!QQuickWindow::event(QEvent*)+0x17e"
07:25:59.697     #38  "Qt6Core.dll!QCoreApplication::notifyInternal2(QObject*, QEvent*)+0x19a"
07:25:59.697     #39  "Qt6Gui.dll!QGuiApplicationPrivate::processMouseEvent(QWindowSystemInterfacePrivate::MouseEvent*)+0x972"
07:25:59.697     #40  "Qt6Gui.dll!QWindowSystemInterface::sendWindowSystemEvents(QFlags<QEventLoop::ProcessEventsFlag>)+0x30c"
07:25:59.697     #41  "Qt6Core.dll!QEventDispatcherWin32::processEvents(QFlags<QEventLoop::ProcessEventsFlag>)+0xaa7"
07:25:59.697     #42  "Qt6Gui.dll!QWindowsGuiEventDispatcher::processEvents(QFlags<QEventLoop::ProcessEventsFlag>)+0x19"
07:25:59.697     #43  "Qt6Core.dll!QEventLoop::exec(QFlags<QEventLoop::ProcessEventsFlag>)+0x232"
07:25:59.697     #44  "Qt6Core.dll!QCoreApplication::exec()+0x96"
07:25:59.697     #45  "cutpro.exe+0x2f0a"
07:25:59.698     #46  "cutpro.exe+0x12ef"
07:25:59.698     #47  "cutpro.exe+0x1406"
07:26:00.384 playback: playhead.jump 7245 -> 8633 ms (+1388) [+1339 ms] from MonitorPanel.qml:948 (onTriggered)
07:26:00.385 playback: playhead is 0 ms AHEAD of the picture (playhead 8633 ms, picture 8633 ms)
07:26:00.631 GUI thread unresponsive for 432 ms, "stalled somewhere unmarked": "no marked scope"
07:26:01.072 GUI thread unresponsive for 872 ms, "stalled somewhere unmarked": "no marked scope"
07:26:01.104   GUI thread backtrace, innermost first (48 frames):
07:26:01.104     #0  "ntdll.dll+0x275f2 (nearest export: RtlAllocateHeap+0x19a2)"
07:26:01.104     #1  "ntdll.dll!RtlAllocateHeap+0xbf4"
07:26:01.104     #2  "ntdll.dll!RtlAllocateHeap+0xabb"
07:26:01.104     #3  "msvcrt.dll!malloc+0x70"
07:26:01.104     #4  "libstdc++-6.dll!operator new(unsigned long long)+0x1c"
07:26:01.104     #5  "cutpro_subtitles.dll!std::__new_allocator<std::_Rb_tree_node<std::pair<QString const, QVariant> > >::allocate(unsigned long long, void const*)+0x63"
07:26:01.104     #6  "cutpro_subtitles.dll!std::_Rb_tree<QString, std::pair<QString const, QVariant>, std::_Select1st<std::pair<QString const, QVariant> >, std::less<QString>, std::allocator<std::pair<QString const, QVariant> > >::_M_get_node()+0x8c"
07:26:01.104     #7  "cutpro_subtitles.dll!std::_Rb_tree_node<std::pair<QString const, QVariant> >* std::_Rb_tree<QString, std::pair<QString const, QVariant>, std::_Select1st<std::pair<QString const, QVariant> >, std::less<QString>, std::allocator<std::pair<QString const, QVariant> > >::_M_create_node<std::piecewise_construct_t const&, std::tuple<QString const&>, std::tuple<QVariant const&> >(std::piecewise_construct_t const&, std::tuple<QString const&>&&, std::tuple<QVariant const&>&&)+0x28"
07:26:01.104     #8  "cutpro_subtitles.dll!std::_Rb_tree<QString, std::pair<QString const, QVariant>, std::_Select1st<std::pair<QString const, QVariant> >, std::less<QString>, std::allocator<std::pair<QString const, QVariant> > >::_Auto_node::_Auto_node<std::piecewise_construct_t const&, std::tuple<QString const&>, std::tuple<QVariant const&> >(std::_Rb_tree<QString, std::pair<QString const, QVariant>, std::_Select1st<std::pair<QString const, QVariant> >, std::less<QString>, std::allocator<std::pair<QString const, QVariant> > >&, std::piecewise_construct_t const&, std::tuple<QString const&>&&, std::tuple<QVariant const&>&&)+0x66"
07:26:01.104     #9  "cutpro_subtitles.dll!std::_Rb_tree_iterator<std::pair<QString const, QVariant> > std::_Rb_tree<QString, std::pair<QString const, QVariant>, std::_Select1st<std::pair<QString const, QVariant> >, std::less<QString>, std::allocator<std::pair<QString const, QVariant> > >::_M_emplace_hint_unique<std::piecewise_construct_t const&, std::tuple<QString const&>, std::tuple<QVariant const&> >(std::_Rb_tree_const_iterator<std::pair<QString const, QVariant> >, std::piecewise_construct_t const&, std::tuple<QString const&>&&, std::tuple<QVariant const&>&&)+0x64"
07:26:01.105     #10  "cutpro_subtitles.dll!std::_Rb_tree_iterator<std::pair<QString const, QVariant> > std::map<QString, QVariant, std::less<QString>, std::allocator<std::pair<QString const, QVariant> > >::emplace_hint<std::piecewise_construct_t const&, std::tuple<QString const&>, std::tuple<QVariant const&> >(std::_Rb_tree_const_iterator<std::pair<QString const, QVariant> >, std::piecewise_construct_t const&, std::tuple<QString const&>&&, std::tuple<QVariant const&>&&)+0x68"
07:26:01.105     #11  "cutpro_subtitles.dll!std::pair<std::_Rb_tree_iterator<std::pair<QString const, QVariant> >, bool> std::map<QString, QVariant, std::less<QString>, std::allocator<std::pair<QString const, QVariant> > >::insert_or_assign<QVariant const&>(QString const&, QVariant const&)+0xfb"
07:26:01.105     #12  "cutpro_subtitles.dll!QMap<QString, QVariant>::insert(QString const&, QVariant const&)+0x83"
07:26:01.105     #13  "cutpro_subtitles.dll!QMap<QString, QVariant>::QMap(std::initializer_list<std::pair<QString, QVariant> >)+0x7a"
07:26:01.105     #14  "cutpro_subtitles.dll!SubtitleTimeline::clipsFromTranscript(QList<QVariant> const&)+0x579"
07:26:01.105     #15  "cutpro_backend.dll!Backend::addTranscriptToTimeline()+0xbc"
07:26:01.105     #16  "cutpro_backend.dll+0x42e2 (nearest export: Backend::qt_static_metacall(QObject*, QMetaObject::Call, int, void**)+0x2f1c)"
07:26:01.105     #17  "cutpro_backend.dll!Backend::qt_metacall(QMetaObject::Call, int, void**)+0x73"
07:26:01.105     #18  "Qt6Qml.dll!QQmlObjectCreator::create(int, QObject*, QQmlInstantiationInterrupt*, int)+0x94"
07:26:01.105     #19  "Qt6Qml.dll+0x10a743 (nearest export: QV4::Heap::QObjectWrapper::markObjects(QV4::Heap::Base*, QV4::MarkStack*)+0x1843)"
07:26:01.105     #20  "Qt6Qml.dll!QV4::QObjectMethod::callPrecise(QQmlObjectOrGadget const&, QQmlPropertyData const&, QV4::ExecutionEngine*, QV4::CallData*, QMetaObject::Call)+0x170"
07:26:01.105     #21  "Qt6Qml.dll!QV4::QObjectMethod::callInternal(QV4::Value const*, QV4::Value const*, int) const+0x858"
07:26:01.105     #22  "Qt6Qml.dll+0x1613dc (nearest export: qt_v4DebuggerHook+0x33ec)"
07:26:01.105     #23  "Qt6Qml.dll+0x165c9f (nearest export: qt_v4DebuggerHook+0x7caf)"
07:26:01.105     #24  "Qt6Qml.dll!QV4::ExecutableCompilationUnit::createNamedObjectsPerComponent(int)+0x82f"
07:26:01.105     #25  "Qt6Qml.dll!QV4::Function::call(QObject*, void**, QMetaType const*, int, QV4::ExecutionContext*)+0x293"
07:26:01.105     #26  "Qt6Qml.dll!QQmlJavaScriptExpression::evaluate(void**, QMetaType const*, int)+0x105"
07:26:01.105     #27  "Qt6Qml.dll!QQmlBoundSignalExpression::evaluate(void**)+0x31c"
07:26:01.105     #28  "Qt6Qml.dll!QQmlBoundSignalExpression::QQmlBoundSignalExpression(QObject const*, int, QQmlRefPointer<QQmlContextData> const&, QObject*, QV4::Function*, QV4::ExecutionContext*)+0x8f8"
07:26:01.105     #29  "Qt6Qml.dll!QQmlNotifier::emitNotify(QQmlNotifierEndpoint*, void**)+0x215"
07:26:01.105     #30  "Qt6Core.dll+0x3fcf21 (nearest export: z_adler32_combine64+0x6b141)"
07:26:01.105     #31  "Qt6QuickTemplates2.dll!QQuickAbstractButtonPrivate::handleRelease(QPointF const&, unsigned long)+0x1a9"
07:26:01.105     #32  "Qt6QuickTemplates2.dll!QQuickControl::mouseReleaseEvent(QMouseEvent*)+0x9b"
07:26:01.105     #33  "Qt6Quick.dll!QQuickItemPrivate::deliverPointerEvent(QEvent*)+0x67"
07:26:01.105     #34  "Qt6Quick.dll!QQuickItem::event(QEvent*)+0xdb"
07:26:01.105     #35  "Qt6Core.dll!QCoreApplication::notifyInternal2(QObject*, QEvent*)+0x19a"
07:26:01.105     #36  "Qt6Quick.dll!QQuickDeliveryAgentPrivate::deliverMatchingPointsToItem(QQuickItem*, bool, QPointerEvent*, bool)+0x2c4"
07:26:01.105     #37  "Qt6Quick.dll!QQuickDeliveryAgentPrivate::deliverUpdatedPoints(QPointerEvent*)+0x9e"
07:26:01.105     #38  "Qt6Quick.dll!QQuickDeliveryAgentPrivate::deliverPointerEvent(QPointerEvent*)+0x636"
07:26:01.105     #39  "Qt6Quick.dll!QQuickDeliveryAgentPrivate::handleMouseEvent(QMouseEvent*)+0xe7"
07:26:01.105     #40  "Qt6Quick.dll!QQuickDeliveryAgent::event(QEvent*)+0x12b"
07:26:01.105     #41  "Qt6Quick.dll!QQuickWindow::event(QEvent*)+0x17e"
07:26:01.105     #42  "Qt6Core.dll!QCoreApplication::notifyInternal2(QObject*, QEvent*)+0x19a"
07:26:01.105     #43  "Qt6Gui.dll!QGuiApplicationPrivate::processMouseEvent(QWindowSystemInterfacePrivate::MouseEvent*)+0x972"
07:26:01.105     #44  "Qt6Gui.dll!QWindowSystemInterface::sendWindowSystemEvents(QFlags<QEventLoop::ProcessEventsFlag>)+0x30c"
07:26:01.105     #45  "Qt6Core.dll!QEventDispatcherWin32::processEvents(QFlags<QEventLoop::ProcessEventsFlag>)+0xaa7"
07:26:01.105     #46  "Qt6Gui.dll!QWindowsGuiEventDispatcher::processEvents(QFlags<QEventLoop::ProcessEventsFlag>)+0x19"
07:26:01.105     #47  "Qt6Core.dll!QEventLoop::exec(QFlags<QEventLoop::ProcessEventsFlag>)+0x232"
07:26:01.977 GUI thread unresponsive for 1778 ms, "stalled somewhere unmarked": "no marked scope"
07:26:01.980   GUI thread backtrace, innermost first (48 frames):
07:26:01.980     #0  "Qt6Core.dll+0x15fc28 (nearest export: qint128toBasicLatin(__int128, int)+0x1bd8)"
07:26:01.980     #1  "cutpro_backend.dll!compareThreeWay(QStringView const&, QStringView const&)+0x50"
07:26:01.980     #2  "cutpro_backend.dll!compareThreeWay(QString const&, QString const&)+0x40"
07:26:01.980     #3  "cutpro_backend.dll!operator<=>(QString const&, QString const&)+0x20"
07:26:01.980     #4  "cutpro_backend.dll!std::less<QString>::operator()(QString const&, QString const&) const+0x35"
07:26:01.980     #5  "cutpro_backend.dll!std::_Rb_tree<QString, std::pair<QString const, QVariant>, std::_Select1st<std::pair<QString const, QVariant> >, std::less<QString>, std::allocator<std::pair<QString const, QVariant> > >::_M_lower_bound(std::_Rb_tree_node<std::pair<QString const, QVariant> > const*, std::_Rb_tree_node_base const*, QString const&) const+0x3f"
07:26:01.980     #6  "cutpro_backend.dll!std::_Rb_tree<QString, std::pair<QString const, QVariant>, std::_Select1st<std::pair<QString const, QVariant> >, std::less<QString>, std::allocator<std::pair<QString const, QVariant> > >::find(QString const&) const+0x47"
07:26:01.980     #7  "cutpro_backend.dll!std::map<QString, QVariant, std::less<QString>, std::allocator<std::pair<QString const, QVariant> > >::find(QString const&) const+0x20"
07:26:01.980     #8  "cutpro_backend.dll!QMap<QString, QVariant>::value(QString const&, QVariant const&) const+0x60"
07:26:01.981     #9  "cutpro_backend.dll!Backend::durationMs() const+0x1ec"
07:26:01.981     #10  "cutpro_backend.dll+0x72f1 (nearest export: Backend::qt_static_metacall(QObject*, QMetaObject::Call, int, void**)+0x5f2b)"
07:26:01.981     #11  "Qt6Qml.dll!QV4::QObjectWrapper::wrap_slowPath(QV4::ExecutionEngine*, QObject*)+0xf84"
07:26:01.981     #12  "Qt6Qml.dll!QV4::QQmlTypeWrapper::lookupSingletonProperty(QV4::Lookup*, QV4::ExecutionEngine*, QV4::Value const&)+0x327"
07:26:01.981     #13  "0x1b588920d1d"
07:26:01.981     #14  "Qt6Qml.dll+0x165b98 (nearest export: qt_v4DebuggerHook+0x7ba8)"
07:26:01.981     #15  "Qt6Qml.dll!QV4::ExecutableCompilationUnit::createNamedObjectsPerComponent(int)+0x82f"
07:26:01.981     #16  "Qt6Qml.dll!QQmlJavaScriptExpression::evaluate(QV4::CallData*, bool*)+0x31d"
07:26:01.981     #17  "Qt6Qml.dll!QQmlBinding::evaluate(bool*)+0xb7"
07:26:01.981     #18  "Qt6Qml.dll!QQmlBinding::doUpdate(QQmlJavaScriptExpression::DeleteWatcher const&, QFlags<QQmlPropertyData::WriteFlag>, QV4::Scope&)+0x7e"
07:26:01.981     #19  "Qt6Qml.dll!QQmlBinding::update(QFlags<QQmlPropertyData::WriteFlag>)+0x211"
07:26:01.981     #20  "Qt6Qml.dll!QQmlNotifier::emitNotify(QQmlNotifierEndpoint*, void**)+0x215"
07:26:01.981     #21  "Qt6Core.dll+0x3fcf21 (nearest export: z_adler32_combine64+0x6b141)"
07:26:01.981     #22  "cutpro_backend.dll!Backend::timelineChanged()+0x2f"
07:26:01.981     #23  "cutpro_backend.dll!Backend::addTranscriptToTimeline()+0x58b"
07:26:01.981     #24  "cutpro_backend.dll+0x42e2 (nearest export: Backend::qt_static_metacall(QObject*, QMetaObject::Call, int, void**)+0x2f1c)"
07:26:01.981     #25  "cutpro_backend.dll!Backend::qt_metacall(QMetaObject::Call, int, void**)+0x73"
07:26:01.981     #26  "Qt6Qml.dll!QQmlObjectCreator::create(int, QObject*, QQmlInstantiationInterrupt*, int)+0x94"
07:26:01.981     #27  "Qt6Qml.dll+0x10a743 (nearest export: QV4::Heap::QObjectWrapper::markObjects(QV4::Heap::Base*, QV4::MarkStack*)+0x1843)"
07:26:01.981     #28  "Qt6Qml.dll!QV4::QObjectMethod::callPrecise(QQmlObjectOrGadget const&, QQmlPropertyData const&, QV4::ExecutionEngine*, QV4::CallData*, QMetaObject::Call)+0x170"
07:26:01.981     #29  "Qt6Qml.dll!QV4::QObjectMethod::callInternal(QV4::Value const*, QV4::Value const*, int) const+0x858"
07:26:01.981     #30  "Qt6Qml.dll+0x1613dc (nearest export: qt_v4DebuggerHook+0x33ec)"
07:26:01.981     #31  "Qt6Qml.dll+0x165c9f (nearest export: qt_v4DebuggerHook+0x7caf)"
07:26:01.981     #32  "Qt6Qml.dll!QV4::ExecutableCompilationUnit::createNamedObjectsPerComponent(int)+0x82f"
07:26:01.981     #33  "Qt6Qml.dll!QV4::Function::call(QObject*, void**, QMetaType const*, int, QV4::ExecutionContext*)+0x293"
07:26:01.981     #34  "Qt6Qml.dll!QQmlJavaScriptExpression::evaluate(void**, QMetaType const*, int)+0x105"
07:26:01.981     #35  "Qt6Qml.dll!QQmlBoundSignalExpression::evaluate(void**)+0x31c"
07:26:01.981     #36  "Qt6Qml.dll!QQmlBoundSignalExpression::QQmlBoundSignalExpression(QObject const*, int, QQmlRefPointer<QQmlContextData> const&, QObject*, QV4::Function*, QV4::ExecutionContext*)+0x8f8"
07:26:01.981     #37  "Qt6Qml.dll!QQmlNotifier::emitNotify(QQmlNotifierEndpoint*, void**)+0x215"
07:26:01.981     #38  "Qt6Core.dll+0x3fcf21 (nearest export: z_adler32_combine64+0x6b141)"
07:26:01.981     #39  "Qt6QuickTemplates2.dll!QQuickAbstractButtonPrivate::handleRelease(QPointF const&, unsigned long)+0x1a9"
07:26:01.981     #40  "Qt6QuickTemplates2.dll!QQuickControl::mouseReleaseEvent(QMouseEvent*)+0x9b"
07:26:01.981     #41  "Qt6Quick.dll!QQuickItemPrivate::deliverPointerEvent(QEvent*)+0x67"
07:26:01.981     #42  "Qt6Quick.dll!QQuickItem::event(QEvent*)+0xdb"
07:26:01.981     #43  "Qt6Core.dll!QCoreApplication::notifyInternal2(QObject*, QEvent*)+0x19a"
07:26:01.981     #44  "Qt6Quick.dll!QQuickDeliveryAgentPrivate::deliverMatchingPointsToItem(QQuickItem*, bool, QPointerEvent*, bool)+0x2c4"
07:26:01.981     #45  "Qt6Quick.dll!QQuickDeliveryAgentPrivate::deliverUpdatedPoints(QPointerEvent*)+0x9e"
07:26:01.981     #46  "Qt6Quick.dll!QQuickDeliveryAgentPrivate::deliverPointerEvent(QPointerEvent*)+0x636"
07:26:01.981     #47  "Qt6Quick.dll!QQuickDeliveryAgentPrivate::handleMouseEvent(QMouseEvent*)+0xe7"
07:26:02.335 playback: playhead.jump 8633 -> 10573 ms (+1940) [+1950 ms] from MonitorPanel.qml:948 (onTriggered)
07:26:02.485 playback: playhead is 40 ms AHEAD of the picture (playhead 10573 ms, picture 10533 ms)
07:26:02.601 GUI thread unresponsive for 401 ms, "stalled somewhere unmarked": "no marked scope"
07:26:03.039 GUI thread unresponsive for 838 ms, "stalled somewhere unmarked": "no marked scope"
07:26:03.092   GUI thread backtrace, innermost first (47 frames):
07:26:03.092     #0  "ntdll.dll!ZwWaitForAlertByThreadId+0x14"
07:26:03.092     #1  "ntdll.dll!RtlWaitOnAddress+0x213"
07:26:03.092     #2  "KERNELBASE.dll!WaitOnAddress+0x38"
07:26:03.092     #3  "Qt6Core.dll!QLatch::waitInternal(int)+0x4b"
07:26:03.092     #4  "Qt6Gui.dll!qGamma_correct_back_to_linear_cs(QImage*)+0x2ed"
07:26:03.092     #5  "Qt6Gui.dll!QImage::convertToFormat_helper(QImage::Format, QFlags<Qt::ImageConversionFlag>) const+0x200"
07:26:03.092     #6  "Qt6Quick.dll+0x1ebbeb (nearest export: QQuickImageProvider::qt_metacall(QMetaObject::Call, int, void**)+0x13cb)"
07:26:03.092     #7  "Qt6Quick.dll!QQuickTextureFactory::textureFactoryForImage(QImage const&)+0x4a"
07:26:03.092     #8  "Qt6Quick.dll+0x1f6209 (nearest export: QQuickPixmap::load(QQmlEngine*, QUrl const&, QRect const&, QSize const&, QFlags<QQuickPixmap::Option>, QQuickImageProviderOptions const&, int, int, double)+0x1009)"
07:26:03.092     #9  "Qt6Quick.dll!QQuickImageBase::loadPixmap(QUrl const&, QFlags<QQuickImageBase::LoadPixmapOption>)+0x36b"
07:26:03.092     #10  "Qt6Qml.dll+0x42a5af (nearest export: QQmlLocale::registerStringLocaleCompare(QV4::ExecutionEngine*)+0x1462df)"
07:26:03.093     #11  "Qt6Qml.dll!QQmlPropertyPrivate::write(QObject*, QQmlPropertyData const&, QVariant const&, QQmlRefPointer<QQmlContextData> const&, QFlags<QQmlPropertyData::WriteFlag>)+0x85a"
07:26:03.093     #12  "Qt6Qml.dll!QQmlBinding::slowWrite(QQmlPropertyData const&, QQmlPropertyData const&, QV4::Value const&, bool, QFlags<QQmlPropertyData::WriteFlag>)+0x54f"
07:26:03.093     #13  "Qt6Qml.dll+0x347e9a (nearest export: QQmlLocale::registerStringLocaleCompare(QV4::ExecutionEngine*)+0x63bca)"
07:26:03.093     #14  "Qt6Qml.dll!QQmlBinding::doUpdate(QQmlJavaScriptExpression::DeleteWatcher const&, QFlags<QQmlPropertyData::WriteFlag>, QV4::Scope&)+0x19f"
07:26:03.093     #15  "Qt6Qml.dll!QQmlBinding::update(QFlags<QQmlPropertyData::WriteFlag>)+0x211"
07:26:03.093     #16  "Qt6Qml.dll!QQmlNotifier::emitNotify(QQmlNotifierEndpoint*, void**)+0x215"
07:26:03.093     #17  "Qt6Core.dll+0x3fcf21 (nearest export: z_adler32_combine64+0x6b141)"
07:26:03.093     #18  "cutpro_backend.dll!Backend::previewFrameChanged()+0x2f"
07:26:03.093     #19  "cutpro_backend.dll+0xed52 (nearest export: ProjectDatabase::qt_metacall(QMetaObject::Call, int, void**)+0x5f60)"
07:26:03.093     #20  "cutpro_backend.dll+0x503ee (nearest export: Backend::updateExportProgress()+0x7a06)"
07:26:03.093     #21  "cutpro_backend.dll+0x51917 (nearest export: Backend::updateExportProgress()+0x8f2f)"
07:26:03.093     #22  "cutpro_backend.dll+0x50425 (nearest export: Backend::updateExportProgress()+0x7a3d)"
07:26:03.093     #23  "cutpro_backend.dll+0x4e494 (nearest export: Backend::updateExportProgress()+0x5aac)"
07:26:03.093     #24  "cutpro_backend.dll+0x4cf54 (nearest export: Backend::updateExportProgress()+0x456c)"
07:26:03.093     #25  "Qt6Core.dll+0x3fd299 (nearest export: z_adler32_combine64+0x6b4b9)"
07:26:03.093     #26  "cutpro_preview.dll!void QMetaObject::activate<void, unsigned long long>(QObject*, QMetaObject const*, int, void*, unsigned long long const&)+0x4f"
07:26:03.093     #27  "cutpro_preview.dll!FfmpegPreviewDecoder::frameReady(unsigned long long)+0x38"
07:26:03.093     #28  "cutpro_preview.dll!QtPrivate::FunctorCall<std::integer_sequence<unsigned long long, 0ull>, QtPrivate::List<unsigned long long>, void, void (FfmpegPreviewDecoder::*)(unsigned long long)>::call(void (FfmpegPreviewDecoder::*)(unsigned long long), FfmpegPreviewDecoder*, void**)::{lambda()#1}::operator()() const+0x8d"
07:26:03.093     #29  "cutpro_preview.dll!void QtPrivate::FunctorCallBase::call_internal<void, QtPrivate::FunctorCall<std::integer_sequence<unsigned long long, 0ull>, QtPrivate::List<unsigned long long>, void, void (FfmpegPreviewDecoder::*)(unsigned long long)>::call(void (FfmpegPreviewDecoder::*)(unsigned long long), FfmpegPreviewDecoder*, void**)::{lambda()#1}>(void**, QtPrivate::FunctorCall<std::integer_sequence<unsigned long long, 0ull>, QtPrivate::List<unsigned long long>, void, void (FfmpegPreviewDecoder::*)(unsigned long long)>::call(void (FfmpegPreviewDecoder::*)(unsigned long long), FfmpegPreviewDecoder*, void**)::{lambda()#1}&&)+0x24"
07:26:03.094     #30  "cutpro_preview.dll!QtPrivate::FunctorCall<std::integer_sequence<unsigned long long, 0ull>, QtPrivate::List<unsigned long long>, void, void (FfmpegPreviewDecoder::*)(unsigned long long)>::call(void (FfmpegPreviewDecoder::*)(unsigned long long), FfmpegPreviewDecoder*, void**)+0x59"
07:26:03.094     #31  "cutpro_preview.dll!void QtPrivate::FunctionPointer<void (FfmpegPreviewDecoder::*)(unsigned long long)>::call<QtPrivate::List<unsigned long long>, void>(void (FfmpegPreviewDecoder::*)(unsigned long long), FfmpegPreviewDecoder*, void**)+0x4c"
07:26:03.094     #32  "cutpro_preview.dll!QtPrivate::QCallableObject<void (FfmpegPreviewDecoder::*)(unsigned long long), QtPrivate::List<unsigned long long>, void>::impl(int, QtPrivate::QSlotObjectBase*, QObject*, void**, bool*)+0xaa"
07:26:03.094     #33  "Qt6Core.dll!QMetaCallEvent::placeMetaCall(QObject*)+0x35"
07:26:03.094     #34  "Qt6Core.dll!QObject::event(QEvent*)+0x299"
07:26:03.094     #35  "Qt6Core.dll!QCoreApplication::notifyInternal2(QObject*, QEvent*)+0x19a"
07:26:03.094     #36  "Qt6Core.dll!QCoreApplicationPrivate::sendPostedEvents(QObject*, int, QThreadData*)+0x445"
07:26:03.094     #37  "Qt6Gui.dll!QWindowsGuiEventDispatcher::sendPostedEvents()+0x12"
07:26:03.094     #38  "Qt6Core.dll!QEventDispatcherWin32::processEvents(QFlags<QEventLoop::ProcessEventsFlag>)+0xaa7"
07:26:03.094     #39  "Qt6Gui.dll!QWindowsGuiEventDispatcher::processEvents(QFlags<QEventLoop::ProcessEventsFlag>)+0x19"
07:26:03.094     #40  "Qt6Core.dll!QEventLoop::exec(QFlags<QEventLoop::ProcessEventsFlag>)+0x232"
07:26:03.094     #41  "Qt6Core.dll!QCoreApplication::exec()+0x96"
07:26:03.094     #42  "cutpro.exe+0x2f0a"
07:26:03.094     #43  "cutpro.exe+0x12ef"
07:26:03.094     #44  "cutpro.exe+0x1406"
07:26:03.094     #45  "KERNEL32.DLL!BaseThreadInitThunk+0x17"
07:26:03.094     #46  "ntdll.dll!RtlUserThreadStart+0x2c"
07:26:03.169 [h264 @ 000001b58d62a500] Late SEI
07:26:03.170 [h264 @ 000001b58d62a500]  is not implemented. Update your FFmpeg version to the newest one from Git. If the problem still occurs, it means that your file has a feature which has not been implemented.
07:26:03.170 [h264 @ 000001b58d62a500] If you want to help, upload a sample of this file to https://streams.videolan.org/upload/ and contact the ffmpeg-devel mailing list. (ffmpeg-devel@ffmpeg.org)
07:26:03.800 playback: playhead.jump 10573 -> 11749 ms (+1176) [+1465 ms] from MonitorPanel.qml:948 (onTriggered)
07:26:03.960 GUI thread unresponsive for 457 ms, "stalled somewhere unmarked": "no marked scope"
07:26:03.973 playback: playhead is 49 ms AHEAD of the picture (playhead 11749 ms, picture 11700 ms)
07:26:04.395 playback: playing true -> false at playhead 11749 ms [+594 ms] from MonitorPanel.qml:1887 (onClicked)
07:26:04.396 monitor: playing -> false at 11749
07:26:04.397 playback: session.stop decoder running, picture at 12416 ms [+1 ms] from MonitorPanel.qml:1006 (onPlayingChanged) <- MonitorPanel.qml:1887 (onClicked)
07:26:04.463 GUI thread unresponsive for 960 ms, "churning through": "NativeVideoPreviewDecoder::joinDecodeThread"
07:26:04.463   the innermost frame has only been open 65 ms of the 960 ms stall, so the thread is entering and leaving frames rather than stuck in one: the fix is to do it fewer times, not to move it off the thread.
07:26:04.468   GUI thread backtrace, innermost first (48 frames):
07:26:04.468     #0  "ntdll.dll!NtWaitForSingleObject+0x14"
07:26:04.468     #1  "KERNELBASE.dll!WaitForSingleObjectEx+0xaf"
07:26:04.468     #2  "libwinpthread-1.dll!pthread_join+0xb6"
07:26:04.468     #3  "libstdc++-6.dll!std::thread::join()+0x17"
07:26:04.468     #4  "cutpro_preview.dll!NativeVideoPreviewDecoder::joinDecodeThread()+0x4c"
07:26:04.468     #5  "cutpro_preview.dll!NativeVideoPreviewDecoder::stop()+0x98"
07:26:04.468     #6  "cutpro_preview.dll!FfmpegPreviewDecoder::stop()+0x4c"
07:26:04.468     #7  "cutpro_backend.dll!Backend::stopPreviewDecode()+0x266"
07:26:04.468     #8  "cutpro_backend.dll+0x565a (nearest export: Backend::qt_static_metacall(QObject*, QMetaObject::Call, int, void**)+0x4294)"
07:26:04.468     #9  "cutpro_backend.dll!Backend::qt_metacall(QMetaObject::Call, int, void**)+0x73"
07:26:04.468     #10  "Qt6Qml.dll!QQmlObjectCreator::create(int, QObject*, QQmlInstantiationInterrupt*, int)+0x94"
07:26:04.468     #11  "Qt6Qml.dll+0x10a3da (nearest export: QV4::Heap::QObjectWrapper::markObjects(QV4::Heap::Base*, QV4::MarkStack*)+0x14da)"
07:26:04.469     #12  "Qt6Qml.dll!QV4::QObjectMethod::callPrecise(QQmlObjectOrGadget const&, QQmlPropertyData const&, QV4::ExecutionEngine*, QV4::CallData*, QMetaObject::Call)+0x170"
07:26:04.469     #13  "Qt6Qml.dll!QV4::QObjectMethod::callInternal(QV4::Value const*, QV4::Value const*, int) const+0x858"
07:26:04.469     #14  "Qt6Qml.dll+0x1613dc (nearest export: qt_v4DebuggerHook+0x33ec)"
07:26:04.469     #15  "Qt6Qml.dll+0x165c9f (nearest export: qt_v4DebuggerHook+0x7caf)"
07:26:04.469     #16  "Qt6Qml.dll!QV4::ExecutableCompilationUnit::createNamedObjectsPerComponent(int)+0x82f"
07:26:04.469     #17  "Qt6Qml.dll!QV4::Function::call(QObject*, void**, QMetaType const*, int, QV4::ExecutionContext*)+0x293"
07:26:04.469     #18  "Qt6Qml.dll!QQmlJavaScriptExpression::evaluate(void**, QMetaType const*, int)+0x105"
07:26:04.469     #19  "Qt6Qml.dll!QQmlBoundSignalExpression::evaluate(void**)+0x31c"
07:26:04.469     #20  "Qt6Qml.dll!QQmlBoundSignalExpression::QQmlBoundSignalExpression(QObject const*, int, QQmlRefPointer<QQmlContextData> const&, QObject*, QV4::Function*, QV4::ExecutionContext*)+0x8f8"
07:26:04.469     #21  "Qt6Qml.dll!QQmlNotifier::emitNotify(QQmlNotifierEndpoint*, void**)+0x215"
07:26:04.469     #22  "Qt6Core.dll+0x3fcf21 (nearest export: z_adler32_combine64+0x6b141)"
07:26:04.469     #23  "Qt6Qml.dll!QQmlVMEMetaObject::metaCall(QObject*, QMetaObject::Call, int, void**)+0x436"
07:26:04.469     #24  "Qt6Qml.dll+0x348c0c (nearest export: QQmlLocale::registerStringLocaleCompare(QV4::ExecutionEngine*)+0x6493c)"
07:26:04.469     #25  "Qt6Qml.dll!QQmlBinding::doUpdate(QQmlJavaScriptExpression::DeleteWatcher const&, QFlags<QQmlPropertyData::WriteFlag>, QV4::Scope&)+0x19f"
07:26:04.469     #26  "Qt6Qml.dll!QQmlBinding::update(QFlags<QQmlPropertyData::WriteFlag>)+0x211"
07:26:04.469     #27  "Qt6Qml.dll!QQmlNotifier::emitNotify(QQmlNotifierEndpoint*, void**)+0x215"
07:26:04.469     #28  "Qt6Core.dll+0x3fcf21 (nearest export: z_adler32_combine64+0x6b141)"
07:26:04.469     #29  "cutpro_backend.dll!Backend::playingChanged()+0x2f"
07:26:04.469     #30  "cutpro_backend.dll!Backend::setPlaying(bool)+0x334"
07:26:04.469     #31  "cutpro_backend.dll+0x7d86 (nearest export: Backend::qt_static_metacall(QObject*, QMetaObject::Call, int, void**)+0x69c0)"
07:26:04.469     #32  "cutpro_backend.dll!Backend::qt_metacall(QMetaObject::Call, int, void**)+0xec"
07:26:04.469     #33  "Qt6Qml.dll+0x42a618 (nearest export: QQmlLocale::registerStringLocaleCompare(QV4::ExecutionEngine*)+0x146348)"
07:26:04.469     #34  "Qt6Qml.dll!QQmlPropertyPrivate::write(QObject*, QQmlPropertyData const&, QVariant const&, QQmlRefPointer<QQmlContextData> const&, QFlags<QQmlPropertyData::WriteFlag>)+0x8df"
07:26:04.469     #35  "Qt6Qml.dll+0x102c22 (nearest export: QV4::QObjectWrapper::setProperty(QV4::ExecutionEngine*, QObject*, QQmlPropertyData const*, QV4::Value const&)+0x13a2)"
07:26:04.469     #36  "Qt6Qml.dll!QV4::QObjectWrapper::setQmlProperty(QV4::ExecutionEngine*, QQmlRefPointer<QQmlContextData> const&, QObject*, QV4::String*, QFlags<QV4::QObjectWrapper::Flag>, QV4::Value const&)+0x11e"
07:26:04.469     #37  "Qt6Qml.dll!QV4::QQmlTypeWrapper::virtualPut(QV4::Managed*, QV4::PropertyKey, QV4::Value const&, QV4::Value*)+0x3db"
07:26:04.469     #38  "Qt6Qml.dll!QV4::Object::virtualResolveLookupSetter(QV4::Object*, QV4::ExecutionEngine*, QV4::Lookup*, QV4::Value const&)+0x168"
07:26:04.469     #39  "Qt6Qml.dll+0x162fb3 (nearest export: qt_v4DebuggerHook+0x4fc3)"
07:26:04.469     #40  "Qt6Qml.dll+0x165c9f (nearest export: qt_v4DebuggerHook+0x7caf)"
07:26:04.469     #41  "Qt6Qml.dll!QV4::ExecutableCompilationUnit::createNamedObjectsPerComponent(int)+0x82f"
07:26:04.469     #42  "Qt6Qml.dll!QV4::Function::call(QObject*, void**, QMetaType const*, int, QV4::ExecutionContext*)+0x293"
07:26:04.469     #43  "Qt6Qml.dll!QQmlJavaScriptExpression::evaluate(void**, QMetaType const*, int)+0x105"
07:26:04.469     #44  "Qt6Qml.dll!QQmlBoundSignalExpression::evaluate(void**)+0x31c"
07:26:04.469     #45  "Qt6Qml.dll!QQmlBoundSignalExpression::QQmlBoundSignalExpression(QObject const*, int, QQmlRefPointer<QQmlContextData> const&, QObject*, QV4::Function*, QV4::ExecutionContext*)+0x8f8"
07:26:04.469     #46  "Qt6Qml.dll!QQmlNotifier::emitNotify(QQmlNotifierEndpoint*, void**)+0x215"
07:26:04.469     #47  "Qt6Core.dll+0x3fcf21 (nearest export: z_adler32_combine64+0x6b141)"
07:26:07.246 GUI thread unresponsive for 414 ms, "stalled somewhere unmarked": "no marked scope"
07:26:10.742 playback: playing false -> true at playhead 12416 ms [+6349 ms] from MonitorPanel.qml:536 (startPlayback) <- MonitorPanel.qml:1889 (onClicked)
07:26:10.742 monitor: playing -> true at 12416
07:26:10.742 monitor: playback session at playhead 12416 clip clip_5096baccb1a2
07:26:10.742 playback: session.start At 4yo He Was At Genius, At 14 He Joined The Magic Academy And Broke Every Record Registered..mp4 at source 12416 ms, kind video [+0 ms] from MonitorPanel.qml:655 (startProcessPlayback) <- MonitorPanel.qml:978 (onPlayingChanged) <- MonitorPanel.qml:536 (startPlayback) <- MonitorPanel.qml:1889 (onClicked)
07:26:11.187 [mov,mp4,m4a,3gp,3g2,mj2 @ 000001b5db701940] st: 1 edit list: 1 Missing key frame while searching for timestamp: 0
07:26:11.188 [mov,mp4,m4a,3gp,3g2,mj2 @ 000001b5db701940] st: 1 edit list 1 Cannot find an index entry before timestamp: 0.
07:26:11.364 playback: playhead.jump 12416 -> 13038 ms (+622) [+616 ms] from MonitorPanel.qml:948 (onTriggered)
07:26:11.405 [h264 @ 000001b58cc8e9c0] Late SEI
07:26:11.405 [h264 @ 000001b58cc8e9c0]  is not implemented. Update your FFmpeg version to the newest one from Git. If the problem still occurs, it means that your file has a feature which has not been implemented.
07:26:11.405 [h264 @ 000001b58cc8e9c0] If you want to help, upload a sample of this file to https://streams.videolan.org/upload/ and contact the ffmpeg-devel mailing list. (ffmpeg-devel@ffmpeg.org)
07:26:11.699 preview playback: first frame after 946 ms, at source 12416 ms (requested 12416 ms)
07:26:11.699 playback: frame at source 12416 ms, advanced 0 ms of media in 7325 ms of wall clock
07:26:11.714 playback: playhead.jump 13338 -> 12416 ms (-922) [+350 ms] from MonitorPanel.qml:948 (onTriggered)
07:26:11.715 playback: playhead is 0 ms AHEAD of the picture (playhead 12416 ms, picture 12416 ms)
07:26:12.716 playback: playhead is 0 ms AHEAD of the picture (playhead 13416 ms, picture 13416 ms)
07:26:13.717 playback: playhead is 0 ms AHEAD of the picture (playhead 14416 ms, picture 14416 ms)
07:26:14.718 playback: playhead is 0 ms AHEAD of the picture (playhead 15416 ms, picture 15416 ms)
07:26:15.765 playback: playhead is 0 ms AHEAD of the picture (playhead 16450 ms, picture 16450 ms)
07:26:16.338 [h264 @ 000001b58cc8e9c0] Late SEI
07:26:16.338 [h264 @ 000001b58cc8e9c0]  is not implemented. Update your FFmpeg version to the newest one from Git. If the problem still occurs, it means that your file has a feature which has not been implemented.
07:26:16.338 [h264 @ 000001b58cc8e9c0] If you want to help, upload a sample of this file to https://streams.videolan.org/upload/ and contact the ffmpeg-devel mailing list. (ffmpeg-devel@ffmpeg.org)
07:26:16.815 playback: playhead is 0 ms AHEAD of the picture (playhead 17516 ms, picture 17516 ms)
07:26:17.254 playback: playing true -> false at playhead 17916 ms [+5539 ms] from MonitorPanel.qml:1887 (onClicked)
07:26:17.254 monitor: playing -> false at 17916
07:26:17.255 playback: session.stop decoder running, picture at 17950 ms [+1 ms] from MonitorPanel.qml:1006 (onPlayingChanged) <- MonitorPanel.qml:1887 (onClicked)
07:26:17.761 playback: playing false -> true at playhead 17950 ms [+510 ms] from MonitorPanel.qml:536 (startPlayback) <- MonitorPanel.qml:1889 (onClicked)
07:26:17.761 monitor: playing -> true at 17950
07:26:17.761 monitor: playback session at playhead 17950 clip clip_5096baccb1a2
07:26:17.766 playback: session.start At 4yo He Was At Genius, At 14 He Joined The Magic Academy And Broke Every Record Registered..mp4 at source 17950 ms, kind video [+0 ms] from MonitorPanel.qml:655 (startProcessPlayback) <- MonitorPanel.qml:978 (onPlayingChanged) <- MonitorPanel.qml:536 (startPlayback) <- MonitorPanel.qml:1889 (onClicked)
07:26:18.197 [mov,mp4,m4a,3gp,3g2,mj2 @ 000001b5db701940] st: 1 edit list: 1 Missing key frame while searching for timestamp: 0
07:26:18.198 [mov,mp4,m4a,3gp,3g2,mj2 @ 000001b5db701940] st: 1 edit list 1 Cannot find an index entry before timestamp: 0.
07:26:18.369 [h264 @ 000001b58cc8d740] Late SEI
07:26:18.369 [h264 @ 000001b58cc8d740]  is not implemented. Update your FFmpeg version to the newest one from Git. If the problem still occurs, it means that your file has a feature which has not been implemented.
07:26:18.369 [h264 @ 000001b58cc8d740] If you want to help, upload a sample of this file to https://streams.videolan.org/upload/ and contact the ffmpeg-devel mailing list. (ffmpeg-devel@ffmpeg.org)
07:26:18.372 playback: playhead.jump 17950 -> 18560 ms (+610) [+606 ms] from MonitorPanel.qml:948 (onTriggered)
07:26:18.412 playback: playing true -> false at playhead 18560 ms [+39 ms] from MonitorPanel.qml:1887 (onClicked)
07:26:18.412 monitor: playing -> false at 18560
07:26:18.412 playback: session.stop decoder running, picture at -1 ms [+0 ms] from MonitorPanel.qml:1006 (onPlayingChanged) <- MonitorPanel.qml:1887 (onClicked)
07:26:19.100 playback: playing false -> true at playhead 18560 ms [+687 ms] from MonitorPanel.qml:536 (startPlayback) <- MonitorPanel.qml:1889 (onClicked)
07:26:19.100 monitor: playing -> true at 18560
07:26:19.100 monitor: playback session at playhead 18560 clip clip_5096baccb1a2
07:26:19.100 playback: session.start At 4yo He Was At Genius, At 14 He Joined The Magic Academy And Broke Every Record Registered..mp4 at source 18560 ms, kind video [+0 ms] from MonitorPanel.qml:655 (startProcessPlayback) <- MonitorPanel.qml:978 (onPlayingChanged) <- MonitorPanel.qml:536 (startPlayback) <- MonitorPanel.qml:1889 (onClicked)
07:26:19.507 [mov,mp4,m4a,3gp,3g2,mj2 @ 000001b5db7026c0] st: 1 edit list: 1 Missing key frame while searching for timestamp: 0
07:26:19.508 [mov,mp4,m4a,3gp,3g2,mj2 @ 000001b5db7026c0] st: 1 edit list 1 Cannot find an index entry before timestamp: 0.
07:26:19.642 [h264 @ 000001b58cc8d000] Late SEI
07:26:19.642 [h264 @ 000001b58cc8d000]  is not implemented. Update your FFmpeg version to the newest one from Git. If the problem still occurs, it means that your file has a feature which has not been implemented.
07:26:19.642 [h264 @ 000001b58cc8d000] If you want to help, upload a sample of this file to https://streams.videolan.org/upload/ and contact the ffmpeg-devel mailing list. (ffmpeg-devel@ffmpeg.org)
07:26:19.705 playback: playhead.jump 18560 -> 19165 ms (+605) [+605 ms] from MonitorPanel.qml:948 (onTriggered)
07:26:19.836 preview playback: first frame after 734 ms, at source 18566 ms (requested 18560 ms)
07:26:19.836 playback: frame at source 18566 ms, advanced 616 ms of media in 2603 ms of wall clock
07:26:19.855 playback: playhead.jump 19266 -> 18566 ms (-700) [+149 ms] from MonitorPanel.qml:948 (onTriggered)
07:26:19.857 playback: playhead is 0 ms AHEAD of the picture (playhead 18566 ms, picture 18566 ms)
07:26:20.696 playback: playing true -> false at playhead 19366 ms [+839 ms] from MonitorPanel.qml:1887 (onClicked)
07:26:20.696 monitor: playing -> false at 19366
07:26:20.696 playback: session.stop decoder running, picture at 19400 ms [+0 ms] from MonitorPanel.qml:1006 (onPlayingChanged) <- MonitorPanel.qml:1887 (onClicked)
07:26:27.770 playback: session.stop decoder idle, picture at 19400 ms [+7073 ms] from MonitorPanel.qml:1079 (onDestruction)
07:26:45.592 QWaitCondition: Destroyed while threads are still waiting
