19:23:41.376 GUI turn monitor on, budget 20 ms - every event-loop turn longer than this is reported with its marked scope (CUTPRO_TURN_BUDGET_MS=0 turns it off)
19:23:41.418 CrashReporterHost: watching pid 11020 from pid 27360 | reports -> C:/Users/USER/AppData/Local/Antigravity/Cut Pro/crash-reports
19:23:41.433 Cut Pro: native C++/Qt backend, coreVersion = 0.1.2 | built = Aug 31 2026 19:23:03 | executable = C:/premier-pro/python-app/dist/Cut Pro 2026/cutpro.exe
19:23:41.825 GUI thread unresponsive for 449 ms, "wedged in": "QQmlApplicationEngine::load(qrc:/qml/main.qml)"
19:23:42.279 GUI thread unresponsive for 903 ms, "wedged in": "QQmlApplicationEngine::load(qrc:/qml/main.qml)"
19:23:42.323   GUI thread backtrace, innermost first (14 frames):
19:23:42.323     #0  "ntdll.dll!NtWaitForSingleObject+0x14"
19:23:42.323     #1  "KERNELBASE.dll!WaitForSingleObjectEx+0xaf"
19:23:42.323     #2  "Qt6Core.dll!QWaitCondition::wait(QMutex*, QDeadlineTimer)+0x9a"
19:23:42.323     #3  "Qt6Qml.dll+0x2afd89 (nearest export: QQmlJS::Parser::parse(int)+0x137a9)"
19:23:42.323     #4  "Qt6Qml.dll!QQmlTypeLoader::loadThread(QQmlRefPointer<QQmlDataBlob> const&)+0x6d6"
19:23:42.323     #5  "Qt6Qml.dll!QQmlTypeLoader::getType(QUrl const&, QQmlTypeLoader::Mode)+0x22b"
19:23:42.323     #6  "Qt6Qml.dll!QQmlComponentPrivate::loadUrl(QUrl const&, QQmlComponent::CompilationMode)+0x1a4"
19:23:42.323     #7  "Qt6Qml.dll!QQmlApplicationEnginePrivate::startLoad(QUrl const&, QByteArray const&, bool)+0x93"
19:23:42.323     #8  "Qt6Qml.dll!QQmlApplicationEngine::load(QUrl const&)+0x3d"
19:23:42.323     #9  "cutpro.exe+0x2d8e"
19:23:42.323     #10  "cutpro.exe+0x12ef"
19:23:42.323     #11  "cutpro.exe+0x1406"
19:23:42.323     #12  "KERNEL32.DLL!BaseThreadInitThunk+0x17"
19:23:42.323     #13  "ntdll.dll!RtlUserThreadStart+0x2c"
19:23:42.994 Using Qt multimedia with FFmpeg version 7.1.3 LGPL version 2.1 or later
19:23:43.204 GUI thread unresponsive for 1828 ms, "wedged in": "QQmlApplicationEngine::load(qrc:/qml/main.qml)"
19:23:43.224   GUI thread backtrace, innermost first (48 frames):
19:23:43.224     #0  "ntdll.dll!NtTraceControl+0x14"
19:23:43.224     #1  "ntdll.dll!RtlNtStatusToDosError+0x7f2"
19:23:43.224     #2  "ntdll.dll!EtwNotificationRegister+0x161"
19:23:43.224     #3  "ntdll.dll!EtwEventRegister+0x23"
19:23:43.224     #4  "wintypes.dll+0x40278"
19:23:43.224     #5  "wintypes.dll+0x40165"
19:23:43.224     #6  "wintypes.dll+0x4fa66"
19:23:43.224     #7  "ntdll.dll+0x11eada (nearest export: RtlIsCriticalSectionLocked+0x516a)"
19:23:43.224     #8  "ntdll.dll+0x10c33 (nearest export: RtlRaiseException+0x1533)"
19:23:43.224     #9  "ntdll.dll!RtlDeleteElementGenericTableAvlEx+0x4fc"
19:23:43.225     #10  "ntdll.dll!LdrGetProcedureAddressForCaller+0xb2a"
19:23:43.225     #11  "ntdll.dll!LdrGetProcedureAddressForCaller+0xb56"
19:23:43.225     #12  "ntdll.dll!LdrUnloadDll+0xe4b"
19:23:43.225     #13  "ntdll.dll!LdrGetDllHandleEx+0xca4"
19:23:43.225     #14  "ntdll.dll+0x20436 (nearest export: LdrGetDllHandleEx+0x1226)"
19:23:43.225     #15  "ntdll.dll!RtlImageDirectoryEntryToData+0x383"
19:23:43.225     #16  "ntdll.dll!LdrResolveDelayLoadedAPI+0x18d"
19:23:43.225     #17  "textinputframework.dll+0x68972"
19:23:43.225     #18  "textinputframework.dll+0x863ab"
19:23:43.225     #19  "textinputframework.dll+0x1d566"
19:23:43.225     #20  "textinputframework.dll+0x667bc"
19:23:43.225     #21  "textinputframework.dll+0x666c2"
19:23:43.225     #22  "MSCTF.dll+0x631db (nearest export: TF_GetThreadFlags+0x407b)"
19:23:43.225     #23  "MSCTF.dll+0x9c279 (nearest export: TF_InitSystem+0x50a9)"
19:23:43.225     #24  "textinputframework.dll+0x315b5"
19:23:43.226     #25  "textinputframework.dll+0x82de2"
19:23:43.226     #26  "MSCTF.dll+0x9eb6a (nearest export: TF_InitSystem+0x799a)"
19:23:43.226     #27  "MSCTF.dll+0x54569 (nearest export: TF_CreateCicLoadWinStaMutex+0x9819)"
19:23:43.226     #28  "MSCTF.dll+0xa4d8 (nearest export: TF_GetAppCompatFlags+0x2d88)"
19:23:43.226     #29  "MSCTF.dll+0x13ce5 (nearest export: CtfImeAssociateFocus+0x1065)"
19:23:43.226     #30  "MSCTF.dll!CtfImeAssociateFocus+0x68"
19:23:43.226     #31  "IMM32.DLL!ImmSetActiveContext+0xbe"
19:23:43.226     #32  "USER32.dll!GetAppCompatFlags+0xbc"
19:23:43.226     #33  "USER32.dll!GetCapture+0x6fd"
19:23:43.226     #34  "USER32.dll!GetCapture+0x2b0"
19:23:43.227     #35  "USER32.dll!GetCapture+0x136"
19:23:43.227     #36  "USER32.dll!CallWindowProcW+0x6a6"
19:23:43.227     #37  "USER32.dll+0x14b4c (nearest export: GetFocus+0x1e3c)"
19:23:43.227     #38  "USER32.dll!GetWindowDpiAwarenessContext+0x4d3"
19:23:43.227     #39  "ntdll.dll!KiUserCallbackDispatcher+0x24"
19:23:43.227     #40  "win32u.dll!NtUserMessageCall+0x14"
19:23:43.227     #41  "USER32.dll!IsWindowEnabled+0x60b"
19:23:43.227     #42  "USER32.dll+0x179de (nearest export: SendMessageW+0x12de)"
19:23:43.227     #43  "qwindows.dll+0x7c01 (nearest export: qt_plugin_instance+0x5f61)"
19:23:43.227     #44  "USER32.dll!CallWindowProcW+0x6a6"
19:23:43.227     #45  "USER32.dll+0x14b4c (nearest export: GetFocus+0x1e3c)"
19:23:43.227     #46  "USER32.dll!GetWindowDpiAwarenessContext+0x4d3"
19:23:43.227     #47  "ntdll.dll!KiUserCallbackDispatcher+0x24"
19:23:43.451 GUI turn 21 ms (budget 20 ms, ~0 frames of 30 fps lost): "no marked scope"""
19:23:55.409 [mov,mp4,m4a,3gp,3g2,mj2 @ 000001ae418f7600] st: 1 edit list: 1 Missing key frame while searching for timestamp: 0
19:23:55.409 [mov,mp4,m4a,3gp,3g2,mj2 @ 000001ae418f7600] st: 1 edit list 1 Cannot find an index entry before timestamp: 0.
19:23:56.553 monitor: source key  -> clip_39bb1db31fe8|D:/capcut/At 4yo He Was At Genius, At 14 He Joined The Magic Academy And Broke Every Record Registered..mp4|video|0|0|35744891|
19:23:56.554 playback: session.stop decoder idle, picture at -1 ms from MonitorPanel.qml:1061 (onActiveSourceKeyChanged) <- TimelinePanel.qml:1739
19:23:56.739 [mov,mp4,m4a,3gp,3g2,mj2 @ 000001ae418f8640] st: 1 edit list: 1 Missing key frame while searching for timestamp: 0
19:23:56.740 [mov,mp4,m4a,3gp,3g2,mj2 @ 000001ae418f8640] st: 1 edit list 1 Cannot find an index entry before timestamp: 0.
19:23:57.061 [mov,mp4,m4a,3gp,3g2,mj2 @ 000001ae418f7340] st: 1 edit list: 1 Missing key frame while searching for timestamp: 0
19:23:57.061 [mov,mp4,m4a,3gp,3g2,mj2 @ 000001ae418f7340] st: 1 edit list 1 Cannot find an index entry before timestamp: 0.
19:23:57.067 [mov,mp4,m4a,3gp,3g2,mj2 @ 000001ae418f70c0] st: 1 edit list: 1 Missing key frame while searching for timestamp: 0
19:23:57.067 [mov,mp4,m4a,3gp,3g2,mj2 @ 000001ae418f70c0] st: 1 edit list 1 Cannot find an index entry before timestamp: 0.
19:23:57.686 playback: playing false -> true at playhead 0 ms [+1131 ms] from MonitorPanel.qml:545 (startPlayback) <- MonitorPanel.qml:1897 (onClicked)
19:23:57.686 monitor: playing -> true at 0
19:23:57.686 monitor: playback session at playhead 0 clip clip_39bb1db31fe8
19:23:57.687 playback: session.start At 4yo He Was At Genius, At 14 He Joined The Magic Academy And Broke Every Record Registered..mp4 at source 0 ms, kind video [+1 ms] from MonitorPanel.qml:664 (startProcessPlayback) <- MonitorPanel.qml:986 (onPlayingChanged) <- MonitorPanel.qml:545 (startPlayback) <- MonitorPanel.qml:1897 (onClicked)
19:23:58.042 [mov,mp4,m4a,3gp,3g2,mj2 @ 000001ae418f7600] st: 1 edit list: 1 Missing key frame while searching for timestamp: 0
19:23:58.042 [mov,mp4,m4a,3gp,3g2,mj2 @ 000001ae418f7600] st: 1 edit list 1 Cannot find an index entry before timestamp: 0.
19:23:58.212 [h264 @ 000001ae49290d40] Late SEI
19:23:58.212 [h264 @ 000001ae49290d40]  is not implemented. Update your FFmpeg version to the newest one from Git. If the problem still occurs, it means that your file has a feature which has not been implemented.
19:23:58.212 [h264 @ 000001ae49290d40] If you want to help, upload a sample of this file to https://streams.videolan.org/upload/ and contact the ffmpeg-devel mailing list. (ffmpeg-devel@ffmpeg.org)
19:23:58.280 preview playback: first frame after 591 ms, at source 0 ms (requested 0 ms)
19:23:58.280 playback: frame at source 0 ms, advanced 0 ms of media in -1 ms of wall clock
19:23:58.298 playback: playhead is 0 ms AHEAD of the picture (playhead 0 ms, picture 0 ms)
19:23:58.533 preview cost: frame is 14 ms against a 9 ms budget at 60 fps - lowering the preview to 1552 px
19:23:58.667 preview cost: frame is 15 ms against a 9 ms budget at 60 fps - lowering the preview to 1216 px
19:23:58.793 preview cost: frame is 14 ms against a 9 ms budget at 60 fps - lowering the preview to 998 px
19:23:58.896 playback: playing true -> false at playhead 566 ms [+1208 ms] from MonitorPanel.qml:1895 (onClicked)
19:23:58.896 monitor: playing -> false at 566
19:23:58.897 playback: session.stop decoder running, picture at 600 ms [+0 ms] from MonitorPanel.qml:1014 (onPlayingChanged) <- MonitorPanel.qml:1895 (onClicked)
19:24:00.577 playback: playing false -> true at playhead 600 ms [+1680 ms] from MonitorPanel.qml:545 (startPlayback) <- MonitorPanel.qml:1897 (onClicked)
19:24:00.577 monitor: playing -> true at 600
19:24:00.577 monitor: playback session at playhead 600 clip clip_39bb1db31fe8
19:24:00.577 playback: session.start At 4yo He Was At Genius, At 14 He Joined The Magic Academy And Broke Every Record Registered..mp4 at source 600 ms, kind video [+0 ms] from MonitorPanel.qml:664 (startProcessPlayback) <- MonitorPanel.qml:986 (onPlayingChanged) <- MonitorPanel.qml:545 (startPlayback) <- MonitorPanel.qml:1897 (onClicked)
19:24:00.885 [mov,mp4,m4a,3gp,3g2,mj2 @ 000001ae418f6e00] st: 1 edit list: 1 Missing key frame while searching for timestamp: 0
19:24:00.885 [mov,mp4,m4a,3gp,3g2,mj2 @ 000001ae418f6e00] st: 1 edit list 1 Cannot find an index entry before timestamp: 0.
19:24:00.988 [h264 @ 000001ae2e338400] Late SEI
19:24:00.989 [h264 @ 000001ae2e338400]  is not implemented. Update your FFmpeg version to the newest one from Git. If the problem still occurs, it means that your file has a feature which has not been implemented.
19:24:00.989 [h264 @ 000001ae2e338400] If you want to help, upload a sample of this file to https://streams.videolan.org/upload/ and contact the ffmpeg-devel mailing list. (ffmpeg-devel@ffmpeg.org)
19:24:01.111 preview playback: first frame after 531 ms, at source 600 ms (requested 600 ms)
19:24:01.111 playback: frame at source 600 ms, advanced 0 ms of media in 2229 ms of wall clock
19:24:01.136 preview cost: frame is 12 ms and the picture is already at 960 px - pacing the preview at 30 fps instead of 60
19:24:01.141 playback: playhead is 0 ms AHEAD of the picture (playhead 616 ms, picture 616 ms)
19:24:02.150 playback: playhead is 0 ms AHEAD of the picture (playhead 1633 ms, picture 1633 ms)
19:24:02.500 playback: playhead.jump 1783 -> 1983 ms (+200) [+1921 ms] from MonitorPanel.qml:956 (onTriggered)
19:24:03.183 playback: playhead is 0 ms AHEAD of the picture (playhead 2666 ms, picture 2666 ms)
19:24:04.250 playback: playhead is 0 ms AHEAD of the picture (playhead 3699 ms, picture 3699 ms)
19:24:05.288 playback: playhead is 0 ms AHEAD of the picture (playhead 4766 ms, picture 4766 ms)
19:24:05.612 playback: playing true -> false at playhead 5033 ms [+3112 ms] from MonitorPanel.qml:1895 (onClicked)
19:24:05.613 monitor: playing -> false at 5033
19:24:05.614 playback: session.stop decoder running, picture at 5100 ms [+1 ms] from MonitorPanel.qml:1014 (onPlayingChanged) <- MonitorPanel.qml:1895 (onClicked)
19:24:06.528 playback: playing false -> true at playhead 5100 ms [+914 ms] from MonitorPanel.qml:545 (startPlayback) <- MonitorPanel.qml:1897 (onClicked)
19:24:06.528 monitor: playing -> true at 5100
19:24:06.528 monitor: playback session at playhead 5100 clip clip_39bb1db31fe8
19:24:06.529 playback: session.start At 4yo He Was At Genius, At 14 He Joined The Magic Academy And Broke Every Record Registered..mp4 at source 5100 ms, kind video [+0 ms] from MonitorPanel.qml:664 (startProcessPlayback) <- MonitorPanel.qml:986 (onPlayingChanged) <- MonitorPanel.qml:545 (startPlayback) <- MonitorPanel.qml:1897 (onClicked)
19:24:06.836 [mov,mp4,m4a,3gp,3g2,mj2 @ 000001ae418f6e00] st: 1 edit list: 1 Missing key frame while searching for timestamp: 0
19:24:06.836 [mov,mp4,m4a,3gp,3g2,mj2 @ 000001ae418f6e00] st: 1 edit list 1 Cannot find an index entry before timestamp: 0.
19:24:06.954 [h264 @ 000001ae7f279e40] Late SEI
19:24:06.955 [h264 @ 000001ae7f279e40]  is not implemented. Update your FFmpeg version to the newest one from Git. If the problem still occurs, it means that your file has a feature which has not been implemented.
19:24:06.955 [h264 @ 000001ae7f279e40] If you want to help, upload a sample of this file to https://streams.videolan.org/upload/ and contact the ffmpeg-devel mailing list. (ffmpeg-devel@ffmpeg.org)
19:24:07.131 playback: playhead.jump 5100 -> 5703 ms (+603) [+601 ms] from MonitorPanel.qml:956 (onTriggered)
19:24:07.576 preview playback: first frame after 1044 ms, at source 5100 ms (requested 5100 ms)
19:24:07.577 playback: frame at source 5100 ms, advanced 0 ms of media in 1963 ms of wall clock
19:24:07.583 playback: playhead.jump 6108 -> 5100 ms (-1008) [+452 ms] from MonitorPanel.qml:956 (onTriggered)
19:24:07.587 playback: playhead is 0 ms AHEAD of the picture (playhead 5100 ms, picture 5100 ms)
19:24:07.877 [h264 @ 000001ae7f279e40] Late SEI
19:24:07.877 [h264 @ 000001ae7f279e40]  is not implemented. Update your FFmpeg version to the newest one from Git. If the problem still occurs, it means that your file has a feature which has not been implemented.
19:24:07.877 [h264 @ 000001ae7f279e40] If you want to help, upload a sample of this file to https://streams.videolan.org/upload/ and contact the ffmpeg-devel mailing list. (ffmpeg-devel@ffmpeg.org)
19:24:08.600 playback: playhead is 0 ms AHEAD of the picture (playhead 6100 ms, picture 6100 ms)
19:24:09.605 playback: playhead is 0 ms AHEAD of the picture (playhead 7100 ms, picture 7100 ms)
19:24:09.842 playback: playing true -> false at playhead 7300 ms [+2258 ms] from MonitorPanel.qml:1895 (onClicked)
19:24:09.843 monitor: playing -> false at 7300
19:24:09.844 playback: session.stop decoder running, picture at 7366 ms [+1 ms] from MonitorPanel.qml:1014 (onPlayingChanged) <- MonitorPanel.qml:1895 (onClicked)
19:24:10.736 playback: playing false -> true at playhead 7366 ms [+891 ms] from MonitorPanel.qml:545 (startPlayback) <- MonitorPanel.qml:1897 (onClicked)
19:24:10.736 monitor: playing -> true at 7366
19:24:10.736 monitor: playback session at playhead 7366 clip clip_39bb1db31fe8
19:24:10.736 playback: session.start At 4yo He Was At Genius, At 14 He Joined The Magic Academy And Broke Every Record Registered..mp4 at source 7366 ms, kind video [+0 ms] from MonitorPanel.qml:664 (startProcessPlayback) <- MonitorPanel.qml:986 (onPlayingChanged) <- MonitorPanel.qml:545 (startPlayback) <- MonitorPanel.qml:1897 (onClicked)
19:24:11.095 [mov,mp4,m4a,3gp,3g2,mj2 @ 000001ae418f80c0] st: 1 edit list: 1 Missing key frame while searching for timestamp: 0
19:24:11.096 [mov,mp4,m4a,3gp,3g2,mj2 @ 000001ae418f80c0] st: 1 edit list 1 Cannot find an index entry before timestamp: 0.
19:24:11.199 [h264 @ 000001ae42180a40] Late SEI
19:24:11.200 [h264 @ 000001ae42180a40]  is not implemented. Update your FFmpeg version to the newest one from Git. If the problem still occurs, it means that your file has a feature which has not been implemented.
19:24:11.200 [h264 @ 000001ae42180a40] If you want to help, upload a sample of this file to https://streams.videolan.org/upload/ and contact the ffmpeg-devel mailing list. (ffmpeg-devel@ffmpeg.org)
19:24:11.340 playback: playhead.jump 7366 -> 7970 ms (+604) [+604 ms] from MonitorPanel.qml:956 (onTriggered)
19:24:11.533 preview playback: first frame after 797 ms, at source 7366 ms (requested 7366 ms)
19:24:11.533 playback: frame at source 7366 ms, advanced 0 ms of media in 1690 ms of wall clock
19:24:11.542 playback: playhead.jump 8120 -> 7366 ms (-754) [+200 ms] from MonitorPanel.qml:956 (onTriggered)
19:24:11.544 playback: playhead is 0 ms AHEAD of the picture (playhead 7366 ms, picture 7366 ms)
19:24:12.029 playback: playing true -> false at playhead 7800 ms [+487 ms] from MonitorPanel.qml:1895 (onClicked)
19:24:12.029 monitor: playing -> false at 7800
19:24:12.029 playback: session.stop decoder running, picture at 7833 ms [+0 ms] from MonitorPanel.qml:1014 (onPlayingChanged) <- MonitorPanel.qml:1895 (onClicked)
19:24:12.850 playback: playing false -> true at playhead 7833 ms [+820 ms] from MonitorPanel.qml:545 (startPlayback) <- MonitorPanel.qml:1897 (onClicked)
19:24:12.850 monitor: playing -> true at 7833
19:24:12.850 monitor: playback session at playhead 7833 clip clip_39bb1db31fe8
19:24:12.850 playback: session.start At 4yo He Was At Genius, At 14 He Joined The Magic Academy And Broke Every Record Registered..mp4 at source 7833 ms, kind video [+0 ms] from MonitorPanel.qml:664 (startProcessPlayback) <- MonitorPanel.qml:986 (onPlayingChanged) <- MonitorPanel.qml:545 (startPlayback) <- MonitorPanel.qml:1897 (onClicked)
19:24:13.168 [mov,mp4,m4a,3gp,3g2,mj2 @ 000001ae418f7e00] st: 1 edit list: 1 Missing key frame while searching for timestamp: 0
19:24:13.168 [mov,mp4,m4a,3gp,3g2,mj2 @ 000001ae418f7e00] st: 1 edit list 1 Cannot find an index entry before timestamp: 0.
19:24:13.296 [h264 @ 000001ae554d4e40] Late SEI
19:24:13.296 [h264 @ 000001ae554d4e40]  is not implemented. Update your FFmpeg version to the newest one from Git. If the problem still occurs, it means that your file has a feature which has not been implemented.
19:24:13.296 [h264 @ 000001ae554d4e40] If you want to help, upload a sample of this file to https://streams.videolan.org/upload/ and contact the ffmpeg-devel mailing list. (ffmpeg-devel@ffmpeg.org)
19:24:13.498 playback: playhead.jump 7833 -> 8481 ms (+648) [+647 ms] from MonitorPanel.qml:956 (onTriggered)
19:24:13.662 preview playback: first frame after 810 ms, at source 7833 ms (requested 7833 ms)
19:24:13.662 playback: frame at source 7833 ms, advanced 0 ms of media in 1660 ms of wall clock
19:24:13.698 playback: playhead.jump 8631 -> 7833 ms (-798) [+199 ms] from MonitorPanel.qml:956 (onTriggered)
19:24:13.700 playback: playhead is 0 ms AHEAD of the picture (playhead 7833 ms, picture 7833 ms)
19:24:14.418 playback: playing true -> false at playhead 8533 ms [+720 ms] from MonitorPanel.qml:1895 (onClicked)
19:24:14.419 monitor: playing -> false at 8533
19:24:14.419 playback: session.stop decoder running, picture at 8566 ms [+0 ms] from MonitorPanel.qml:1014 (onPlayingChanged) <- MonitorPanel.qml:1895 (onClicked)
19:24:15.533 playback: playing false -> true at playhead 8566 ms [+1113 ms] from MonitorPanel.qml:545 (startPlayback) <- MonitorPanel.qml:1897 (onClicked)
19:24:15.534 monitor: playing -> true at 8566
19:24:15.534 monitor: playback session at playhead 8566 clip clip_39bb1db31fe8
19:24:15.534 playback: session.start At 4yo He Was At Genius, At 14 He Joined The Magic Academy And Broke Every Record Registered..mp4 at source 8566 ms, kind video [+0 ms] from MonitorPanel.qml:664 (startProcessPlayback) <- MonitorPanel.qml:986 (onPlayingChanged) <- MonitorPanel.qml:545 (startPlayback) <- MonitorPanel.qml:1897 (onClicked)
19:24:15.860 [mov,mp4,m4a,3gp,3g2,mj2 @ 000001ae418f7600] st: 1 edit list: 1 Missing key frame while searching for timestamp: 0
19:24:15.860 [mov,mp4,m4a,3gp,3g2,mj2 @ 000001ae418f7600] st: 1 edit list 1 Cannot find an index entry before timestamp: 0.
19:24:15.990 [h264 @ 000001ae49001900] Late SEI
19:24:15.990 [h264 @ 000001ae49001900]  is not implemented. Update your FFmpeg version to the newest one from Git. If the problem still occurs, it means that your file has a feature which has not been implemented.
19:24:15.990 [h264 @ 000001ae49001900] If you want to help, upload a sample of this file to https://streams.videolan.org/upload/ and contact the ffmpeg-devel mailing list. (ffmpeg-devel@ffmpeg.org)
19:24:16.139 playback: playhead.jump 8566 -> 9171 ms (+605) [+605 ms] from MonitorPanel.qml:956 (onTriggered)
19:24:16.472 preview playback: first frame after 935 ms, at source 8566 ms (requested 8566 ms)
19:24:16.472 playback: frame at source 8566 ms, advanced 0 ms of media in 2074 ms of wall clock
19:24:16.493 playback: playhead.jump 9471 -> 8566 ms (-905) [+353 ms] from MonitorPanel.qml:956 (onTriggered)
19:24:16.495 playback: playhead is 0 ms AHEAD of the picture (playhead 8566 ms, picture 8566 ms)
19:24:17.350 playback: playing true -> false at playhead 9366 ms [+856 ms] from MonitorPanel.qml:1895 (onClicked)
19:24:17.350 monitor: playing -> false at 9366
19:24:17.351 playback: session.stop decoder running, picture at 9433 ms [+1 ms] from MonitorPanel.qml:1014 (onPlayingChanged) <- MonitorPanel.qml:1895 (onClicked)
19:24:20.962 playback: playing false -> true at playhead 9433 ms [+3611 ms] from MonitorPanel.qml:545 (startPlayback) <- MonitorPanel.qml:1897 (onClicked)
19:24:20.962 monitor: playing -> true at 9433
19:24:20.962 monitor: playback session at playhead 9433 clip clip_39bb1db31fe8
19:24:20.963 playback: session.start At 4yo He Was At Genius, At 14 He Joined The Magic Academy And Broke Every Record Registered..mp4 at source 9433 ms, kind video [+0 ms] from MonitorPanel.qml:664 (startProcessPlayback) <- MonitorPanel.qml:986 (onPlayingChanged) <- MonitorPanel.qml:545 (startPlayback) <- MonitorPanel.qml:1897 (onClicked)
19:24:21.338 [mov,mp4,m4a,3gp,3g2,mj2 @ 000001ae418f7b80] st: 1 edit list: 1 Missing key frame while searching for timestamp: 0
19:24:21.338 [mov,mp4,m4a,3gp,3g2,mj2 @ 000001ae418f7b80] st: 1 edit list 1 Cannot find an index entry before timestamp: 0.
19:24:21.476 [h264 @ 000001ae4183bfc0] Late SEI
19:24:21.476 [h264 @ 000001ae4183bfc0]  is not implemented. Update your FFmpeg version to the newest one from Git. If the problem still occurs, it means that your file has a feature which has not been implemented.
19:24:21.476 [h264 @ 000001ae4183bfc0] If you want to help, upload a sample of this file to https://streams.videolan.org/upload/ and contact the ffmpeg-devel mailing list. (ffmpeg-devel@ffmpeg.org)
19:24:21.580 playback: playhead.jump 9433 -> 10049 ms (+616) [+616 ms] from MonitorPanel.qml:956 (onTriggered)
19:24:22.077 preview playback: first frame after 1111 ms, at source 9433 ms (requested 9433 ms)
19:24:22.077 playback: frame at source 9433 ms, advanced 0 ms of media in 4738 ms of wall clock
19:24:22.084 playback: playhead.jump 10504 -> 9433 ms (-1071) [+504 ms] from MonitorPanel.qml:956 (onTriggered)
19:24:22.087 playback: playhead is 0 ms AHEAD of the picture (playhead 9433 ms, picture 9433 ms)
19:24:23.054 playback: playing true -> false at playhead 10366 ms [+970 ms] from MonitorPanel.qml:1895 (onClicked)
19:24:23.055 monitor: playing -> false at 10366
19:24:23.055 playback: session.stop decoder running, picture at 10400 ms [+1 ms] from MonitorPanel.qml:1014 (onPlayingChanged) <- MonitorPanel.qml:1895 (onClicked)
19:24:29.575 playback: playing false -> true at playhead 10400 ms [+6520 ms] from MonitorPanel.qml:545 (startPlayback) <- MonitorPanel.qml:1897 (onClicked)
19:24:29.576 monitor: playing -> true at 10400
19:24:29.576 monitor: playback session at playhead 10400 clip clip_39bb1db31fe8
19:24:29.576 playback: session.start At 4yo He Was At Genius, At 14 He Joined The Magic Academy And Broke Every Record Registered..mp4 at source 10400 ms, kind video [+1 ms] from MonitorPanel.qml:664 (startProcessPlayback) <- MonitorPanel.qml:986 (onPlayingChanged) <- MonitorPanel.qml:545 (startPlayback) <- MonitorPanel.qml:1897 (onClicked)
19:24:29.993 [mov,mp4,m4a,3gp,3g2,mj2 @ 000001ae418f6e00] st: 1 edit list: 1 Missing key frame while searching for timestamp: 0
19:24:29.993 [mov,mp4,m4a,3gp,3g2,mj2 @ 000001ae418f6e00] st: 1 edit list 1 Cannot find an index entry before timestamp: 0.
19:24:30.104 [h264 @ 000001ae49260180] Late SEI
19:24:30.106 [h264 @ 000001ae49260180]  is not implemented. Update your FFmpeg version to the newest one from Git. If the problem still occurs, it means that your file has a feature which has not been implemented.
19:24:30.106 [h264 @ 000001ae49260180] If you want to help, upload a sample of this file to https://streams.videolan.org/upload/ and contact the ffmpeg-devel mailing list. (ffmpeg-devel@ffmpeg.org)
19:24:30.189 playback: playhead.jump 10400 -> 11013 ms (+613) [+612 ms] from MonitorPanel.qml:956 (onTriggered)
19:24:30.538 preview playback: first frame after 959 ms, at source 10400 ms (requested 10400 ms)
19:24:30.538 playback: frame at source 10400 ms, advanced 0 ms of media in 7492 ms of wall clock
19:24:30.543 playback: playhead.jump 11312 -> 10400 ms (-912) [+353 ms] from MonitorPanel.qml:956 (onTriggered)
19:24:30.545 playback: playhead is 0 ms AHEAD of the picture (playhead 10400 ms, picture 10400 ms)
19:24:31.407 [h264 @ 000001ae4224af40] Late SEI
19:24:31.407 [h264 @ 000001ae4224af40]  is not implemented. Update your FFmpeg version to the newest one from Git. If the problem still occurs, it means that your file has a feature which has not been implemented.
19:24:31.407 [h264 @ 000001ae4224af40] If you want to help, upload a sample of this file to https://streams.videolan.org/upload/ and contact the ffmpeg-devel mailing list. (ffmpeg-devel@ffmpeg.org)
19:24:31.549 playback: playhead is 0 ms AHEAD of the picture (playhead 11400 ms, picture 11400 ms)
19:24:31.613 playback: playing true -> false at playhead 11433 ms [+1070 ms] from MonitorPanel.qml:1895 (onClicked)
19:24:31.613 monitor: playing -> false at 11433
19:24:31.614 playback: session.stop decoder running, picture at 11466 ms [+1 ms] from MonitorPanel.qml:1014 (onPlayingChanged) <- MonitorPanel.qml:1895 (onClicked)
19:24:36.092 playback: playing false -> true at playhead 11466 ms [+4478 ms] from MonitorPanel.qml:545 (startPlayback) <- MonitorPanel.qml:1897 (onClicked)
19:24:36.092 monitor: playing -> true at 11466
19:24:36.092 monitor: playback session at playhead 11466 clip clip_39bb1db31fe8
19:24:36.093 playback: session.start At 4yo He Was At Genius, At 14 He Joined The Magic Academy And Broke Every Record Registered..mp4 at source 11466 ms, kind video [+0 ms] from MonitorPanel.qml:664 (startProcessPlayback) <- MonitorPanel.qml:986 (onPlayingChanged) <- MonitorPanel.qml:545 (startPlayback) <- MonitorPanel.qml:1897 (onClicked)
19:24:36.408 [mov,mp4,m4a,3gp,3g2,mj2 @ 000001ae418f6e00] st: 1 edit list: 1 Missing key frame while searching for timestamp: 0
19:24:36.408 [mov,mp4,m4a,3gp,3g2,mj2 @ 000001ae418f6e00] st: 1 edit list 1 Cannot find an index entry before timestamp: 0.
19:24:36.516 [h264 @ 000001ae497d9080] Late SEI
19:24:36.516 [h264 @ 000001ae497d9080]  is not implemented. Update your FFmpeg version to the newest one from Git. If the problem still occurs, it means that your file has a feature which has not been implemented.
19:24:36.516 [h264 @ 000001ae497d9080] If you want to help, upload a sample of this file to https://streams.videolan.org/upload/ and contact the ffmpeg-devel mailing list. (ffmpeg-devel@ffmpeg.org)
19:24:36.626 preview playback: first frame after 532 ms, at source 11466 ms (requested 11466 ms)
19:24:36.626 playback: frame at source 11466 ms, advanced 0 ms of media in 5019 ms of wall clock
19:24:36.646 playback: playhead is 0 ms AHEAD of the picture (playhead 11466 ms, picture 11466 ms)
19:24:37.649 playback: playhead is 0 ms AHEAD of the picture (playhead 12466 ms, picture 12466 ms)
19:24:38.016 playback: playing true -> false at playhead 12833 ms [+1923 ms] from MonitorPanel.qml:1895 (onClicked)
19:24:38.016 monitor: playing -> false at 12833
19:24:38.017 playback: session.stop decoder running, picture at 12833 ms [+0 ms] from MonitorPanel.qml:1014 (onPlayingChanged) <- MonitorPanel.qml:1895 (onClicked)
19:24:40.202 playback: playing false -> true at playhead 12833 ms [+2185 ms] from MonitorPanel.qml:545 (startPlayback) <- MonitorPanel.qml:1897 (onClicked)
19:24:40.203 monitor: playing -> true at 12833
19:24:40.203 monitor: playback session at playhead 12833 clip clip_39bb1db31fe8
19:24:40.203 playback: session.start At 4yo He Was At Genius, At 14 He Joined The Magic Academy And Broke Every Record Registered..mp4 at source 12833 ms, kind video [+1 ms] from MonitorPanel.qml:664 (startProcessPlayback) <- MonitorPanel.qml:986 (onPlayingChanged) <- MonitorPanel.qml:545 (startPlayback) <- MonitorPanel.qml:1897 (onClicked)
19:24:40.456 [mov,mp4,m4a,3gp,3g2,mj2 @ 000001ae418f7b80] st: 1 edit list: 1 Missing key frame while searching for timestamp: 0
19:24:40.456 [mov,mp4,m4a,3gp,3g2,mj2 @ 000001ae418f7b80] st: 1 edit list 1 Cannot find an index entry before timestamp: 0.
19:24:40.552 [h264 @ 000001ae497d8940] Late SEI
19:24:40.552 [h264 @ 000001ae497d8940]  is not implemented. Update your FFmpeg version to the newest one from Git. If the problem still occurs, it means that your file has a feature which has not been implemented.
19:24:40.552 [h264 @ 000001ae497d8940] If you want to help, upload a sample of this file to https://streams.videolan.org/upload/ and contact the ffmpeg-devel mailing list. (ffmpeg-devel@ffmpeg.org)
19:24:40.718 preview playback: first frame after 512 ms, at source 12833 ms (requested 12833 ms)
19:24:40.718 playback: frame at source 12833 ms, advanced 0 ms of media in 2722 ms of wall clock
19:24:40.766 playback: playhead is 0 ms AHEAD of the picture (playhead 12866 ms, picture 12866 ms)
19:24:41.768 playback: playhead is 0 ms AHEAD of the picture (playhead 13866 ms, picture 13866 ms)
19:24:42.402 playback: playing true -> false at playhead 14466 ms [+2199 ms] from MonitorPanel.qml:1895 (onClicked)
19:24:42.403 monitor: playing -> false at 14466
19:24:42.403 playback: session.stop decoder running, picture at 14500 ms [+0 ms] from MonitorPanel.qml:1014 (onPlayingChanged) <- MonitorPanel.qml:1895 (onClicked)
19:24:44.169 playback: playing false -> true at playhead 14500 ms [+1766 ms] from MonitorPanel.qml:545 (startPlayback) <- MonitorPanel.qml:1897 (onClicked)
19:24:44.170 monitor: playing -> true at 14500
19:24:44.170 monitor: playback session at playhead 14500 clip clip_39bb1db31fe8
19:24:44.170 playback: session.start At 4yo He Was At Genius, At 14 He Joined The Magic Academy And Broke Every Record Registered..mp4 at source 14500 ms, kind video [+1 ms] from MonitorPanel.qml:664 (startProcessPlayback) <- MonitorPanel.qml:986 (onPlayingChanged) <- MonitorPanel.qml:545 (startPlayback) <- MonitorPanel.qml:1897 (onClicked)
19:24:44.440 [mov,mp4,m4a,3gp,3g2,mj2 @ 000001ae418f6e00] st: 1 edit list: 1 Missing key frame while searching for timestamp: 0
19:24:44.441 [mov,mp4,m4a,3gp,3g2,mj2 @ 000001ae418f6e00] st: 1 edit list 1 Cannot find an index entry before timestamp: 0.
19:24:44.537 [h264 @ 000001ae2e3336c0] Late SEI
19:24:44.537 [h264 @ 000001ae2e3336c0]  is not implemented. Update your FFmpeg version to the newest one from Git. If the problem still occurs, it means that your file has a feature which has not been implemented.
19:24:44.537 [h264 @ 000001ae2e3336c0] If you want to help, upload a sample of this file to https://streams.videolan.org/upload/ and contact the ffmpeg-devel mailing list. (ffmpeg-devel@ffmpeg.org)
19:24:44.788 playback: playhead.jump 14500 -> 15118 ms (+618) [+617 ms] from MonitorPanel.qml:956 (onTriggered)
19:24:44.811 preview playback: first frame after 638 ms, at source 14500 ms (requested 14500 ms)
19:24:44.812 playback: frame at source 14500 ms, advanced 0 ms of media in 2427 ms of wall clock
19:24:44.838 playback: playhead.jump 15118 -> 14500 ms (-618) [+50 ms] from MonitorPanel.qml:956 (onTriggered)
19:24:44.840 playback: playhead is 0 ms AHEAD of the picture (playhead 14500 ms, picture 14500 ms)
19:24:45.477 playback: playing true -> false at playhead 15100 ms [+638 ms] from MonitorPanel.qml:1895 (onClicked)
19:24:45.477 monitor: playing -> false at 15100
19:24:45.477 playback: session.stop decoder running, picture at 15133 ms [+0 ms] from MonitorPanel.qml:1014 (onPlayingChanged) <- MonitorPanel.qml:1895 (onClicked)
19:24:47.201 playback: playing false -> true at playhead 15133 ms [+1722 ms] from MonitorPanel.qml:545 (startPlayback) <- MonitorPanel.qml:1897 (onClicked)
19:24:47.201 monitor: playing -> true at 15133
19:24:47.201 monitor: playback session at playhead 15133 clip clip_39bb1db31fe8
19:24:47.202 playback: session.start At 4yo He Was At Genius, At 14 He Joined The Magic Academy And Broke Every Record Registered..mp4 at source 15133 ms, kind video [+1 ms] from MonitorPanel.qml:664 (startProcessPlayback) <- MonitorPanel.qml:986 (onPlayingChanged) <- MonitorPanel.qml:545 (startPlayback) <- MonitorPanel.qml:1897 (onClicked)
19:24:47.410 [mov,mp4,m4a,3gp,3g2,mj2 @ 000001ae418f7e00] st: 1 edit list: 1 Missing key frame while searching for timestamp: 0
19:24:47.410 [mov,mp4,m4a,3gp,3g2,mj2 @ 000001ae418f7e00] st: 1 edit list 1 Cannot find an index entry before timestamp: 0.
19:24:47.496 [h264 @ 000001ae497d8580] Late SEI
19:24:47.497 [h264 @ 000001ae497d8580]  is not implemented. Update your FFmpeg version to the newest one from Git. If the problem still occurs, it means that your file has a feature which has not been implemented.
19:24:47.497 [h264 @ 000001ae497d8580] If you want to help, upload a sample of this file to https://streams.videolan.org/upload/ and contact the ffmpeg-devel mailing list. (ffmpeg-devel@ffmpeg.org)
19:24:47.800 preview playback: first frame after 596 ms, at source 15133 ms (requested 15133 ms)
19:24:47.801 playback: frame at source 15133 ms, advanced 0 ms of media in 2355 ms of wall clock
19:24:47.807 playback: playhead is 0 ms AHEAD of the picture (playhead 15133 ms, picture 15133 ms)
19:24:48.557 playback: playing true -> false at playhead 15833 ms [+1355 ms] from MonitorPanel.qml:1895 (onClicked)
19:24:48.557 monitor: playing -> false at 15833
19:24:48.557 playback: session.stop decoder running, picture at 15866 ms [+0 ms] from MonitorPanel.qml:1014 (onPlayingChanged) <- MonitorPanel.qml:1895 (onClicked)
19:24:57.861 playback: session.stop decoder idle, picture at 15866 ms [+9303 ms] from MonitorPanel.qml:1087 (onDestruction)
19:25:15.667 QWaitCondition: Destroyed while threads are still waiting
